Apr  1 07:16:36 vps305 postfix/cleanup[11431]: A91C02A1CB3: message-id=<20140401051636.A91C02A1CB3@vps305.host223.example.com>
Apr  1 07:16:36 vps305 postfix/qmgr[1268]: A91C02A1CB3: from=<project-backup@host223.example.com>, size=24971, nrcpt=1 (queue active)
Apr  1 07:16:36 vps305 postfix/smtp[11436]: certificate verification failed for chbeemfm02.host60.example.com[10.0.0.55]:25: untrusted issuer /C=CH/ST=LU/L=Luzern/OU=IT Support/O=Emmi Schweiz AG/emailAddress=ic-hotline-luzern@host60.example.com/CN=EMMI ROOT CA V04
Apr  1 07:16:36 vps305 postfix/smtp[11436]: 8D0DF2A1CAD: to=<emmishop@host60.example.com>, relay=chbeemfm02.host60.example.com[10.0.0.55]:25, delay=0.42, delays=0.03/0/0.29/0.09, dsn=2.0.0, status=sent (250 2.0.0 s315GanK021899-s315GanM021899 Message accepted for delivery)
Apr  1 07:16:36 vps305 postfix/qmgr[1268]: 8D0DF2A1CAD: removed
Apr  1 07:16:37 vps305 postfix/smtp[11445]: A91C02A1CB3: to=<project-backup@host223.example.com>, relay=mailcleaner.host223.example.com[10.0.0.173]:25, delay=0.64, delays=0.01/0/0.03/0.6, dsn=2.0.0, status=sent (250 OK id=1WUr3s-00059m-Pp)
Apr  1 07:16:37 vps305 postfix/qmgr[1268]: A91C02A1CB3: removed
Apr  1 07:16:37 vps305 postfix/smtp[11439]: 908FB2A1CA9: to=<project-backup@host223.example.com>, relay=mailcleaner.host223.example.com[10.0.0.173]:25, delay=1, delays=0.01/0/0.03/0.97, dsn=2.0.0, status=sent (250 OK id=1WUr3s-00059l-Mb)
Apr  1 07:16:37 vps305 postfix/qmgr[1268]: 908FB2A1CA9: removed
Apr  1 07:16:38 vps305 postfix/smtp[11443]: certificate verification failed for mailgw2.host141.example.com[10.0.0.59]:25: untrusted issuer /C=US/ST=California/L=San Bruno/O=IronPort Systems, Inc./CN=IronPort Appliance Demo Certificate
Apr  1 07:16:38 vps305 postfix/smtp[11443]: A67372A1CB2: to=<vitantonio.calo@host141.example.com>, relay=mailgw2.host141.example.com[10.0.0.59]:25, delay=1.6, delays=0.01/0/1.4/0.16, dsn=2.0.0, status=sent (250 ok:  Message 13856712 accepted)
Apr  1 07:16:38 vps305 postfix/qmgr[1268]: A67372A1CB2: removed
Apr  1 07:16:46 vps305 postfix/pickup[10559]: D4B7D2A1CAD: uid=30 from=<project-backup@host223.example.com>
Apr  1 07:16:46 vps305 postfix/cleanup[11431]: D4B7D2A1CAD: message-id=<20140401051646.D4B7D2A1CAD@vps305.host223.example.com>
Apr  1 07:16:46 vps305 postfix/qmgr[1268]: D4B7D2A1CAD: from=<project-backup@host223.example.com>, size=13482, nrcpt=1 (queue active)
Apr  1 07:16:46 vps305 postfix/pickup[10559]: D6E152A1CB1: uid=30 from=<project-backup@host223.example.com>
Apr  1 07:16:46 vps305 postfix/cleanup[11431]: D6E152A1CB1: message-id=<20140401051646.D6E152A1CB1@vps305.host223.example.com>
Apr  1 07:16:46 vps305 postfix/qmgr[1268]: D6E152A1CB1: from=<project-backup@host223.example.com>, size=13466, nrcpt=1 (queue active)
Apr  1 07:16:47 vps305 postfix/smtp[11436]: connect to gmail-smtp-in.l.domain13.example.org[2a00:1450:4013:c01::1a]:25: Cannot assign requested address
Apr  1 07:16:47 vps305 postfix/smtp[11436]: certificate verification failed for gmail-smtp-in.l.domain13.example.org[10.0.0.203]:25: untrusted issuer /C=US/O=Equifax/OU=Equifax Secure Certificate Authority
Apr  1 07:16:47 vps305 postfix/smtp[11445]: D6E152A1CB1: to=<project-backup@host223.example.com>, relay=mailcleaner.host223.example.com[10.0.0.173]:25, delay=0.37, delays=0.01/0/0.03/0.34, dsn=2.0.0, status=sent (250 OK id=1WUr42-0005AT-Vk)
Apr  1 07:16:47 vps305 postfix/qmgr[1268]: D6E152A1CB1: removed
Apr  1 07:16:47 vps305 postfix/smtp[11436]: D4B7D2A1CAD: to=<milliways.cafe@domain10.example.org>, relay=gmail-smtp-in.l.domain13.example.org[10.0.0.203]:25, delay=0.93, delays=0.01/0/0.28/0.64, dsn=2.0.0, status=sent (250 2.0.0 OK 1396329407 g47si26151408eet.144 - gsmtp)
Apr  1 07:16:47 vps305 postfix/qmgr[1268]: D4B7D2A1CAD: removed
Apr  1 07:18:24 vps305 postfix/pickup[10559]: 707392A1CAD: uid=30 from=<project-backup@host223.example.com>
Apr  1 07:18:24 vps305 postfix/cleanup[11431]: 707392A1CAD: message-id=<20140401051824.707392A1CAD@vps305.host223.example.com>
Apr  1 07:18:24 vps305 postfix/qmgr[1268]: 707392A1CAD: from=<project-backup@host223.example.com>, size=39404, nrcpt=2 (queue active)
Apr  1 07:18:24 vps305 postfix/pickup[10559]: 8B14C2A1C73: uid=30 from=<project-backup@host223.example.com>
Apr  1 07:18:24 vps305 postfix/cleanup[11431]: 8B14C2A1C73: message-id=<20140401051824.8B14C2A1C73@vps305.host223.example.com>
Apr  1 07:18:24 vps305 postfix/qmgr[1268]: 8B14C2A1C73: from=<project-backup@host223.example.com>, size=39372, nrcpt=1 (queue active)
Apr  1 07:18:24 vps305 postfix/pickup[10559]: 8E9AB2A1CB2: uid=30 from=<project-backup@host223.example.com>
Apr  1 07:18:24 vps305 postfix/cleanup[11431]: 8E9AB2A1CB2: message-id=<20140401051824.8E9AB2A1CB2@vps305.host223.example.com>
Apr  1 07:18:24 vps305 postfix/qmgr[1268]: 8E9AB2A1CB2: from=<project-backup@host223.example.com>, size=38290, nrcpt=1 (queue active)
Apr  1 07:18:24 vps305 postfix/pickup[10559]: 9149E2A1CB3: uid=30 from=<project-backup@host223.example.com>
Apr  1 07:18:24 vps305 postfix/cleanup[11431]: 9149E2A1CB3: message-id=<20140401051824.9149E2A1CB3@vps305.host223.example.com>
Apr  1 07:18:24 vps305 postfix/qmgr[1268]: 9149E2A1CB3: from=<project-backup@host223.example.com>, size=38276, nrcpt=1 (queue active)
Apr  1 07:18:24 vps305 postfix/smtp[11565]: certificate verification failed for mail.host7.example.com[10.0.0.46]:25: untrusted issuer /C=US/O=The Go Daddy Group, Inc./OU=Go Daddy Class 2 Certification Authority
Apr  1 07:18:25 vps305 postfix/smtp[11436]: certificate verification failed for smtp2.host109.example.com[10.0.0.114]:25: untrusted issuer /C=US/ST=Arizona/L=Scottsdale/O=Starfield Technologies, Inc./CN=Starfield Root Certificate Authority - G2
Apr  1 07:18:25 vps305 postfix/smtp[11565]: 8E9AB2A1CB2: to=<fribourg@host7.example.com>, relay=mail.host7.example.com[10.0.0.46]:25, delay=1.1, delays=0.01/0/0.24/0.9, dsn=2.6.0, status=sent (250 2.6.0 <20140401051824.8E9AB2A1CB2@vps305.host223.example.com> [InternalId=59461] Queued mail for delivery)
Apr  1 07:18:25 vps305 postfix/qmgr[1268]: 8E9AB2A1CB2: removed
Apr  1 07:18:25 vps305 postfix/smtp[11567]: 9149E2A1CB3: to=<project-backup@host223.example.com>, relay=mailcleaner.host223.example.com[10.0.0.173]:25, delay=1.2, delays=0.04/0/0.03/1.2, dsn=2.0.0, status=sent (250 OK id=1WUr5c-0005Bg-Os)
Apr  1 07:18:25 vps305 postfix/qmgr[1268]: 9149E2A1CB3: removed
Apr  1 07:18:25 vps305 postfix/smtp[11436]: 707392A1CAD: to=<christophe.roduit@host170.example.com>, relay=smtp2.host109.example.com[10.0.0.114]:25, delay=3.8, delays=2.4/0/0.99/0.41, dsn=2.0.0, status=sent (250 253869888 message accepted for delivery)
Apr  1 07:18:25 vps305 postfix/smtp[11436]: 707392A1CAD: to=<pablo.suarez@host170.example.com>, relay=smtp2.host109.example.com[10.0.0.114]:25, delay=3.8, delays=2.4/0/0.99/0.41, dsn=2.0.0, status=sent (250 253869888 message accepted for delivery)
Apr  1 07:18:25 vps305 postfix/qmgr[1268]: 707392A1CAD: removed
Apr  1 07:18:25 vps305 postfix/smtp[11445]: 8B14C2A1C73: to=<project-backup@host223.example.com>, relay=mailcleaner.host223.example.com[10.0.0.173]:25, delay=1.5, delays=0.11/0/0.03/1.4, dsn=2.0.0, status=sent (250 OK id=1WUr5c-0005Bf-Os)
Apr  1 07:18:25 vps305 postfix/qmgr[1268]: 8B14C2A1C73: removed
Apr  1 07:19:19 vps305 postfix/pickup[10559]: 45DED2A1CAD: uid=30 from=<project-backup@host223.example.com>
Apr  1 07:19:19 vps305 postfix/cleanup[11431]: 45DED2A1CAD: message-id=<20140401051919.45DED2A1CAD@vps305.host223.example.com>
Apr  1 07:19:19 vps305 postfix/qmgr[1268]: 45DED2A1CAD: from=<project-backup@host223.example.com>, size=110941, nrcpt=1 (queue active)
Apr  1 07:19:19 vps305 postfix/pickup[10559]: 481E22A1CB1: uid=30 from=<project-backup@host223.example.com>
Apr  1 07:19:19 vps305 postfix/cleanup[11431]: 481E22A1CB1: message-id=<20140401051919.481E22A1CB1@vps305.host223.example.com>
Apr  1 07:19:19 vps305 postfix/qmgr[1268]: 481E22A1CB1: from=<project-backup@host223.example.com>, size=110948, nrcpt=1 (queue active)
Apr  1 07:19:19 vps305 postfix/pickup[10559]: 4B5C92A1CB2: uid=30 from=<project-backup@host223.example.com>
Apr  1 07:19:19 vps305 postfix/cleanup[11431]: 4B5C92A1CB2: message-id=<20140401051919.4B5C92A1CB2@vps305.host223.example.com>
Apr  1 07:19:19 vps305 postfix/qmgr[1268]: 4B5C92A1CB2: from=<project-backup@host223.example.com>, size=113564, nrcpt=1 (queue active)
Apr  1 07:19:19 vps305 postfix/pickup[10559]: 4D98F652085: uid=30 from=<project-backup@host223.example.com>
Apr  1 07:19:19 vps305 postfix/cleanup[11431]: 4D98F652085: message-id=<20140401051919.4D98F652085@vps305.host223.example.com>
Apr  1 07:19:19 vps305 postfix/qmgr[1268]: 4D98F652085: from=<project-backup@host223.example.com>, size=113550, nrcpt=1 (queue active)
Apr  1 07:19:19 vps305 postfix/smtp[11445]: certificate verification failed for mail.host7.example.com[10.0.0.46]:25: untrusted issuer /C=US/O=The Go Daddy Group, Inc./OU=Go Daddy Class 2 Certification Authority
Apr  1 07:19:19 vps305 postfix/smtp[11565]: certificate verification failed for chbeemfm02.host60.example.com[10.0.0.55]:25: untrusted issuer /C=CH/ST=LU/L=Luzern/OU=IT Support/O=Emmi Schweiz AG/emailAddress=ic-hotline-luzern@host60.example.com/CN=EMMI ROOT CA V04
Apr  1 07:19:19 vps305 postfix/smtp[11436]: 4D98F652085: to=<project-backup@host223.example.com>, relay=mailcleaner.host223.example.com[10.0.0.173]:25, delay=0.68, delays=0.01/0/0.03/0.64, dsn=2.0.0, status=sent (250 OK id=1WUr6V-0005Ca-Dt)
Apr  1 07:19:19 vps305 postfix/qmgr[1268]: 4D98F652085: removed
Apr  1 07:19:20 vps305 postfix/smtp[11565]: 45DED2A1CAD: to=<emmishop@host60.example.com>, relay=chbeemfm02.host60.example.com[10.0.0.55]:25, delay=0.83, delays=0.01/0/0.51/0.31, dsn=2.0.0, status=sent (250 2.0.0 s315JJYD021972-s315JJYF021972 Message accepted for delivery)
Apr  1 07:19:20 vps305 postfix/qmgr[1268]: 45DED2A1CAD: removed
Apr  1 07:19:20 vps305 postfix/smtp[11567]: 481E22A1CB1: to=<project-backup@host223.example.com>, relay=mailcleaner.host223.example.com[10.0.0.173]:25, delay=1.1, delays=0.01/0/0.03/1, dsn=2.0.0, status=sent (250 OK id=1WUr6V-0005CZ-DA)
Apr  1 07:19:20 vps305 postfix/qmgr[1268]: 481E22A1CB1: removed
Apr  1 07:19:20 vps305 postfix/smtp[11445]: 4B5C92A1CB2: to=<worblaufen@host7.example.com>, relay=mail.host7.example.com[10.0.0.46]:25, delay=1.4, delays=0.01/0/0.3/1.1, dsn=2.6.0, status=sent (250 2.6.0 <20140401051919.4B5C92A1CB2@vps305.host223.example.com> [InternalId=59462] Queued mail for delivery)
Apr  1 07:19:20 vps305 postfix/qmgr[1268]: 4B5C92A1CB2: removed
Apr  1 07:20:02 vps305 postfix/pickup[10559]: 298372A1CAD: uid=30 from=<project-backup@host223.example.com>
Apr  1 07:20:02 vps305 postfix/cleanup[11431]: 298372A1CAD: message-id=<20140401052002.298372A1CAD@vps305.host223.example.com>
Apr  1 07:20:02 vps305 postfix/qmgr[1268]: 298372A1CAD: from=<project-backup@host223.example.com>, size=15075, nrcpt=1 (queue active)
Apr  1 07:20:02 vps305 postfix/pickup[10559]: 2B6B12A1CB1: uid=30 from=<project-backup@host223.example.com>
Apr  1 07:20:02 vps305 postfix/cleanup[11431]: 2B6B12A1CB1: message-id=<20140401052002.2B6B12A1CB1@vps305.host223.example.com>
Apr  1 07:20:02 vps305 postfix/qmgr[1268]: 2B6B12A1CB1: from=<project-backup@host223.example.com>, size=15059, nrcpt=1 (queue active)
Apr  1 07:20:02 vps305 postfix/pickup[10559]: 2DA7A2A1CB2: uid=30 from=<project-backup@host223.example.com>
Apr  1 07:20:02 vps305 postfix/cleanup[11431]: 2DA7A2A1CB2: message-id=<20140401052002.2DA7A2A1CB2@vps305.host223.example.com>
Apr  1 07:20:02 vps305 postfix/qmgr[1268]: 2DA7A2A1CB2: from=<project-backup@host223.example.com>, size=12085, nrcpt=1 (queue active)
Apr  1 07:20:02 vps305 postfix/pickup[10559]: 2EF1F2A1CA9: uid=30 from=<project-backup@host223.example.com>
Apr  1 07:20:02 vps305 postfix/cleanup[11431]: 2EF1F2A1CA9: message-id=<20140401052002.2EF1F2A1CA9@vps305.host223.example.com>
Apr  1 07:20:02 vps305 postfix/qmgr[1268]: 2EF1F2A1CA9: from=<project-backup@host223.example.com>, size=12071, nrcpt=1 (queue active)
Apr  1 07:20:02 vps305 postfix/smtp[11445]: connect to gmail-smtp-in.l.domain13.example.org[2a00:1450:4013:c01::1a]:25: Cannot assign requested address
Apr  1 07:20:02 vps305 postfix/smtp[11436]: 298372A1CAD: enabling PIX workarounds: disable_esmtp delay_dotcrlf for mailsrv1.metzgerei-host9.example.com[10.0.0.207]:25
Apr  1 07:20:02 vps305 postfix/smtp[11445]: certificate verification failed for gmail-smtp-in.l.domain13.example.org[10.0.0.203]:25: untrusted issuer /C=US/O=Equifax/OU=Equifax Secure Certificate Authority
Apr  1 07:20:02 vps305 postfix/smtp[11445]: 2DA7A2A1CB2: to=<milliways.cafe@domain10.example.org>, relay=gmail-smtp-in.l.domain13.example.org[10.0.0.203]:25, delay=0.7, delays=0.01/0/0.13/0.55, dsn=2.0.0, status=sent (250 2.0.0 OK 1396329602 x44si26111933eep.330 - gsmtp)
Apr  1 07:20:02 vps305 postfix/qmgr[1268]: 2DA7A2A1CB2: removed
Apr  1 07:20:03 vps305 postfix/smtp[11436]: 298372A1CAD: to=<projectbestellungen@metzgerei-host9.example.com>, relay=mailsrv1.metzgerei-host9.example.com[10.0.0.207]:25, delay=0.91, delays=0.02/0/0.09/0.8, dsn=2.6.0, status=sent (250 2.6.0 <20140401052002.298372A1CAD@vps305.host223.example.com> [InternalId=132888] Queued mail for delivery)
Apr  1 07:20:03 vps305 postfix/qmgr[1268]: 298372A1CAD: removed
Apr  1 07:20:03 vps305 postfix/smtp[11567]: 2EF1F2A1CA9: to=<project-backup@host223.example.com>, relay=mailcleaner.host223.example.com[10.0.0.173]:25, delay=1.2, delays=0.01/0/0.03/1.2, dsn=2.0.0, status=sent (250 OK id=1WUr7C-0005EA-A6)
Apr  1 07:20:03 vps305 postfix/qmgr[1268]: 2EF1F2A1CA9: removed
Apr  1 07:20:03 vps305 postfix/smtp[11565]: 2B6B12A1CB1: to=<project-backup@host223.example.com>, relay=mailcleaner.host223.example.com[10.0.0.173]:25, delay=1.3, delays=0.01/0/0.04/1.3, dsn=2.0.0, status=sent (250 OK id=1WUr7C-0005E9-9e)
Apr  1 07:20:03 vps305 postfix/qmgr[1268]: 2B6B12A1CB1: removed
Apr  1 07:22:01 vps305 postfix/pickup[10559]: A6BC52A1CB1: uid=30 from=<project-backup@host223.example.com>
Apr  1 07:22:01 vps305 postfix/cleanup[12578]: A6BC52A1CB1: message-id=<20140401052201.A6BC52A1CB1@vps305.host223.example.com>
Apr  1 07:22:01 vps305 postfix/qmgr[1268]: A6BC52A1CB1: from=<project-backup@host223.example.com>, size=113998, nrcpt=1 (queue active)
Apr  1 07:22:01 vps305 postfix/pickup[10559]: A87C72A1CA9: uid=30 from=<project-backup@host223.example.com>
Apr  1 07:22:01 vps305 postfix/cleanup[12578]: A87C72A1CA9: message-id=<20140401052201.A87C72A1CA9@vps305.host223.example.com>
Apr  1 07:22:01 vps305 postfix/qmgr[1268]: A87C72A1CA9: from=<project-backup@host223.example.com>, size=25172, nrcpt=1 (queue active)
Apr  1 07:22:01 vps305 postfix/pickup[10559]: AC9C22A1CAD: uid=30 from=<project-backup@host223.example.com>
Apr  1 07:22:01 vps305 postfix/cleanup[12578]: AC9C22A1CAD: message-id=<20140401052201.AC9C22A1CAD@vps305.host223.example.com>
Apr  1 07:22:01 vps305 postfix/qmgr[1268]: AC9C22A1CAD: from=<project-backup@host223.example.com>, size=25179, nrcpt=1 (queue active)
Apr  1 07:22:01 vps305 postfix/pickup[10559]: AD78F2A1CB3: uid=30 from=<project-backup@host223.example.com>
Apr  1 07:22:01 vps305 postfix/cleanup[12578]: AD78F2A1CB3: message-id=<20140401052201.AD78F2A1CB3@vps305.host223.example.com>
Apr  1 07:22:01 vps305 postfix/qmgr[1268]: AD78F2A1CB3: from=<project-backup@host223.example.com>, size=114005, nrcpt=1 (queue active)
Apr  1 07:22:01 vps305 postfix/smtp[12587]: certificate verification failed for mail.host7.example.com[10.0.0.46]:25: untrusted issuer /C=US/O=The Go Daddy Group, Inc./OU=Go Daddy Class 2 Certification Authority
Apr  1 07:22:01 vps305 postfix/smtp[12591]: certificate verification failed for mailgw2.host141.example.com[10.0.0.59]:25: untrusted issuer /C=US/ST=California/L=San Bruno/O=IronPort Systems, Inc./CN=IronPort Appliance Demo Certificate
Apr  1 07:22:02 vps305 postfix/smtp[12591]: A87C72A1CA9: to=<vitantonio.calo@host141.example.com>, relay=mailgw2.host141.example.com[10.0.0.59]:25, delay=0.39, delays=0.05/0/0.21/0.13, dsn=2.0.0, status=sent (250 ok:  Message 13856740 accepted)
Apr  1 07:22:02 vps305 postfix/qmgr[1268]: A87C72A1CA9: removed
Apr  1 07:22:02 vps305 postfix/smtp[12595]: AD78F2A1CB3: to=<project-backup@host223.example.com>, relay=mailcleaner.host223.example.com[10.0.0.173]:25, delay=0.96, delays=0.03/0/0.03/0.89, dsn=2.0.0, status=sent (250 OK id=1WUr97-0005Gw-Qp)
Apr  1 07:22:02 vps305 postfix/qmgr[1268]: AD78F2A1CB3: removed
Apr  1 07:22:02 vps305 postfix/smtp[12593]: AC9C22A1CAD: to=<project-backup@host223.example.com>, relay=mailcleaner.host223.example.com[10.0.0.173]:25, delay=1.1, delays=0.02/0/0.03/1.1, dsn=2.0.0, status=sent (250 OK id=1WUr97-0005Gv-Qg)
Apr  1 07:22:02 vps305 postfix/qmgr[1268]: AC9C22A1CAD: removed
Apr  1 07:22:03 vps305 postfix/smtp[12587]: A6BC52A1CB1: to=<worblaufen@host7.example.com>, relay=mail.host7.example.com[10.0.0.46]:25, delay=2, delays=0.04/0/0.24/1.8, dsn=2.6.0, status=sent (250 2.6.0 <20140401052201.A6BC52A1CB1@vps305.host223.example.com> [InternalId=59464] Queued mail for delivery)
Apr  1 07:22:03 vps305 postfix/qmgr[1268]: A6BC52A1CB1: removed
Apr  1 07:22:36 vps305 postfix/pickup[10559]: 9AECF2A1CAD: uid=30 from=<project-backup@host223.example.com>
Apr  1 07:22:36 vps305 postfix/cleanup[12578]: 9AECF2A1CAD: message-id=<20140401052236.9AECF2A1CAD@vps305.host223.example.com>
Apr  1 07:22:36 vps305 postfix/qmgr[1268]: 9AECF2A1CAD: from=<project-backup@host223.example.com>, size=16987, nrcpt=2 (queue active)
Apr  1 07:22:36 vps305 postfix/pickup[10559]: 9D0D12A1CB1: uid=30 from=<project-backup@host223.example.com>
Apr  1 07:22:36 vps305 postfix/cleanup[12578]: 9D0D12A1CB1: message-id=<20140401052236.9D0D12A1CB1@vps305.host223.example.com>
Apr  1 07:22:36 vps305 postfix/qmgr[1268]: 9D0D12A1CB1: from=<project-backup@host223.example.com>, size=16955, nrcpt=1 (queue active)
Apr  1 07:22:36 vps305 postfix/pickup[10559]: 9F5A72A1CB2: uid=30 from=<project-backup@host223.example.com>
Apr  1 07:22:36 vps305 postfix/cleanup[12578]: 9F5A72A1CB2: message-id=<20140401052236.9F5A72A1CB2@vps305.host223.example.com>
Apr  1 07:22:36 vps305 postfix/qmgr[1268]: 9F5A72A1CB2: from=<project-backup@host223.example.com>, size=14691, nrcpt=1 (queue active)
Apr  1 07:22:36 vps305 postfix/pickup[10559]: A3AEF2A1C73: uid=30 from=<project-backup@host223.example.com>
Apr  1 07:22:36 vps305 postfix/cleanup[12578]: A3AEF2A1C73: message-id=<20140401052236.A3AEF2A1C73@vps305.host223.example.com>
Apr  1 07:22:36 vps305 postfix/qmgr[1268]: A3AEF2A1C73: from=<project-backup@host223.example.com>, size=14677, nrcpt=1 (queue active)
Apr  1 07:22:36 vps305 postfix/smtp[12587]: certificate verification failed for mail.host7.example.com[10.0.0.46]:25: untrusted issuer /C=US/O=The Go Daddy Group, Inc./OU=Go Daddy Class 2 Certification Authority
Apr  1 07:22:36 vps305 postfix/smtp[12591]: certificate verification failed for smtp2.host109.example.com[10.0.0.114]:25: untrusted issuer /C=US/ST=Arizona/L=Scottsdale/O=Starfield Technologies, Inc./CN=Starfield Root Certificate Authority - G2
Apr  1 07:22:37 vps305 postfix/smtp[12591]: 9AECF2A1CAD: to=<christophe.roduit@host170.example.com>, relay=smtp2.host109.example.com[10.0.0.114]:25, delay=0.87, delays=0.08/0/0.43/0.36, dsn=2.0.0, status=sent (250 253869971 message accepted for delivery)
Apr  1 07:22:37 vps305 postfix/smtp[12591]: 9AECF2A1CAD: to=<pablo.suarez@host170.example.com>, relay=smtp2.host109.example.com[10.0.0.114]:25, delay=0.87, delays=0.08/0/0.43/0.36, dsn=2.0.0, status=sent (250 253869971 message accepted for delivery)
Apr  1 07:22:37 vps305 postfix/qmgr[1268]: 9AECF2A1CAD: removed
Apr  1 07:22:37 vps305 postfix/smtp[12587]: 9F5A72A1CB2: to=<lausanne@host7.example.com>, relay=mail.host7.example.com[10.0.0.46]:25, delay=0.94, delays=0.02/0/0.24/0.68, dsn=2.6.0, status=sent (250 2.6.0 <20140401052236.9F5A72A1CB2@vps305.host223.example.com> [InternalId=59465] Queued mail for delivery)
Apr  1 07:22:37 vps305 postfix/qmgr[1268]: 9F5A72A1CB2: removed
Apr  1 07:22:37 vps305 postfix/smtp[12595]: 9D0D12A1CB1: to=<project-backup@host223.example.com>, relay=mailcleaner.host223.example.com[10.0.0.173]:25, delay=1, delays=0.01/0/0.03/0.97, dsn=2.0.0, status=sent (250 OK id=1WUr9g-0005Hl-OR)
Apr  1 07:22:37 vps305 postfix/qmgr[1268]: 9D0D12A1CB1: removed
Apr  1 07:22:38 vps305 postfix/smtp[12593]: A3AEF2A1C73: to=<project-backup@host223.example.com>, relay=mailcleaner.host223.example.com[10.0.0.173]:25, delay=1.4, delays=0.02/0/0.03/1.4, dsn=2.0.0, status=sent (250 OK id=1WUr9g-0005Hm-PJ)
Apr  1 07:22:38 vps305 postfix/qmgr[1268]: A3AEF2A1C73: removed
Apr  1 07:23:18 vps305 postfix/pickup[10559]: 009F12A1CAD: uid=30 from=<project-backup@host223.example.com>
Apr  1 07:23:18 vps305 postfix/cleanup[12578]: 009F12A1CAD: message-id=<20140401052318.009F12A1CAD@vps305.host223.example.com>
Apr  1 07:23:18 vps305 postfix/qmgr[1268]: 009F12A1CAD: from=<project-backup@host223.example.com>, size=72052, nrcpt=1 (queue active)
Apr  1 07:23:18 vps305 postfix/pickup[10559]: 0531F2A1C73: uid=30 from=<project-backup@host223.example.com>
Apr  1 07:23:18 vps305 postfix/cleanup[12578]: 0531F2A1C73: message-id=<20140401052318.0531F2A1C73@vps305.host223.example.com>
Apr  1 07:23:18 vps305 postfix/qmgr[1268]: 0531F2A1C73: from=<project-backup@host223.example.com>, size=72059, nrcpt=1 (queue active)
Apr  1 07:23:18 vps305 postfix/pickup[10559]: 08BDB2A1CB2: uid=30 from=<project-backup@host223.example.com>
Apr  1 07:23:18 vps305 postfix/cleanup[12578]: 08BDB2A1CB2: message-id=<20140401052318.08BDB2A1CB2@vps305.host223.example.com>
Apr  1 07:23:18 vps305 postfix/qmgr[1268]: 08BDB2A1CB2: from=<project-backup@host223.example.com>, size=14299, nrcpt=1 (queue active)
Apr  1 07:23:18 vps305 postfix/pickup[10559]: 0A7F72A1CB3: uid=30 from=<project-backup@host223.example.com>
Apr  1 07:23:18 vps305 postfix/cleanup[12578]: 0A7F72A1CB3: message-id=<20140401052318.0A7F72A1CB3@vps305.host223.example.com>
Apr  1 07:23:18 vps305 postfix/qmgr[1268]: 0A7F72A1CB3: from=<project-backup@host223.example.com>, size=14306, nrcpt=1 (queue active)
Apr  1 07:23:18 vps305 postfix/pickup[10559]: 0D6412A1CB4: uid=30 from=<project-backup@host223.example.com>
Apr  1 07:23:18 vps305 postfix/cleanup[12578]: 0D6412A1CB4: message-id=<20140401052318.0D6412A1CB4@vps305.host223.example.com>
Apr  1 07:23:18 vps305 postfix/qmgr[1268]: 0D6412A1CB4: from=<project-backup@host223.example.com>, size=80421, nrcpt=1 (queue active)
Apr  1 07:23:18 vps305 postfix/pickup[10559]: 0F7142A1CB5: uid=30 from=<project-backup@host223.example.com>
Apr  1 07:23:18 vps305 postfix/cleanup[12578]: 0F7142A1CB5: message-id=<20140401052318.0F7142A1CB5@vps305.host223.example.com>
Apr  1 07:23:18 vps305 postfix/qmgr[1268]: 0F7142A1CB5: from=<project-backup@host223.example.com>, size=80407, nrcpt=1 (queue active)
Apr  1 07:23:18 vps305 postfix/smtp[12593]: certificate verification failed for chbeemfm02.host60.example.com[10.0.0.55]:25: untrusted issuer /C=CH/ST=LU/L=Luzern/OU=IT Support/O=Emmi Schweiz AG/emailAddress=ic-hotline-luzern@host60.example.com/CN=EMMI ROOT CA V04
Apr  1 07:23:18 vps305 postfix/smtp[12591]: certificate verification failed for chbeemfm01.host60.example.com[10.0.0.54]:25: untrusted issuer /C=CH/ST=LU/L=Luzern/OU=IT Support/O=Emmi Schweiz AG/emailAddress=ic-hotline-luzern@host60.example.com/CN=EMMI ROOT CA V04
Apr  1 07:23:18 vps305 postfix/smtp[19862]: certificate verification failed for mail.host7.example.com[10.0.0.46]:25: untrusted issuer /C=US/O=The Go Daddy Group, Inc./OU=Go Daddy Class 2 Certification Authority
Apr  1 07:23:18 vps305 postfix/smtp[12593]: 08BDB2A1CB2: to=<emmishop@host60.example.com>, relay=chbeemfm02.host60.example.com[10.0.0.55]:25, delay=0.3, delays=0/0/0.23/0.07, dsn=2.0.0, status=sent (250 2.0.0 s315NIEA022016-s315NIEC022016 Message accepted for delivery)
Apr  1 07:23:18 vps305 postfix/qmgr[1268]: 08BDB2A1CB2: removed
Apr  1 07:23:18 vps305 postfix/smtp[12591]: 009F12A1CAD: to=<emmishop@host60.example.com>, relay=chbeemfm01.host60.example.com[10.0.0.54]:25, delay=0.39, delays=0.03/0/0.24/0.12, dsn=2.0.0, status=sent (250 2.0.0 s315NI4c027676-s315NI4e027676 Message accepted for delivery)
Apr  1 07:23:18 vps305 postfix/qmgr[1268]: 009F12A1CAD: removed
Apr  1 07:23:18 vps305 postfix/smtp[12587]: 0531F2A1C73: to=<project-backup@host223.example.com>, relay=mailcleaner.host223.example.com[10.0.0.173]:25, delay=0.89, delays=0.02/0/0.03/0.84, dsn=2.0.0, status=sent (250 OK id=1WUrAM-0005IX-4b)
Apr  1 07:23:18 vps305 postfix/qmgr[1268]: 0531F2A1C73: removed
Apr  1 07:23:19 vps305 postfix/smtp[19864]: 0F7142A1CB5: to=<project-backup@host223.example.com>, relay=mailcleaner.host223.example.com[10.0.0.173]:25, delay=1.1, delays=0.01/0/0.03/1, dsn=2.0.0, status=sent (250 OK id=1WUrAM-0005IZ-5t)
Apr  1 07:23:19 vps305 postfix/qmgr[1268]: 0F7142A1CB5: removed
Apr  1 07:23:19 vps305 postfix/smtp[12595]: 0A7F72A1CB3: to=<project-backup@host223.example.com>, relay=mailcleaner.host223.example.com[10.0.0.173]:25, delay=1.2, delays=0/0/0.03/1.1, dsn=2.0.0, status=sent (250 OK id=1WUrAM-0005IY-56)
Apr  1 07:23:19 vps305 postfix/qmgr[1268]: 0A7F72A1CB3: removed
Apr  1 07:23:19 vps305 postfix/smtp[19862]: 0D6412A1CB4: to=<sargans@host7.example.com>, relay=mail.host7.example.com[10.0.0.46]:25, delay=1.4, delays=0.01/0/0.3/1.1, dsn=2.6.0, status=sent (250 2.6.0 <20140401052318.0D6412A1CB4@vps305.host223.example.com> [InternalId=59466] Queued mail for delivery)
Apr  1 07:23:19 vps305 postfix/qmgr[1268]: 0D6412A1CB4: removed
Apr  1 07:24:10 vps305 postfix/pickup[10559]: 103282A1CAD: uid=30 from=<project-backup@host223.example.com>
Apr  1 07:24:10 vps305 postfix/cleanup[12578]: 103282A1CAD: message-id=<20140401052410.103282A1CAD@vps305.host223.example.com>
Apr  1 07:24:10 vps305 postfix/qmgr[1268]: 103282A1CAD: from=<project-backup@host223.example.com>, size=20242, nrcpt=1 (queue active)
Apr  1 07:24:10 vps305 postfix/pickup[10559]: 121002A1CB1: uid=30 from=<project-backup@host223.example.com>
Apr  1 07:24:10 vps305 postfix/cleanup[12578]: 121002A1CB1: message-id=<20140401052410.121002A1CB1@vps305.host223.example.com>
Apr  1 07:24:10 vps305 postfix/qmgr[1268]: 121002A1CB1: from=<project-backup@host223.example.com>, size=20241, nrcpt=1 (queue active)
Apr  1 07:24:10 vps305 postfix/pickup[10559]: 157632A1CB2: uid=30 from=<project-backup@host223.example.com>
Apr  1 07:24:10 vps305 postfix/cleanup[12578]: 157632A1CB2: message-id=<20140401052410.157632A1CB2@vps305.host223.example.com>
Apr  1 07:24:10 vps305 postfix/qmgr[1268]: 157632A1CB2: from=<project-backup@host223.example.com>, size=18143, nrcpt=1 (queue active)
Apr  1 07:24:10 vps305 postfix/pickup[10559]: 196342A1C73: uid=30 from=<project-backup@host223.example.com>
Apr  1 07:24:10 vps305 postfix/cleanup[12578]: 196342A1C73: message-id=<20140401052410.196342A1C73@vps305.host223.example.com>
Apr  1 07:24:10 vps305 postfix/qmgr[1268]: 196342A1C73: from=<project-backup@host223.example.com>, size=18129, nrcpt=1 (queue active)
Apr  1 07:24:10 vps305 postfix/smtp[12587]: certificate verification failed for mail.host7.example.com[10.0.0.46]:25: untrusted issuer /C=US/O=The Go Daddy Group, Inc./OU=Go Daddy Class 2 Certification Authority
Apr  1 07:24:10 vps305 postfix/smtp[12593]: certificate verification failed for mail01.host160.example.com[10.0.0.60]:25: self-signed certificate
Apr  1 07:24:10 vps305 postfix/smtp[12591]: 121002A1CB1: to=<project-backup@host223.example.com>, relay=mailcleaner.host223.example.com[10.0.0.173]:25, delay=0.63, delays=0.01/0/0.03/0.59, dsn=2.0.0, status=sent (250 OK id=1WUrBC-0005Jg-9P)
Apr  1 07:24:10 vps305 postfix/qmgr[1268]: 121002A1CB1: removed
Apr  1 07:24:10 vps305 postfix/smtp[12595]: 196342A1C73: to=<project-backup@host223.example.com>, relay=mailcleaner.host223.example.com[10.0.0.173]:25, delay=0.73, delays=0.01/0/0.03/0.68, dsn=2.0.0, status=sent (250 OK id=1WUrBC-0005Jh-9P)
Apr  1 07:24:10 vps305 postfix/qmgr[1268]: 196342A1C73: removed
Apr  1 07:24:11 vps305 postfix/smtp[12587]: 157632A1CB2: to=<lausanne@host7.example.com>, relay=mail.host7.example.com[10.0.0.46]:25, delay=1.2, delays=0.02/0/0.3/0.87, dsn=2.6.0, status=sent (250 2.6.0 <20140401052410.157632A1CB2@vps305.host223.example.com> [InternalId=59467] Queued mail for delivery)
Apr  1 07:24:11 vps305 postfix/qmgr[1268]: 157632A1CB2: removed
Apr  1 07:24:11 vps305 postfix/smtp[12593]: 103282A1CAD: to=<bestellungen@domain32.example.org>, relay=mail01.host160.example.com[10.0.0.60]:25, delay=1.4, delays=0.01/0/0.54/0.87, dsn=2.0.0, status=sent (250 Ok: queued as 7F1FFC06003)
Apr  1 07:24:11 vps305 postfix/qmgr[1268]: 103282A1CAD: removed
Apr  1 07:27:09 vps305 postfix/pickup[10559]: 891622A1CAD: uid=30 from=<project-backup@host223.example.com>
Apr  1 07:27:09 vps305 postfix/cleanup[20657]: 891622A1CAD: message-id=<20140401052709.891622A1CAD@vps305.host223.example.com>
Apr  1 07:27:09 vps305 postfix/qmgr[1268]: 891622A1CAD: from=<project-backup@host223.example.com>, size=192147, nrcpt=1 (queue active)
Apr  1 07:27:09 vps305 postfix/pickup[10559]: 8B6002A1C73: uid=30 from=<project-backup@host223.example.com>
Apr  1 07:27:09 vps305 postfix/cleanup[20657]: 8B6002A1C73: message-id=<20140401052709.8B6002A1C73@vps305.host223.example.com>
Apr  1 07:27:09 vps305 postfix/qmgr[1268]: 8B6002A1C73: from=<project-backup@host223.example.com>, size=192144, nrcpt=1 (queue active)
Apr  1 07:27:09 vps305 postfix/pickup[10559]: 8EA612A1CB2: uid=30 from=<project-backup@host223.example.com>
Apr  1 07:27:09 vps305 postfix/cleanup[20657]: 8EA612A1CB2: message-id=<20140401052709.8EA612A1CB2@vps305.host223.example.com>
Apr  1 07:27:09 vps305 postfix/qmgr[1268]: 8EA612A1CB2: from=<project-backup@host223.example.com>, size=18018, nrcpt=1 (queue active)
Apr  1 07:27:09 vps305 postfix/pickup[10559]: 908DA2A1CB3: uid=30 from=<project-backup@host223.example.com>
Apr  1 07:27:09 vps305 postfix/cleanup[20657]: 908DA2A1CB3: message-id=<20140401052709.908DA2A1CB3@vps305.host223.example.com>
Apr  1 07:27:09 vps305 postfix/qmgr[1268]: 908DA2A1CB3: from=<project-backup@host223.example.com>, size=18004, nrcpt=1 (queue active)
Apr  1 07:27:09 vps305 postfix/smtp[20661]: certificate verification failed for mail01.host160.example.com[10.0.0.60]:25: self-signed certificate
Apr  1 07:27:09 vps305 postfix/smtp[20666]: certificate verification failed for mail.host7.example.com[10.0.0.46]:25: untrusted issuer /C=US/O=The Go Daddy Group, Inc./OU=Go Daddy Class 2 Certification Authority
Apr  1 07:27:10 vps305 postfix/smtp[20666]: 8EA612A1CB2: to=<lausanne@host7.example.com>, relay=mail.host7.example.com[10.0.0.46]:25, delay=0.83, delays=0/0/0.24/0.58, dsn=2.6.0, status=sent (250 2.6.0 <20140401052709.8EA612A1CB2@vps305.host223.example.com> [InternalId=59473] Queued mail for delivery)
Apr  1 07:27:10 vps305 postfix/qmgr[1268]: 8EA612A1CB2: removed
Apr  1 07:27:10 vps305 postfix/smtp[20668]: 908DA2A1CB3: to=<project-backup@host223.example.com>, relay=mailcleaner.host223.example.com[10.0.0.173]:25, delay=1.2, delays=0/0/0.03/1.1, dsn=2.0.0, status=sent (250 OK id=1WUrE5-0005MZ-N7)
Apr  1 07:27:10 vps305 postfix/qmgr[1268]: 908DA2A1CB3: removed
Apr  1 07:27:10 vps305 postfix/smtp[20663]: 8B6002A1C73: to=<project-backup@host223.example.com>, relay=mailcleaner.host223.example.com[10.0.0.173]:25, delay=1.4, delays=0.01/0/0.03/1.3, dsn=2.0.0, status=sent (250 OK id=1WUrE5-0005MY-Mf)
Apr  1 07:27:10 vps305 postfix/qmgr[1268]: 8B6002A1C73: removed
Apr  1 07:27:12 vps305 postfix/smtp[20661]: 891622A1CAD: to=<kundenservices@host129.example.com>, relay=mail01.host160.example.com[10.0.0.60]:25, delay=2.6, delays=0.03/0/0.21/2.4, dsn=2.0.0, status=sent (250 Ok: queued as 29D46C06003)
Apr  1 07:27:12 vps305 postfix/qmgr[1268]: 891622A1CAD: removed
Apr  1 07:30:45 vps305 postfix/pickup[10559]: B7E802A1CAD: uid=30 from=<project-backup@host223.example.com>
Apr  1 07:30:45 vps305 postfix/cleanup[21493]: B7E802A1CAD: message-id=<20140401053045.B7E802A1CAD@vps305.host223.example.com>
Apr  1 07:30:45 vps305 postfix/qmgr[1268]: B7E802A1CAD: from=<project-backup@host223.example.com>, size=49269, nrcpt=1 (queue active)
Apr  1 07:30:45 vps305 postfix/pickup[10559]: BB13B2A1C73: uid=30 from=<project-backup@host223.example.com>
Apr  1 07:30:45 vps305 postfix/cleanup[21493]: BB13B2A1C73: message-id=<20140401053045.BB13B2A1C73@vps305.host223.example.com>
Apr  1 07:30:45 vps305 postfix/qmgr[1268]: BB13B2A1C73: from=<project-backup@host223.example.com>, size=49276, nrcpt=1 (queue active)
Apr  1 07:30:45 vps305 postfix/pickup[10559]: BDA3A2A1CB2: uid=30 from=<project-backup@host223.example.com>
Apr  1 07:30:45 vps305 postfix/cleanup[21493]: BDA3A2A1CB2: message-id=<20140401053045.BDA3A2A1CB2@vps305.host223.example.com>
Apr  1 07:30:45 vps305 postfix/qmgr[1268]: BDA3A2A1CB2: from=<project-backup@host223.example.com>, size=48531, nrcpt=1 (queue active)
Apr  1 07:30:45 vps305 postfix/pickup[10559]: C1EA22A1CB1: uid=30 from=<project-backup@host223.example.com>
Apr  1 07:30:45 vps305 postfix/cleanup[21493]: C1EA22A1CB1: message-id=<20140401053045.C1EA22A1CB1@vps305.host223.example.com>
Apr  1 07:30:45 vps305 postfix/qmgr[1268]: C1EA22A1CB1: from=<project-backup@host223.example.com>, size=48517, nrcpt=1 (queue active)
Apr  1 07:30:46 vps305 postfix/smtp[21500]: certificate verification failed for chbeemfm02.host60.example.com[10.0.0.55]:25: untrusted issuer /C=CH/ST=LU/L=Luzern/OU=IT Support/O=Emmi Schweiz AG/emailAddress=ic-hotline-luzern@host60.example.com/CN=EMMI ROOT CA V04
Apr  1 07:30:46 vps305 postfix/smtp[21506]: certificate verification failed for mail.host7.example.com[10.0.0.46]:25: untrusted issuer /C=US/O=The Go Daddy Group, Inc./OU=Go Daddy Class 2 Certification Authority
Apr  1 07:30:46 vps305 postfix/smtp[21500]: B7E802A1CAD: to=<emmishop@host60.example.com>, relay=chbeemfm02.host60.example.com[10.0.0.55]:25, delay=0.43, delays=0.03/0/0.28/0.11, dsn=2.0.0, status=sent (250 2.0.0 s315Uk56022210-s315Uk58022210 Message accepted for delivery)
Apr  1 07:30:46 vps305 postfix/qmgr[1268]: B7E802A1CAD: removed
Apr  1 07:30:46 vps305 postfix/smtp[21502]: BB13B2A1C73: to=<project-backup@host223.example.com>, relay=mailcleaner.host223.example.com[10.0.0.173]:25, delay=0.65, delays=0.01/0/0.03/0.61, dsn=2.0.0, status=sent (250 OK id=1WUrHZ-0005Q5-Sz)
Apr  1 07:30:46 vps305 postfix/qmgr[1268]: BB13B2A1C73: removed
Apr  1 07:30:46 vps305 postfix/smtp[21507]: C1EA22A1CB1: to=<project-backup@host223.example.com>, relay=mailcleaner.host223.example.com[10.0.0.173]:25, delay=0.79, delays=0.02/0/0.03/0.74, dsn=2.0.0, status=sent (250 OK id=1WUrHZ-0005Q6-Tq)
Apr  1 07:30:46 vps305 postfix/qmgr[1268]: C1EA22A1CB1: removed
Apr  1 07:30:46 vps305 postfix/smtp[21506]: BDA3A2A1CB2: to=<lausanne@host7.example.com>, relay=mail.host7.example.com[10.0.0.46]:25, delay=1.2, delays=0.02/0/0.33/0.81, dsn=2.6.0, status=sent (250 2.6.0 <20140401053045.BDA3A2A1CB2@vps305.host223.example.com> [InternalId=59475] Queued mail for delivery)
Apr  1 07:30:46 vps305 postfix/qmgr[1268]: BDA3A2A1CB2: removed
Apr  1 07:32:01 vps305 postfix/pickup[10559]: 96F702A1CAD: uid=30 from=<project-backup@host223.example.com>
Apr  1 07:32:01 vps305 postfix/cleanup[21493]: 96F702A1CAD: message-id=<20140401053201.96F702A1CAD@vps305.host223.example.com>
Apr  1 07:32:01 vps305 postfix/qmgr[1268]: 96F702A1CAD: from=<project-backup@host223.example.com>, size=72849, nrcpt=1 (queue active)
Apr  1 07:32:01 vps305 postfix/pickup[10559]: 99CD52A1CB1: uid=30 from=<project-backup@host223.example.com>
Apr  1 07:32:01 vps305 postfix/cleanup[21493]: 99CD52A1CB1: message-id=<20140401053201.99CD52A1CB1@vps305.host223.example.com>
Apr  1 07:32:01 vps305 postfix/qmgr[1268]: 99CD52A1CB1: from=<project-backup@host223.example.com>, size=72856, nrcpt=1 (queue active)
Apr  1 07:32:01 vps305 postfix/pickup[10559]: 9CF1D2A1CB2: uid=30 from=<project-backup@host223.example.com>
Apr  1 07:32:01 vps305 postfix/cleanup[21493]: 9CF1D2A1CB2: message-id=<20140401053201.9CF1D2A1CB2@vps305.host223.example.com>
Apr  1 07:32:01 vps305 postfix/qmgr[1268]: 9CF1D2A1CB2: from=<project-backup@host223.example.com>, size=11832, nrcpt=1 (queue active)
Apr  1 07:32:01 vps305 postfix/pickup[10559]: 9EBFC2A1CB3: uid=30 from=<project-backup@host223.example.com>
Apr  1 07:32:01 vps305 postfix/cleanup[21493]: 9EBFC2A1CB3: message-id=<20140401053201.9EBFC2A1CB3@vps305.host223.example.com>
Apr  1 07:32:01 vps305 postfix/qmgr[1268]: 9EBFC2A1CB3: from=<project-backup@host223.example.com>, size=11839, nrcpt=1 (queue active)
Apr  1 07:32:01 vps305 postfix/smtp[21500]: certificate verification failed for mail.host7.example.com[10.0.0.46]:25: untrusted issuer /C=US/O=The Go Daddy Group, Inc./OU=Go Daddy Class 2 Certification Authority
Apr  1 07:32:01 vps305 postfix/pickup[10559]: C53102A1CB4: uid=30 from=<project-backup@host223.example.com>
Apr  1 07:32:01 vps305 postfix/cleanup[21493]: C53102A1CB4: message-id=<20140401053201.C53102A1CB4@vps305.host223.example.com>
Apr  1 07:32:01 vps305 postfix/smtp[21507]: certificate verification failed for mail.host7.example.com[10.0.0.46]:25: untrusted issuer /C=US/O=The Go Daddy Group, Inc./OU=Go Daddy Class 2 Certification Authority
Apr  1 07:32:01 vps305 postfix/qmgr[1268]: C53102A1CB4: from=<project-backup@host223.example.com>, size=48605, nrcpt=1 (queue active)
Apr  1 07:32:01 vps305 postfix/pickup[10559]: C74122A1CA9: uid=30 from=<project-backup@host223.example.com>
Apr  1 07:32:01 vps305 postfix/cleanup[21493]: C74122A1CA9: message-id=<20140401053201.C74122A1CA9@vps305.host223.example.com>
Apr  1 07:32:01 vps305 postfix/qmgr[1268]: C74122A1CA9: from=<project-backup@host223.example.com>, size=48612, nrcpt=1 (queue active)
Apr  1 07:32:02 vps305 postfix/smtp[21597]: certificate verification failed for mail.host7.example.com[10.0.0.46]:25: untrusted issuer /C=US/O=The Go Daddy Group, Inc./OU=Go Daddy Class 2 Certification Authority
Apr  1 07:32:02 vps305 postfix/smtp[21506]: 9EBFC2A1CB3: to=<project-backup@host223.example.com>, relay=mailcleaner.host223.example.com[10.0.0.173]:25, delay=0.95, delays=0.02/0/0.03/0.9, dsn=2.0.0, status=sent (250 OK id=1WUrIn-0005R8-Pk)
Apr  1 07:32:02 vps305 postfix/qmgr[1268]: 9EBFC2A1CB3: removed
Apr  1 07:32:02 vps305 postfix/smtp[21598]: C74122A1CA9: to=<project-backup@host223.example.com>, relay=mailcleaner.host223.example.com[10.0.0.173]:25, delay=1.1, delays=0.01/0/0.03/1.1, dsn=2.0.0, status=sent (250 OK id=1WUrIn-0005R9-Uk)
Apr  1 07:32:02 vps305 postfix/qmgr[1268]: C74122A1CA9: removed
Apr  1 07:32:03 vps305 postfix/smtp[21502]: 99CD52A1CB1: to=<project-backup@host223.example.com>, relay=mailcleaner.host223.example.com[10.0.0.173]:25, delay=1.6, delays=0.01/0/0.03/1.5, dsn=2.0.0, status=sent (250 OK id=1WUrIn-0005R7-Os)
Apr  1 07:32:03 vps305 postfix/qmgr[1268]: 99CD52A1CB1: removed
Apr  1 07:32:03 vps305 postfix/smtp[21507]: 9CF1D2A1CB2: to=<sargans@host7.example.com>, relay=mail.host7.example.com[10.0.0.46]:25, delay=1.6, delays=0/0/0.24/1.3, dsn=2.6.0, status=sent (250 2.6.0 <20140401053201.9CF1D2A1CB2@vps305.host223.example.com> [InternalId=59476] Queued mail for delivery)
Apr  1 07:32:03 vps305 postfix/qmgr[1268]: 9CF1D2A1CB2: removed
Apr  1 07:32:03 vps305 postfix/smtp[21500]: 96F702A1CAD: to=<sargans@host7.example.com>, relay=mail.host7.example.com[10.0.0.46]:25, delay=1.7, delays=0.02/0/0.24/1.4, dsn=2.6.0, status=sent (250 2.6.0 <20140401053201.96F702A1CAD@vps305.host223.example.com> [InternalId=59477] Queued mail for delivery)
Apr  1 07:32:03 vps305 postfix/qmgr[1268]: 96F702A1CAD: removed
Apr  1 07:32:03 vps305 postfix/smtp[21597]: C53102A1CB4: to=<lausanne@host7.example.com>, relay=mail.host7.example.com[10.0.0.46]:25, delay=1.5, delays=0.02/0/0.36/1.1, dsn=2.6.0, status=sent (250 2.6.0 <20140401053201.C53102A1CB4@vps305.host223.example.com> [InternalId=59478] Queued mail for delivery)
Apr  1 07:32:03 vps305 postfix/qmgr[1268]: C53102A1CB4: removed
Apr  1 07:33:32 vps305 postfix/pickup[10559]: 0BB412A1CAD: uid=30 from=<project-backup@host223.example.com>
Apr  1 07:33:32 vps305 postfix/cleanup[21493]: 0BB412A1CAD: message-id=<20140401053332.0BB412A1CAD@vps305.host223.example.com>
Apr  1 07:33:32 vps305 postfix/qmgr[1268]: 0BB412A1CAD: from=<project-backup@host223.example.com>, size=13978, nrcpt=1 (queue active)
Apr  1 07:33:32 vps305 postfix/pickup[10559]: 0DE682A1CB1: uid=30 from=<project-backup@host223.example.com>
Apr  1 07:33:32 vps305 postfix/cleanup[21493]: 0DE682A1CB1: message-id=<20140401053332.0DE682A1CB1@vps305.host223.example.com>
Apr  1 07:33:32 vps305 postfix/qmgr[1268]: 0DE682A1CB1: from=<project-backup@host223.example.com>, size=13975, nrcpt=1 (queue active)
Apr  1 07:33:32 vps305 postfix/pickup[10559]: 1245D2A1CB2: uid=30 from=<project-backup@host223.example.com>
Apr  1 07:33:32 vps305 postfix/cleanup[21493]: 1245D2A1CB2: message-id=<20140401053332.1245D2A1CB2@vps305.host223.example.com>
Apr  1 07:33:32 vps305 postfix/qmgr[1268]: 1245D2A1CB2: from=<project-backup@host223.example.com>, size=11204, nrcpt=1 (queue active)
Apr  1 07:33:32 vps305 postfix/pickup[10559]: 1436D2A1CB3: uid=30 from=<project-backup@host223.example.com>
Apr  1 07:33:32 vps305 postfix/cleanup[21493]: 1436D2A1CB3: message-id=<20140401053332.1436D2A1CB3@vps305.host223.example.com>
Apr  1 07:33:32 vps305 postfix/qmgr[1268]: 1436D2A1CB3: from=<project-backup@host223.example.com>, size=11190, nrcpt=1 (queue active)
Apr  1 07:33:32 vps305 postfix/smtp[21597]: connect to gmail-smtp-in.l.domain13.example.org[2a00:1450:4013:c01::1b]:25: Cannot assign requested address
Apr  1 07:33:32 vps305 postfix/smtp[21597]: certificate verification failed for gmail-smtp-in.l.domain13.example.org[10.0.0.203]:25: untrusted issuer /C=US/O=Equifax/OU=Equifax Secure Certificate Authority
Apr  1 07:33:32 vps305 postfix/smtp[21500]: 1436D2A1CB3: to=<project-backup@host223.example.com>, relay=mailcleaner.host223.example.com[10.0.0.173]:25, delay=0.68, delays=0/0/0.03/0.65, dsn=2.0.0, status=sent (250 OK id=1WUrKG-0005SV-6p)
Apr  1 07:33:32 vps305 postfix/qmgr[1268]: 1436D2A1CB3: removed
Apr  1 07:33:32 vps305 postfix/smtp[21597]: 1245D2A1CB2: to=<milliways.cafe@domain10.example.org>, relay=gmail-smtp-in.l.domain13.example.org[10.0.0.203]:25, delay=0.9, delays=0/0/0.41/0.49, dsn=2.0.0, status=sent (250 2.0.0 OK 1396330412 t3si26224226eeg.121 - gsmtp)
Apr  1 07:33:32 vps305 postfix/qmgr[1268]: 1245D2A1CB2: removed
Apr  1 07:33:33 vps305 postfix/smtp[21598]: 0DE682A1CB1: to=<project-backup@host223.example.com>, relay=mailcleaner.host223.example.com[10.0.0.173]:25, delay=0.95, delays=0.01/0/0.03/0.91, dsn=2.0.0, status=sent (250 OK id=1WUrKG-0005SU-6M)
Apr  1 07:33:33 vps305 postfix/qmgr[1268]: 0DE682A1CB1: removed
Apr  1 07:33:33 vps305 postfix/smtp[21506]: certificate verification failed for ms2.host218.example.com[10.0.0.241]:25: untrusted issuer /C=ZA/ST=Western Cape/L=Cape Town/O=Thawte Consulting cc/OU=Certification Services Division/CN=Thawte Premium Server CA/emailAddress=premium-server@domain39.example.org
Apr  1 07:33:33 vps305 postfix/smtp[21506]: 0BB412A1CAD: to=<bestellung@host31.example.com>, relay=ms2.host218.example.com[10.0.0.241]:25, delay=1.5, delays=0.03/0/1.3/0.16, dsn=2.6.0, status=sent (250 2.6.0 13950 bytes received in 00:00:00; Message id 201404010733338232 accepted for delivery)
Apr  1 07:33:33 vps305 postfix/qmgr[1268]: 0BB412A1CAD: removed
Apr  1 07:34:07 vps305 postfix/pickup[10559]: 9F4C12A1CAD: uid=30 from=<project-backup@host223.example.com>
Apr  1 07:34:07 vps305 postfix/cleanup[21493]: 9F4C12A1CAD: message-id=<20140401053407.9F4C12A1CAD@vps305.host223.example.com>
Apr  1 07:34:07 vps305 postfix/qmgr[1268]: 9F4C12A1CAD: from=<project-backup@host223.example.com>, size=41365, nrcpt=1 (queue active)
Apr  1 07:34:07 vps305 postfix/pickup[10559]: A15CD2A1CB1: uid=30 from=<project-backup@host223.example.com>
Apr  1 07:34:07 vps305 postfix/cleanup[21493]: A15CD2A1CB1: message-id=<20140401053407.A15CD2A1CB1@vps305.host223.example.com>
Apr  1 07:34:07 vps305 postfix/qmgr[1268]: A15CD2A1CB1: from=<project-backup@host223.example.com>, size=41375, nrcpt=1 (queue active)
Apr  1 07:34:07 vps305 postfix/pickup[10559]: A48BC2A1CB2: uid=30 from=<project-backup@host223.example.com>
Apr  1 07:34:07 vps305 postfix/cleanup[21493]: A48BC2A1CB2: message-id=<20140401053407.A48BC2A1CB2@vps305.host223.example.com>
Apr  1 07:34:07 vps305 postfix/qmgr[1268]: A48BC2A1CB2: from=<project-backup@host223.example.com>, size=40312, nrcpt=1 (queue active)
Apr  1 07:34:07 vps305 postfix/pickup[10559]: A68382A1CA9: uid=30 from=<project-backup@host223.example.com>
Apr  1 07:34:07 vps305 postfix/cleanup[21493]: A68382A1CA9: message-id=<20140401053407.A68382A1CA9@vps305.host223.example.com>
Apr  1 07:34:07 vps305 postfix/qmgr[1268]: A68382A1CA9: from=<project-backup@host223.example.com>, size=40298, nrcpt=1 (queue active)
Apr  1 07:34:07 vps305 postfix/smtp[21598]: certificate verification failed for mail.host7.example.com[10.0.0.46]:25: untrusted issuer /C=US/O=The Go Daddy Group, Inc./OU=Go Daddy Class 2 Certification Authority
Apr  1 07:34:08 vps305 postfix/smtp[21500]: 9F4C12A1CAD: to=<WolfD@host20.example.com>, relay=mail21.host47.example.com[10.0.0.48]:25, delay=0.69, delays=0.02/0/0.57/0.11, dsn=2.0.0, status=sent (250 ok:  Message 173029361 accepted)
Apr  1 07:34:08 vps305 postfix/qmgr[1268]: 9F4C12A1CAD: removed
Apr  1 07:34:08 vps305 postfix/smtp[21506]: A68382A1CA9: to=<project-backup@host223.example.com>, relay=mailcleaner.host223.example.com[10.0.0.173]:25, delay=1, delays=0.01/0/0.03/0.97, dsn=2.0.0, status=sent (250 OK id=1WUrKp-0005To-QC)
Apr  1 07:34:08 vps305 postfix/qmgr[1268]: A68382A1CA9: removed
Apr  1 07:34:08 vps305 postfix/smtp[21597]: A15CD2A1CB1: to=<project-backup@host223.example.com>, relay=mailcleaner.host223.example.com[10.0.0.173]:25, delay=1.2, delays=0.01/0/0.03/1.2, dsn=2.0.0, status=sent (250 OK id=1WUrKp-0005Tn-PX)
Apr  1 07:34:08 vps305 postfix/qmgr[1268]: A15CD2A1CB1: removed
Apr  1 07:34:09 vps305 postfix/smtp[21598]: A48BC2A1CB2: to=<worblaufen@host7.example.com>, relay=mail.host7.example.com[10.0.0.46]:25, delay=1.8, delays=0.01/0/0.3/1.5, dsn=2.6.0, status=sent (250 2.6.0 <20140401053407.A48BC2A1CB2@vps305.host223.example.com> [InternalId=59479] Queued mail for delivery)
Apr  1 07:34:09 vps305 postfix/qmgr[1268]: A48BC2A1CB2: removed
Apr  1 07:35:12 vps305 postfix/pickup[10559]: 155C72A1CAD: uid=30 from=<project-backup@host223.example.com>
Apr  1 07:35:12 vps305 postfix/cleanup[21493]: 155C72A1CAD: message-id=<20140401053512.155C72A1CAD@vps305.host223.example.com>
Apr  1 07:35:12 vps305 postfix/qmgr[1268]: 155C72A1CAD: from=<project-backup@host223.example.com>, size=11482, nrcpt=1 (queue active)
Apr  1 07:35:12 vps305 postfix/smtp[21500]: connect to gmail-smtp-in.l.domain13.example.org[2a00:1450:4013:c01::1b]:25: Cannot assign requested address
Apr  1 07:35:12 vps305 postfix/pickup[10559]: 173A02A1CB1: uid=30 from=<project-backup@host223.example.com>
Apr  1 07:35:12 vps305 postfix/cleanup[21493]: 173A02A1CB1: message-id=<20140401053512.173A02A1CB1@vps305.host223.example.com>
Apr  1 07:35:12 vps305 postfix/qmgr[1268]: 173A02A1CB1: from=<project-backup@host223.example.com>, size=11479, nrcpt=1 (queue active)
Apr  1 07:35:12 vps305 postfix/smtp[21500]: certificate verification failed for gmail-smtp-in.l.domain13.example.org[10.0.0.203]:25: untrusted issuer /C=US/O=Equifax/OU=Equifax Secure Certificate Authority
Apr  1 07:35:12 vps305 postfix/smtp[21506]: 173A02A1CB1: to=<project-backup@host223.example.com>, relay=mailcleaner.host223.example.com[10.0.0.173]:25, delay=0.72, delays=0/0/0.03/0.69, dsn=2.0.0, status=sent (250 OK id=1WUrLs-0005WC-7K)
Apr  1 07:35:12 vps305 postfix/qmgr[1268]: 173A02A1CB1: removed
Apr  1 07:35:12 vps305 postfix/smtp[21500]: 155C72A1CAD: to=<milliways.cafe@domain10.example.org>, relay=gmail-smtp-in.l.domain13.example.org[10.0.0.203]:25, delay=0.76, delays=0.01/0/0.15/0.6, dsn=2.0.0, status=sent (250 2.0.0 OK 1396330512 p8si26191692eew.276 - gsmtp)
Apr  1 07:35:12 vps305 postfix/qmgr[1268]: 155C72A1CAD: removed
Apr  1 07:37:22 vps305 postfix/pickup[10559]: E54CD2A1CAD: uid=30 from=<project-backup@host223.example.com>
Apr  1 07:37:22 vps305 postfix/cleanup[29964]: E54CD2A1CAD: message-id=<20140401053722.E54CD2A1CAD@vps305.host223.example.com>
Apr  1 07:37:22 vps305 postfix/qmgr[1268]: E54CD2A1CAD: from=<project-backup@host223.example.com>, size=23236, nrcpt=1 (queue active)
Apr  1 07:37:22 vps305 postfix/pickup[10559]: E839F2A1C73: uid=30 from=<project-backup@host223.example.com>
Apr  1 07:37:22 vps305 postfix/cleanup[29964]: E839F2A1C73: message-id=<20140401053722.E839F2A1C73@vps305.host223.example.com>
Apr  1 07:37:22 vps305 postfix/qmgr[1268]: E839F2A1C73: from=<project-backup@host223.example.com>, size=23242, nrcpt=1 (queue active)
Apr  1 07:37:22 vps305 postfix/pickup[10559]: EB54D2A1CB2: uid=30 from=<project-backup@host223.example.com>
Apr  1 07:37:22 vps305 postfix/cleanup[29964]: EB54D2A1CB2: message-id=<20140401053722.EB54D2A1CB2@vps305.host223.example.com>
Apr  1 07:37:22 vps305 postfix/qmgr[1268]: EB54D2A1CB2: from=<project-backup@host223.example.com>, size=21157, nrcpt=1 (queue active)
Apr  1 07:37:22 vps305 postfix/pickup[10559]: ED3A42A1CB3: uid=30 from=<project-backup@host223.example.com>
Apr  1 07:37:22 vps305 postfix/cleanup[29964]: ED3A42A1CB3: message-id=<20140401053722.ED3A42A1CB3@vps305.host223.example.com>
Apr  1 07:37:22 vps305 postfix/qmgr[1268]: ED3A42A1CB3: from=<project-backup@host223.example.com>, size=21143, nrcpt=1 (queue active)
Apr  1 07:37:23 vps305 postfix/smtp[29968]: certificate verification failed for mx1.mail.host97.example.com[10.0.0.146]:25: untrusted issuer /C=US/O=GeoTrust Inc./CN=GeoTrust Global CA
Apr  1 07:37:23 vps305 postfix/smtp[29973]: certificate verification failed for mail.host7.example.com[10.0.0.46]:25: untrusted issuer /C=US/O=The Go Daddy Group, Inc./OU=Go Daddy Class 2 Certification Authority
