Apr  1 08:25:29 vps305 postfix/cleanup[12849]: A6A712A1CA9: message-id=<20140401062529.A6A712A1CA9@vps305.host223.example.com>
Apr  1 08:25:29 vps305 postfix/qmgr[1268]: A6A712A1CA9: from=<project-backup@host223.example.com>, size=51602, nrcpt=1 (queue active)
Apr  1 08:25:29 vps305 postfix/pickup[3386]: A914B2A1CB2: uid=30 from=<project-backup@host223.example.com>
Apr  1 08:25:29 vps305 postfix/cleanup[12849]: A914B2A1CB2: message-id=<20140401062529.A914B2A1CB2@vps305.host223.example.com>
Apr  1 08:25:29 vps305 postfix/qmgr[1268]: A914B2A1CB2: from=<project-backup@host223.example.com>, size=51177, nrcpt=1 (queue active)
Apr  1 08:25:29 vps305 postfix/pickup[3386]: AB0C22A1CB3: uid=30 from=<project-backup@host223.example.com>
Apr  1 08:25:29 vps305 postfix/cleanup[12849]: AB0C22A1CB3: message-id=<20140401062529.AB0C22A1CB3@vps305.host223.example.com>
Apr  1 08:25:29 vps305 postfix/qmgr[1268]: AB0C22A1CB3: from=<project-backup@host223.example.com>, size=51163, nrcpt=1 (queue active)
Apr  1 08:25:29 vps305 postfix/smtp[12861]: certificate verification failed for mail.host7.example.com[10.0.0.46]:25: untrusted issuer /C=US/O=The Go Daddy Group, Inc./OU=Go Daddy Class 2 Certification Authority
Apr  1 08:25:29 vps305 postfix/smtp[12856]: certificate verification failed for chbeemfm02.host60.example.com[10.0.0.55]:25: untrusted issuer /C=CH/ST=LU/L=Luzern/OU=IT Support/O=Emmi Schweiz AG/emailAddress=ic-hotline-luzern@host60.example.com/CN=EMMI ROOT CA V04
Apr  1 08:25:30 vps305 postfix/smtp[12856]: A1C082A1CAD: to=<emmishop@host60.example.com>, relay=chbeemfm02.host60.example.com[10.0.0.55]:25, delay=0.45, delays=0.04/0/0.3/0.11, dsn=2.0.0, status=sent (250 2.0.0 s316PUUa024001-s316PUUc024001 Message accepted for delivery)
Apr  1 08:25:30 vps305 postfix/qmgr[1268]: A1C082A1CAD: removed
Apr  1 08:25:30 vps305 postfix/smtp[12858]: A6A712A1CA9: to=<project-backup@host223.example.com>, relay=mailcleaner.host223.example.com[10.0.0.173]:25, delay=0.63, delays=0.02/0/0.03/0.58, dsn=2.0.0, status=sent (250 OK id=1WUs8X-0006t9-Ps)
Apr  1 08:25:30 vps305 postfix/qmgr[1268]: A6A712A1CA9: removed
Apr  1 08:25:30 vps305 postfix/smtp[12863]: AB0C22A1CB3: to=<project-backup@host223.example.com>, relay=mailcleaner.host223.example.com[10.0.0.173]:25, delay=0.72, delays=0.01/0/0.03/0.68, dsn=2.0.0, status=sent (250 OK id=1WUs8X-0006tA-QQ)
Apr  1 08:25:30 vps305 postfix/qmgr[1268]: AB0C22A1CB3: removed
Apr  1 08:25:31 vps305 postfix/smtp[12861]: A914B2A1CB2: to=<zug@host7.example.com>, relay=mail.host7.example.com[10.0.0.46]:25, delay=1.5, delays=0.01/0/0.28/1.2, dsn=2.6.0, status=sent (250 2.6.0 <20140401062529.A914B2A1CB2@vps305.host223.example.com> [InternalId=59560] Queued mail for delivery)
Apr  1 08:25:31 vps305 postfix/qmgr[1268]: A914B2A1CB2: removed
Apr  1 08:25:56 vps305 postfix/pickup[3386]: 886662A1CAD: uid=30 from=<project-backup@host223.example.com>
Apr  1 08:25:56 vps305 postfix/cleanup[12849]: 886662A1CAD: message-id=<20140401062556.886662A1CAD@vps305.host223.example.com>
Apr  1 08:25:56 vps305 postfix/qmgr[1268]: 886662A1CAD: from=<project-backup@host223.example.com>, size=24669, nrcpt=2 (queue active)
Apr  1 08:25:56 vps305 postfix/pickup[3386]: 8A8BD2A1CB1: uid=30 from=<project-backup@host223.example.com>
Apr  1 08:25:56 vps305 postfix/cleanup[12849]: 8A8BD2A1CB1: message-id=<20140401062556.8A8BD2A1CB1@vps305.host223.example.com>
Apr  1 08:25:56 vps305 postfix/qmgr[1268]: 8A8BD2A1CB1: from=<project-backup@host223.example.com>, size=24637, nrcpt=1 (queue active)
Apr  1 08:25:56 vps305 postfix/pickup[3386]: 8CE912A1CB2: uid=30 from=<project-backup@host223.example.com>
Apr  1 08:25:56 vps305 postfix/cleanup[12849]: 8CE912A1CB2: message-id=<20140401062556.8CE912A1CB2@vps305.host223.example.com>
Apr  1 08:25:56 vps305 postfix/qmgr[1268]: 8CE912A1CB2: from=<project-backup@host223.example.com>, size=22798, nrcpt=1 (queue active)
Apr  1 08:25:56 vps305 postfix/pickup[3386]: 8ED572A1CB3: uid=30 from=<project-backup@host223.example.com>
Apr  1 08:25:56 vps305 postfix/cleanup[12849]: 8ED572A1CB3: message-id=<20140401062556.8ED572A1CB3@vps305.host223.example.com>
Apr  1 08:25:56 vps305 postfix/qmgr[1268]: 8ED572A1CB3: from=<project-backup@host223.example.com>, size=22784, nrcpt=1 (queue active)
Apr  1 08:25:56 vps305 postfix/smtp[12856]: certificate verification failed for smtp2.host109.example.com[10.0.0.114]:25: untrusted issuer /C=US/ST=Arizona/L=Scottsdale/O=Starfield Technologies, Inc./CN=Starfield Root Certificate Authority - G2
Apr  1 08:25:56 vps305 postfix/smtp[12861]: certificate verification failed for mail.host7.example.com[10.0.0.46]:25: untrusted issuer /C=US/O=The Go Daddy Group, Inc./OU=Go Daddy Class 2 Certification Authority
Apr  1 08:25:57 vps305 postfix/smtp[12863]: 8ED572A1CB3: to=<project-backup@host223.example.com>, relay=mailcleaner.host223.example.com[10.0.0.173]:25, delay=0.61, delays=0.01/0/0.03/0.58, dsn=2.0.0, status=sent (250 OK id=1WUs8y-0006uA-Mc)
Apr  1 08:25:57 vps305 postfix/qmgr[1268]: 8ED572A1CB3: removed
Apr  1 08:25:57 vps305 postfix/smtp[12858]: 8A8BD2A1CB1: to=<project-backup@host223.example.com>, relay=mailcleaner.host223.example.com[10.0.0.173]:25, delay=0.75, delays=0.01/0/0.03/0.71, dsn=2.0.0, status=sent (250 OK id=1WUs8y-0006u9-MB)
Apr  1 08:25:57 vps305 postfix/qmgr[1268]: 8A8BD2A1CB1: removed
Apr  1 08:25:57 vps305 postfix/smtp[12856]: 886662A1CAD: to=<christophe.roduit@host170.example.com>, relay=smtp2.host109.example.com[10.0.0.114]:25, delay=0.85, delays=0.02/0/0.43/0.41, dsn=2.0.0, status=sent (250 253872274 message accepted for delivery)
Apr  1 08:25:57 vps305 postfix/smtp[12856]: 886662A1CAD: to=<pablo.suarez@host170.example.com>, relay=smtp2.host109.example.com[10.0.0.114]:25, delay=0.85, delays=0.02/0/0.43/0.41, dsn=2.0.0, status=sent (250 253872274 message accepted for delivery)
Apr  1 08:25:57 vps305 postfix/qmgr[1268]: 886662A1CAD: removed
Apr  1 08:25:57 vps305 postfix/smtp[12861]: 8CE912A1CB2: to=<morges@host7.example.com>, relay=mail.host7.example.com[10.0.0.46]:25, delay=1.1, delays=0/0/0.27/0.86, dsn=2.6.0, status=sent (250 2.6.0 <20140401062556.8CE912A1CB2@vps305.host223.example.com> [InternalId=59562] Queued mail for delivery)
Apr  1 08:25:57 vps305 postfix/qmgr[1268]: 8CE912A1CB2: removed
Apr  1 08:26:07 vps305 postfix/pickup[3386]: 1318B2A1CAD: uid=30 from=<project-backup@host223.example.com>
Apr  1 08:26:07 vps305 postfix/cleanup[12849]: 1318B2A1CAD: message-id=<20140401062607.1318B2A1CAD@vps305.host223.example.com>
Apr  1 08:26:07 vps305 postfix/qmgr[1268]: 1318B2A1CAD: from=<project-backup@host223.example.com>, size=38246, nrcpt=1 (queue active)
Apr  1 08:26:07 vps305 postfix/pickup[3386]: 1547A2A1CB1: uid=30 from=<project-backup@host223.example.com>
Apr  1 08:26:07 vps305 postfix/cleanup[12849]: 1547A2A1CB1: message-id=<20140401062607.1547A2A1CB1@vps305.host223.example.com>
Apr  1 08:26:07 vps305 postfix/qmgr[1268]: 1547A2A1CB1: from=<project-backup@host223.example.com>, size=38253, nrcpt=1 (queue active)
Apr  1 08:26:07 vps305 postfix/pickup[3386]: 1809F2A1CB2: uid=30 from=<project-backup@host223.example.com>
Apr  1 08:26:07 vps305 postfix/cleanup[12849]: 1809F2A1CB2: message-id=<20140401062607.1809F2A1CB2@vps305.host223.example.com>
Apr  1 08:26:07 vps305 postfix/qmgr[1268]: 1809F2A1CB2: from=<project-backup@host223.example.com>, size=36964, nrcpt=1 (queue active)
Apr  1 08:26:07 vps305 postfix/pickup[3386]: 1A09F2A1CB3: uid=30 from=<project-backup@host223.example.com>
Apr  1 08:26:07 vps305 postfix/cleanup[12849]: 1A09F2A1CB3: message-id=<20140401062607.1A09F2A1CB3@vps305.host223.example.com>
Apr  1 08:26:07 vps305 postfix/qmgr[1268]: 1A09F2A1CB3: from=<project-backup@host223.example.com>, size=36950, nrcpt=1 (queue active)
Apr  1 08:26:07 vps305 postfix/smtp[12863]: certificate verification failed for chbeemfm02.host60.example.com[10.0.0.55]:25: untrusted issuer /C=CH/ST=LU/L=Luzern/OU=IT Support/O=Emmi Schweiz AG/emailAddress=ic-hotline-luzern@host60.example.com/CN=EMMI ROOT CA V04
Apr  1 08:26:07 vps305 postfix/smtp[12856]: certificate verification failed for mail.host7.example.com[10.0.0.46]:25: untrusted issuer /C=US/O=The Go Daddy Group, Inc./OU=Go Daddy Class 2 Certification Authority
Apr  1 08:26:07 vps305 postfix/smtp[12863]: 1318B2A1CAD: to=<emmishop@host60.example.com>, relay=chbeemfm02.host60.example.com[10.0.0.55]:25, delay=0.31, delays=0.01/0/0.2/0.1, dsn=2.0.0, status=sent (250 2.0.0 s316Q7EZ024026-s316Q7Eb024026 Message accepted for delivery)
Apr  1 08:26:07 vps305 postfix/qmgr[1268]: 1318B2A1CAD: removed
Apr  1 08:26:08 vps305 postfix/smtp[12856]: 1809F2A1CB2: to=<vevey@host7.example.com>, relay=mail.host7.example.com[10.0.0.46]:25, delay=1, delays=0.01/0/0.24/0.75, dsn=2.6.0, status=sent (250 2.6.0 <20140401062607.1809F2A1CB2@vps305.host223.example.com> [InternalId=59563] Queued mail for delivery)
Apr  1 08:26:08 vps305 postfix/qmgr[1268]: 1809F2A1CB2: removed
Apr  1 08:26:09 vps305 postfix/smtp[12861]: 1A09F2A1CB3: to=<project-backup@host223.example.com>, relay=mailcleaner.host223.example.com[10.0.0.173]:25, delay=2.1, delays=0.01/0/0.03/2.1, dsn=2.0.0, status=sent (250 OK id=1WUs99-0006uf-78)
Apr  1 08:26:09 vps305 postfix/qmgr[1268]: 1A09F2A1CB3: removed
Apr  1 08:26:09 vps305 postfix/smtp[12858]: 1547A2A1CB1: to=<project-backup@host223.example.com>, relay=mailcleaner.host223.example.com[10.0.0.173]:25, delay=2.5, delays=0.01/0/0.03/2.4, dsn=2.0.0, status=sent (250 OK id=1WUs99-0006ue-6Y)
Apr  1 08:26:09 vps305 postfix/qmgr[1268]: 1547A2A1CB1: removed
Apr  1 08:26:39 vps305 postfix/pickup[3386]: 5CECF2A1CAD: uid=30 from=<project-backup@host223.example.com>
Apr  1 08:26:39 vps305 postfix/cleanup[12849]: 5CECF2A1CAD: message-id=<20140401062639.5CECF2A1CAD@vps305.host223.example.com>
Apr  1 08:26:39 vps305 postfix/qmgr[1268]: 5CECF2A1CAD: from=<project-backup@host223.example.com>, size=29491, nrcpt=2 (queue active)
Apr  1 08:26:39 vps305 postfix/pickup[3386]: 6294E2A1CB1: uid=30 from=<project-backup@host223.example.com>
Apr  1 08:26:39 vps305 postfix/cleanup[12849]: 6294E2A1CB1: message-id=<20140401062639.6294E2A1CB1@vps305.host223.example.com>
Apr  1 08:26:39 vps305 postfix/qmgr[1268]: 6294E2A1CB1: from=<project-backup@host223.example.com>, size=29459, nrcpt=1 (queue active)
Apr  1 08:26:39 vps305 postfix/pickup[3386]: 651122A1CB2: uid=30 from=<project-backup@host223.example.com>
Apr  1 08:26:39 vps305 postfix/cleanup[12849]: 651122A1CB2: message-id=<20140401062639.651122A1CB2@vps305.host223.example.com>
Apr  1 08:26:39 vps305 postfix/qmgr[1268]: 651122A1CB2: from=<project-backup@host223.example.com>, size=27777, nrcpt=1 (queue active)
Apr  1 08:26:39 vps305 postfix/pickup[3386]: 675D42A1CB3: uid=30 from=<project-backup@host223.example.com>
Apr  1 08:26:39 vps305 postfix/cleanup[12849]: 675D42A1CB3: message-id=<20140401062639.675D42A1CB3@vps305.host223.example.com>
Apr  1 08:26:39 vps305 postfix/qmgr[1268]: 675D42A1CB3: from=<project-backup@host223.example.com>, size=27763, nrcpt=1 (queue active)
Apr  1 08:26:39 vps305 postfix/smtp[12863]: certificate verification failed for smtp2.host109.example.com[10.0.0.114]:25: untrusted issuer /C=US/ST=Arizona/L=Scottsdale/O=Starfield Technologies, Inc./CN=Starfield Root Certificate Authority - G2
Apr  1 08:26:39 vps305 postfix/smtp[12861]: certificate verification failed for mail.host7.example.com[10.0.0.46]:25: untrusted issuer /C=US/O=The Go Daddy Group, Inc./OU=Go Daddy Class 2 Certification Authority
Apr  1 08:26:39 vps305 postfix/smtp[12858]: 6294E2A1CB1: to=<project-backup@host223.example.com>, relay=mailcleaner.host223.example.com[10.0.0.173]:25, delay=0.56, delays=0.02/0/0.03/0.51, dsn=2.0.0, status=sent (250 OK id=1WUs9f-0006vw-Gu)
Apr  1 08:26:39 vps305 postfix/qmgr[1268]: 6294E2A1CB1: removed
Apr  1 08:26:40 vps305 postfix/smtp[12863]: 5CECF2A1CAD: to=<christophe.roduit@host170.example.com>, relay=smtp2.host109.example.com[10.0.0.114]:25, delay=0.71, delays=0.02/0/0.34/0.36, dsn=2.0.0, status=sent (250 253872306 message accepted for delivery)
Apr  1 08:26:40 vps305 postfix/smtp[12863]: 5CECF2A1CAD: to=<pablo.suarez@host170.example.com>, relay=smtp2.host109.example.com[10.0.0.114]:25, delay=0.71, delays=0.02/0/0.34/0.36, dsn=2.0.0, status=sent (250 253872306 message accepted for delivery)
Apr  1 08:26:40 vps305 postfix/qmgr[1268]: 5CECF2A1CAD: removed
Apr  1 08:26:40 vps305 postfix/smtp[12856]: 675D42A1CB3: to=<project-backup@host223.example.com>, relay=mailcleaner.host223.example.com[10.0.0.173]:25, delay=0.7, delays=0.01/0/0.03/0.67, dsn=2.0.0, status=sent (250 OK id=1WUs9f-0006vx-HT)
Apr  1 08:26:40 vps305 postfix/qmgr[1268]: 675D42A1CB3: removed
Apr  1 08:26:40 vps305 postfix/smtp[12861]: 651122A1CB2: to=<zuerich.enge@host7.example.com>, relay=mail.host7.example.com[10.0.0.46]:25, delay=1.1, delays=0.01/0/0.31/0.81, dsn=2.6.0, status=sent (250 2.6.0 <20140401062639.651122A1CB2@vps305.host223.example.com> [InternalId=59564] Queued mail for delivery)
Apr  1 08:26:40 vps305 postfix/qmgr[1268]: 651122A1CB2: removed
Apr  1 08:27:21 vps305 postfix/pickup[3386]: ADDC22A1CAD: uid=30 from=<project-backup@host223.example.com>
Apr  1 08:27:21 vps305 postfix/cleanup[12849]: ADDC22A1CAD: message-id=<20140401062721.ADDC22A1CAD@vps305.host223.example.com>
Apr  1 08:27:21 vps305 postfix/qmgr[1268]: ADDC22A1CAD: from=<project-backup@host223.example.com>, size=19988, nrcpt=1 (queue active)
Apr  1 08:27:21 vps305 postfix/pickup[3386]: AFD9D2A1CB1: uid=30 from=<project-backup@host223.example.com>
Apr  1 08:27:21 vps305 postfix/cleanup[12849]: AFD9D2A1CB1: message-id=<20140401062721.AFD9D2A1CB1@vps305.host223.example.com>
Apr  1 08:27:21 vps305 postfix/qmgr[1268]: AFD9D2A1CB1: from=<project-backup@host223.example.com>, size=19995, nrcpt=1 (queue active)
Apr  1 08:27:21 vps305 postfix/pickup[3386]: B23B12A1CB2: uid=30 from=<project-backup@host223.example.com>
Apr  1 08:27:21 vps305 postfix/cleanup[12849]: B23B12A1CB2: message-id=<20140401062721.B23B12A1CB2@vps305.host223.example.com>
Apr  1 08:27:21 vps305 postfix/qmgr[1268]: B23B12A1CB2: from=<project-backup@host223.example.com>, size=17801, nrcpt=1 (queue active)
Apr  1 08:27:21 vps305 postfix/pickup[3386]: B417C2A1CB3: uid=30 from=<project-backup@host223.example.com>
Apr  1 08:27:21 vps305 postfix/cleanup[12849]: B417C2A1CB3: message-id=<20140401062721.B417C2A1CB3@vps305.host223.example.com>
Apr  1 08:27:21 vps305 postfix/qmgr[1268]: B417C2A1CB3: from=<project-backup@host223.example.com>, size=17787, nrcpt=1 (queue active)
Apr  1 08:27:21 vps305 postfix/smtp[12858]: certificate verification failed for chbeemfm02.host60.example.com[10.0.0.55]:25: untrusted issuer /C=CH/ST=LU/L=Luzern/OU=IT Support/O=Emmi Schweiz AG/emailAddress=ic-hotline-luzern@host60.example.com/CN=EMMI ROOT CA V04
Apr  1 08:27:21 vps305 postfix/smtp[12861]: certificate verification failed for mail.host7.example.com[10.0.0.46]:25: untrusted issuer /C=US/O=The Go Daddy Group, Inc./OU=Go Daddy Class 2 Certification Authority
Apr  1 08:27:22 vps305 postfix/smtp[12858]: ADDC22A1CAD: to=<emmishop@host60.example.com>, relay=chbeemfm02.host60.example.com[10.0.0.55]:25, delay=0.31, delays=0.02/0/0.2/0.09, dsn=2.0.0, status=sent (250 2.0.0 s316RMKJ024059-s316RMKL024059 Message accepted for delivery)
Apr  1 08:27:22 vps305 postfix/qmgr[1268]: ADDC22A1CAD: removed
Apr  1 08:27:22 vps305 postfix/smtp[12863]: AFD9D2A1CB1: to=<project-backup@host223.example.com>, relay=mailcleaner.host223.example.com[10.0.0.173]:25, delay=0.34, delays=0.01/0/0.03/0.3, dsn=2.0.0, status=sent (250 OK id=1WUsAL-0006wr-Tj)
Apr  1 08:27:22 vps305 postfix/qmgr[1268]: AFD9D2A1CB1: removed
Apr  1 08:27:22 vps305 postfix/smtp[12856]: B417C2A1CB3: to=<project-backup@host223.example.com>, relay=mailcleaner.host223.example.com[10.0.0.173]:25, delay=0.78, delays=0/0/0.03/0.74, dsn=2.0.0, status=sent (250 OK id=1WUsAL-0006ws-Tj)
Apr  1 08:27:22 vps305 postfix/qmgr[1268]: B417C2A1CB3: removed
Apr  1 08:27:22 vps305 postfix/smtp[12861]: B23B12A1CB2: to=<zug@host7.example.com>, relay=mail.host7.example.com[10.0.0.46]:25, delay=1.1, delays=0/0/0.3/0.81, dsn=2.6.0, status=sent (250 2.6.0 <20140401062721.B23B12A1CB2@vps305.host223.example.com> [InternalId=59566] Queued mail for delivery)
Apr  1 08:27:22 vps305 postfix/qmgr[1268]: B23B12A1CB2: removed
Apr  1 08:28:31 vps305 postfix/pickup[3386]: 281442A1CAD: uid=30 from=<project-backup@host223.example.com>
Apr  1 08:28:31 vps305 postfix/cleanup[12849]: 281442A1CAD: message-id=<20140401062831.281442A1CAD@vps305.host223.example.com>
Apr  1 08:28:31 vps305 postfix/qmgr[1268]: 281442A1CAD: from=<project-backup@host223.example.com>, size=27055, nrcpt=1 (queue active)
Apr  1 08:28:31 vps305 postfix/pickup[3386]: 2A5B52A1CB1: uid=30 from=<project-backup@host223.example.com>
Apr  1 08:28:31 vps305 postfix/cleanup[12849]: 2A5B52A1CB1: message-id=<20140401062831.2A5B52A1CB1@vps305.host223.example.com>
Apr  1 08:28:31 vps305 postfix/qmgr[1268]: 2A5B52A1CB1: from=<project-backup@host223.example.com>, size=27058, nrcpt=1 (queue active)
Apr  1 08:28:31 vps305 postfix/pickup[3386]: 2DB9B2A1CB2: uid=30 from=<project-backup@host223.example.com>
Apr  1 08:28:31 vps305 postfix/cleanup[12849]: 2DB9B2A1CB2: message-id=<20140401062831.2DB9B2A1CB2@vps305.host223.example.com>
Apr  1 08:28:31 vps305 postfix/qmgr[1268]: 2DB9B2A1CB2: from=<project-backup@host223.example.com>, size=24990, nrcpt=1 (queue active)
Apr  1 08:28:31 vps305 postfix/pickup[3386]: 304372A1CB3: uid=30 from=<project-backup@host223.example.com>
Apr  1 08:28:31 vps305 postfix/cleanup[12849]: 304372A1CB3: message-id=<20140401062831.304372A1CB3@vps305.host223.example.com>
Apr  1 08:28:31 vps305 postfix/qmgr[1268]: 304372A1CB3: from=<project-backup@host223.example.com>, size=24976, nrcpt=1 (queue active)
Apr  1 08:28:32 vps305 postfix/smtp[12858]: 281442A1CAD: to=<commande@host205.example.com>, relay=edge2.host39.example.com[10.0.0.74]:25, delay=0.88, delays=0.02/0/0.28/0.58, dsn=2.0.0, status=sent (250 2.0.0 s316SVP5027260 Message accepted for delivery)
Apr  1 08:28:32 vps305 postfix/qmgr[1268]: 281442A1CAD: removed
Apr  1 08:28:32 vps305 postfix/smtp[12863]: 2A5B52A1CB1: to=<project-backup@host223.example.com>, relay=mailcleaner.host223.example.com[10.0.0.173]:25, delay=1, delays=0.01/0/0.03/1, dsn=2.0.0, status=sent (250 OK id=1WUsBT-00071G-9X)
Apr  1 08:28:32 vps305 postfix/qmgr[1268]: 2A5B52A1CB1: removed
Apr  1 08:28:32 vps305 postfix/smtp[12856]: 304372A1CB3: to=<project-backup@host223.example.com>, relay=mailcleaner.host223.example.com[10.0.0.173]:25, delay=1.5, delays=0.01/0/0.03/1.5, dsn=2.0.0, status=sent (250 OK id=1WUsBT-00071H-AJ)
Apr  1 08:28:32 vps305 postfix/qmgr[1268]: 304372A1CB3: removed
Apr  1 08:28:33 vps305 postfix/smtp[12861]: 2DB9B2A1CB2: to=<yerlybernard@host26.example.com>, relay=mxbw.host26.example.com[10.0.0.77]:25, delay=2.7, delays=0.01/0/0.18/2.5, dsn=2.0.0, status=sent (250 <5D/A5-10564-F8C5A335@zhhdzmsp-mxin18.host26.example.com> Mail accepted)
Apr  1 08:28:33 vps305 postfix/qmgr[1268]: 2DB9B2A1CB2: removed
Apr  1 08:28:55 vps305 postfix/pickup[3386]: 7D0E12A1CAD: uid=30 from=<project-backup@host223.example.com>
Apr  1 08:28:55 vps305 postfix/cleanup[12849]: 7D0E12A1CAD: message-id=<20140401062855.7D0E12A1CAD@vps305.host223.example.com>
Apr  1 08:28:55 vps305 postfix/qmgr[1268]: 7D0E12A1CAD: from=<project-backup@host223.example.com>, size=32504, nrcpt=1 (queue active)
Apr  1 08:28:55 vps305 postfix/pickup[3386]: 7F81E2A1CB1: uid=30 from=<project-backup@host223.example.com>
Apr  1 08:28:55 vps305 postfix/cleanup[12849]: 7F81E2A1CB1: message-id=<20140401062855.7F81E2A1CB1@vps305.host223.example.com>
Apr  1 08:28:55 vps305 postfix/qmgr[1268]: 7F81E2A1CB1: from=<project-backup@host223.example.com>, size=32511, nrcpt=1 (queue active)
Apr  1 08:28:55 vps305 postfix/pickup[3386]: 81EAB2A1CB2: uid=30 from=<project-backup@host223.example.com>
Apr  1 08:28:55 vps305 postfix/cleanup[12849]: 81EAB2A1CB2: message-id=<20140401062855.81EAB2A1CB2@vps305.host223.example.com>
Apr  1 08:28:55 vps305 postfix/qmgr[1268]: 81EAB2A1CB2: from=<project-backup@host223.example.com>, size=30892, nrcpt=1 (queue active)
Apr  1 08:28:55 vps305 postfix/pickup[3386]: 83D012A1CB3: uid=30 from=<project-backup@host223.example.com>
Apr  1 08:28:55 vps305 postfix/cleanup[12849]: 83D012A1CB3: message-id=<20140401062855.83D012A1CB3@vps305.host223.example.com>
Apr  1 08:28:55 vps305 postfix/qmgr[1268]: 83D012A1CB3: from=<project-backup@host223.example.com>, size=30878, nrcpt=1 (queue active)
Apr  1 08:28:55 vps305 postfix/smtp[12858]: certificate verification failed for chbeemfm02.host60.example.com[10.0.0.55]:25: untrusted issuer /C=CH/ST=LU/L=Luzern/OU=IT Support/O=Emmi Schweiz AG/emailAddress=ic-hotline-luzern@host60.example.com/CN=EMMI ROOT CA V04
Apr  1 08:28:55 vps305 postfix/smtp[12861]: 81EAB2A1CB2: enabling PIX workarounds: disable_esmtp delay_dotcrlf for mail.host27.example.com[10.0.0.85]:25
Apr  1 08:28:55 vps305 postfix/smtp[12858]: 7D0E12A1CAD: to=<emmishop@host60.example.com>, relay=chbeemfm02.host60.example.com[10.0.0.55]:25, delay=0.31, delays=0.02/0/0.2/0.1, dsn=2.0.0, status=sent (250 2.0.0 s316StFO024103-s316StFQ024103 Message accepted for delivery)
Apr  1 08:28:55 vps305 postfix/qmgr[1268]: 7D0E12A1CAD: removed
Apr  1 08:28:56 vps305 postfix/smtp[12861]: 81EAB2A1CB2: to=<jcmoreau@homevert-host28.example.com>, relay=mail.host27.example.com[10.0.0.85]:25, delay=0.59, delays=0/0/0.17/0.41, dsn=2.6.0, status=sent (250 2.6.0 message received)
Apr  1 08:28:56 vps305 postfix/qmgr[1268]: 81EAB2A1CB2: removed
Apr  1 08:28:56 vps305 postfix/smtp[12863]: 7F81E2A1CB1: to=<project-backup@host223.example.com>, relay=mailcleaner.host223.example.com[10.0.0.173]:25, delay=1.1, delays=0.01/0/0.03/1.1, dsn=2.0.0, status=sent (250 OK id=1WUsBr-00072K-Kt)
Apr  1 08:28:56 vps305 postfix/qmgr[1268]: 7F81E2A1CB1: removed
Apr  1 08:28:56 vps305 postfix/smtp[12856]: 83D012A1CB3: to=<project-backup@host223.example.com>, relay=mailcleaner.host223.example.com[10.0.0.173]:25, delay=1.2, delays=0.01/0/0.03/1.2, dsn=2.0.0, status=sent (250 OK id=1WUsBr-00072L-LM)
Apr  1 08:28:56 vps305 postfix/qmgr[1268]: 83D012A1CB3: removed
Apr  1 08:28:57 vps305 postfix/pickup[3386]: 919C12A1CAD: uid=30 from=<project-backup@host223.example.com>
Apr  1 08:28:57 vps305 postfix/cleanup[12849]: 919C12A1CAD: message-id=<20140401062857.919C12A1CAD@vps305.host223.example.com>
Apr  1 08:28:57 vps305 postfix/qmgr[1268]: 919C12A1CAD: from=<project-backup@host223.example.com>, size=82176, nrcpt=1 (queue active)
Apr  1 08:28:57 vps305 postfix/pickup[3386]: 93E982A1CB1: uid=30 from=<project-backup@host223.example.com>
Apr  1 08:28:57 vps305 postfix/cleanup[12849]: 93E982A1CB1: message-id=<20140401062857.93E982A1CB1@vps305.host223.example.com>
Apr  1 08:28:57 vps305 postfix/qmgr[1268]: 93E982A1CB1: from=<project-backup@host223.example.com>, size=82183, nrcpt=1 (queue active)
Apr  1 08:28:57 vps305 postfix/pickup[3386]: 96EF12A1CB2: uid=30 from=<project-backup@host223.example.com>
Apr  1 08:28:57 vps305 postfix/cleanup[12849]: 96EF12A1CB2: message-id=<20140401062857.96EF12A1CB2@vps305.host223.example.com>
Apr  1 08:28:57 vps305 postfix/qmgr[1268]: 96EF12A1CB2: from=<project-backup@host223.example.com>, size=83402, nrcpt=1 (queue active)
Apr  1 08:28:57 vps305 postfix/pickup[3386]: 990CB2A1CB3: uid=30 from=<project-backup@host223.example.com>
Apr  1 08:28:57 vps305 postfix/cleanup[12849]: 990CB2A1CB3: message-id=<20140401062857.990CB2A1CB3@vps305.host223.example.com>
Apr  1 08:28:57 vps305 postfix/qmgr[1268]: 990CB2A1CB3: from=<project-backup@host223.example.com>, size=83388, nrcpt=1 (queue active)
Apr  1 08:28:57 vps305 postfix/smtp[12858]: certificate verification failed for chbeemfm01.host60.example.com[10.0.0.54]:25: untrusted issuer /C=CH/ST=LU/L=Luzern/OU=IT Support/O=Emmi Schweiz AG/emailAddress=ic-hotline-luzern@host60.example.com/CN=EMMI ROOT CA V04
Apr  1 08:28:57 vps305 postfix/smtp[12863]: certificate verification failed for mail.host7.example.com[10.0.0.46]:25: untrusted issuer /C=US/O=The Go Daddy Group, Inc./OU=Go Daddy Class 2 Certification Authority
Apr  1 08:28:57 vps305 postfix/smtp[12858]: 919C12A1CAD: to=<emmishop@host60.example.com>, relay=chbeemfm01.host60.example.com[10.0.0.54]:25, delay=0.35, delays=0.03/0/0.2/0.12, dsn=2.0.0, status=sent (250 2.0.0 s316SveQ029859-s316SveS029859 Message accepted for delivery)
Apr  1 08:28:57 vps305 postfix/qmgr[1268]: 919C12A1CAD: removed
Apr  1 08:28:58 vps305 postfix/smtp[12861]: 990CB2A1CB3: to=<project-backup@host223.example.com>, relay=mailcleaner.host223.example.com[10.0.0.173]:25, delay=0.45, delays=0.01/0/0.03/0.42, dsn=2.0.0, status=sent (250 OK id=1WUsBt-00072V-OD)
Apr  1 08:28:58 vps305 postfix/qmgr[1268]: 990CB2A1CB3: removed
Apr  1 08:28:58 vps305 postfix/smtp[12856]: 93E982A1CB1: to=<project-backup@host223.example.com>, relay=mailcleaner.host223.example.com[10.0.0.173]:25, delay=0.59, delays=0.01/0/0.03/0.55, dsn=2.0.0, status=sent (250 OK id=1WUsBt-00072U-NW)
Apr  1 08:28:58 vps305 postfix/qmgr[1268]: 93E982A1CB1: removed
Apr  1 08:28:58 vps305 postfix/smtp[12863]: 96EF12A1CB2: to=<biel@host7.example.com>, relay=mail.host7.example.com[10.0.0.46]:25, delay=1.3, delays=0.01/0/0.24/1, dsn=2.6.0, status=sent (250 2.6.0 <20140401062857.96EF12A1CB2@vps305.host223.example.com> [InternalId=59568] Queued mail for delivery)
Apr  1 08:28:58 vps305 postfix/qmgr[1268]: 96EF12A1CB2: removed
Apr  1 08:32:02 vps305 postfix/pickup[3386]: 487462A1CAD: uid=30 from=<project-backup@host223.example.com>
Apr  1 08:32:02 vps305 postfix/cleanup[13978]: 487462A1CAD: message-id=<20140401063202.487462A1CAD@vps305.host223.example.com>
Apr  1 08:32:02 vps305 postfix/qmgr[1268]: 487462A1CAD: from=<project-backup@host223.example.com>, size=51516, nrcpt=1 (queue active)
Apr  1 08:32:02 vps305 postfix/pickup[3386]: 4A00A2A1C73: uid=30 from=<project-backup@host223.example.com>
Apr  1 08:32:02 vps305 postfix/cleanup[13978]: 4A00A2A1C73: message-id=<20140401063202.4A00A2A1C73@vps305.host223.example.com>
Apr  1 08:32:02 vps305 postfix/qmgr[1268]: 4A00A2A1C73: from=<project-backup@host223.example.com>, size=51523, nrcpt=1 (queue active)
Apr  1 08:32:02 vps305 postfix/pickup[3386]: 509C92A1CB2: uid=30 from=<project-backup@host223.example.com>
Apr  1 08:32:02 vps305 postfix/cleanup[13978]: 509C92A1CB2: message-id=<20140401063202.509C92A1CB2@vps305.host223.example.com>
Apr  1 08:32:02 vps305 postfix/qmgr[1268]: 509C92A1CB2: from=<project-backup@host223.example.com>, size=37054, nrcpt=1 (queue active)
Apr  1 08:32:02 vps305 postfix/pickup[3386]: 52EED2A1CB3: uid=30 from=<project-backup@host223.example.com>
Apr  1 08:32:02 vps305 postfix/cleanup[13978]: 52EED2A1CB3: message-id=<20140401063202.52EED2A1CB3@vps305.host223.example.com>
Apr  1 08:32:02 vps305 postfix/qmgr[1268]: 52EED2A1CB3: from=<project-backup@host223.example.com>, size=37061, nrcpt=1 (queue active)
Apr  1 08:32:02 vps305 postfix/smtp[13982]: certificate verification failed for mail.host7.example.com[10.0.0.46]:25: untrusted issuer /C=US/O=The Go Daddy Group, Inc./OU=Go Daddy Class 2 Certification Authority
Apr  1 08:32:02 vps305 postfix/smtp[13987]: certificate verification failed for mail.host7.example.com[10.0.0.46]:25: untrusted issuer /C=US/O=The Go Daddy Group, Inc./OU=Go Daddy Class 2 Certification Authority
Apr  1 08:32:02 vps305 postfix/pickup[3386]: 871E32A1CB4: uid=30 from=<project-backup@host223.example.com>
Apr  1 08:32:02 vps305 postfix/cleanup[13978]: 871E32A1CB4: message-id=<20140401063202.871E32A1CB4@vps305.host223.example.com>
Apr  1 08:32:02 vps305 postfix/qmgr[1268]: 871E32A1CB4: from=<project-backup@host223.example.com>, size=18081, nrcpt=1 (queue active)
Apr  1 08:32:02 vps305 postfix/pickup[3386]: 890112A1CB5: uid=30 from=<project-backup@host223.example.com>
Apr  1 08:32:02 vps305 postfix/cleanup[13978]: 890112A1CB5: message-id=<20140401063202.890112A1CB5@vps305.host223.example.com>
Apr  1 08:32:02 vps305 postfix/qmgr[1268]: 890112A1CB5: from=<project-backup@host223.example.com>, size=18088, nrcpt=1 (queue active)
Apr  1 08:32:02 vps305 postfix/pickup[3386]: C078C2A1CB6: uid=30 from=<project-backup@host223.example.com>
Apr  1 08:32:02 vps305 postfix/cleanup[13978]: C078C2A1CB6: message-id=<20140401063202.C078C2A1CB6@vps305.host223.example.com>
Apr  1 08:32:02 vps305 postfix/qmgr[1268]: C078C2A1CB6: from=<project-backup@host223.example.com>, size=30985, nrcpt=1 (queue active)
Apr  1 08:32:02 vps305 postfix/pickup[3386]: C27282A1CB7: uid=30 from=<project-backup@host223.example.com>
Apr  1 08:32:02 vps305 postfix/cleanup[13978]: C27282A1CB7: message-id=<20140401063202.C27282A1CB7@vps305.host223.example.com>
Apr  1 08:32:02 vps305 postfix/qmgr[1268]: C27282A1CB7: from=<project-backup@host223.example.com>, size=30992, nrcpt=1 (queue active)
Apr  1 08:32:02 vps305 postfix/smtp[13994]: certificate verification failed for mail.host7.example.com[10.0.0.46]:25: untrusted issuer /C=US/O=The Go Daddy Group, Inc./OU=Go Daddy Class 2 Certification Authority
Apr  1 08:32:02 vps305 postfix/smtp[14001]: C078C2A1CB6: enabling PIX workarounds: disable_esmtp delay_dotcrlf for mail.host27.example.com[10.0.0.85]:25
Apr  1 08:32:02 vps305 postfix/smtp[13983]: 4A00A2A1C73: to=<project-backup@host223.example.com>, relay=mailcleaner.host223.example.com[10.0.0.173]:25, delay=0.6, delays=0.01/0/0.03/0.56, dsn=2.0.0, status=sent (250 OK id=1WUsEs-00076U-E0)
Apr  1 08:32:02 vps305 postfix/qmgr[1268]: 4A00A2A1C73: removed
Apr  1 08:32:02 vps305 postfix/pickup[3386]: EF5752A1CB1: uid=30 from=<project-backup@host223.example.com>
Apr  1 08:32:02 vps305 postfix/cleanup[13978]: EF5752A1CB1: message-id=<20140401063202.EF5752A1CB1@vps305.host223.example.com>
Apr  1 08:32:02 vps305 postfix/qmgr[1268]: EF5752A1CB1: from=<project-backup@host223.example.com>, size=83789, nrcpt=1 (queue active)
Apr  1 08:32:02 vps305 postfix/pickup[3386]: F17142A1CB8: uid=30 from=<project-backup@host223.example.com>
Apr  1 08:32:02 vps305 postfix/cleanup[13978]: F17142A1CB8: message-id=<20140401063202.F17142A1CB8@vps305.host223.example.com>
Apr  1 08:32:02 vps305 postfix/qmgr[1268]: F17142A1CB8: from=<project-backup@host223.example.com>, size=83796, nrcpt=1 (queue active)
Apr  1 08:32:03 vps305 postfix/smtp[13983]: certificate verification failed for mail.host7.example.com[10.0.0.46]:25: untrusted issuer /C=US/O=The Go Daddy Group, Inc./OU=Go Daddy Class 2 Certification Authority
Apr  1 08:32:03 vps305 postfix/smtp[13996]: 890112A1CB5: to=<project-backup@host223.example.com>, relay=mailcleaner.host223.example.com[10.0.0.173]:25, delay=0.78, delays=0.02/0/0.03/0.74, dsn=2.0.0, status=sent (250 OK id=1WUsEs-00076W-Md)
Apr  1 08:32:03 vps305 postfix/qmgr[1268]: 890112A1CB5: removed
Apr  1 08:32:03 vps305 postfix/smtp[14001]: C078C2A1CB6: to=<jcmoreau@homevert-host28.example.com>, relay=mail.host27.example.com[10.0.0.85]:25, delay=0.62, delays=0.01/0/0.09/0.51, dsn=2.6.0, status=sent (250 2.6.0 message received)
Apr  1 08:32:03 vps305 postfix/qmgr[1268]: C078C2A1CB6: removed
Apr  1 08:32:03 vps305 postfix/smtp[14003]: C27282A1CB7: to=<project-backup@host223.example.com>, relay=mailcleaner.host223.example.com[10.0.0.173]:25, delay=1.2, delays=0.01/0/0.03/1.1, dsn=2.0.0, status=sent (250 OK id=1WUsEs-00076X-Tw)
Apr  1 08:32:03 vps305 postfix/qmgr[1268]: C27282A1CB7: removed
Apr  1 08:32:03 vps305 postfix/smtp[13987]: 509C92A1CB2: to=<vevey@host7.example.com>, relay=mail.host7.example.com[10.0.0.46]:25, delay=1.6, delays=0.01/0/0.24/1.4, dsn=2.6.0, status=sent (250 2.6.0 <20140401063202.509C92A1CB2@vps305.host223.example.com> [InternalId=59577] Queued mail for delivery)
Apr  1 08:32:03 vps305 postfix/qmgr[1268]: 509C92A1CB2: removed
Apr  1 08:32:04 vps305 postfix/smtp[13982]: 487462A1CAD: to=<zug@host7.example.com>, relay=mail.host7.example.com[10.0.0.46]:25, delay=1.8, delays=0.03/0/0.24/1.6, dsn=2.6.0, status=sent (250 2.6.0 <20140401063202.487462A1CAD@vps305.host223.example.com> [InternalId=59576] Queued mail for delivery)
Apr  1 08:32:04 vps305 postfix/qmgr[1268]: 487462A1CAD: removed
Apr  1 08:32:04 vps305 postfix/smtp[14009]: F17142A1CB8: to=<project-backup@host223.example.com>, relay=mailcleaner.host223.example.com[10.0.0.173]:25, delay=1.2, delays=0.01/0/0.03/1.1, dsn=2.0.0, status=sent (250 OK id=1WUsEt-00076c-40)
Apr  1 08:32:04 vps305 postfix/qmgr[1268]: F17142A1CB8: removed
Apr  1 08:32:04 vps305 postfix/smtp[13994]: 871E32A1CB4: to=<zug@host7.example.com>, relay=mail.host7.example.com[10.0.0.46]:25, delay=1.7, delays=0.01/0/0.32/1.4, dsn=2.6.0, status=sent (250 2.6.0 <20140401063202.871E32A1CB4@vps305.host223.example.com> [InternalId=59578] Queued mail for delivery)
Apr  1 08:32:04 vps305 postfix/qmgr[1268]: 871E32A1CB4: removed
Apr  1 08:32:05 vps305 postfix/smtp[13983]: EF5752A1CB1: to=<biel@host7.example.com>, relay=mail.host7.example.com[10.0.0.46]:25, delay=2.2, delays=0.01/0/0.33/1.9, dsn=2.6.0, status=sent (250 2.6.0 <20140401063202.EF5752A1CB1@vps305.host223.example.com> [InternalId=59579] Queued mail for delivery)
Apr  1 08:32:05 vps305 postfix/qmgr[1268]: EF5752A1CB1: removed
Apr  1 08:32:29 vps305 postfix/smtp[13989]: 52EED2A1CB3: to=<project-backup@host223.example.com>, relay=mailcleaner.host223.example.com[10.0.0.173]:25, delay=27, delays=0.01/0/0.03/27, dsn=2.0.0, status=sent (250 OK id=1WUsEx-00076V-F6)
Apr  1 08:32:29 vps305 postfix/qmgr[1268]: 52EED2A1CB3: removed
Apr  1 08:34:53 vps305 postfix/pickup[3386]: 96F5C2A1CAD: uid=30 from=<project-backup@host223.example.com>
Apr  1 08:34:53 vps305 postfix/cleanup[21437]: 96F5C2A1CAD: message-id=<20140401063453.96F5C2A1CAD@vps305.host223.example.com>
Apr  1 08:34:53 vps305 postfix/qmgr[1268]: 96F5C2A1CAD: from=<project-backup@host223.example.com>, size=47754, nrcpt=2 (queue active)
Apr  1 08:34:53 vps305 postfix/pickup[3386]: 988662A1CA9: uid=30 from=<project-backup@host223.example.com>
Apr  1 08:34:53 vps305 postfix/cleanup[21437]: 988662A1CA9: message-id=<20140401063453.988662A1CA9@vps305.host223.example.com>
Apr  1 08:34:53 vps305 postfix/qmgr[1268]: 988662A1CA9: from=<project-backup@host223.example.com>, size=47722, nrcpt=1 (queue active)
Apr  1 08:34:53 vps305 postfix/pickup[3386]: 9B15A2A1CB2: uid=30 from=<project-backup@host223.example.com>
Apr  1 08:34:53 vps305 postfix/cleanup[21441]: 9B15A2A1CB2: message-id=<20140401063453.9B15A2A1CB2@vps305.host223.example.com>
Apr  1 08:34:53 vps305 postfix/qmgr[1268]: 9B15A2A1CB2: from=<project-backup@host223.example.com>, size=47305, nrcpt=1 (queue active)
Apr  1 08:34:53 vps305 postfix/pickup[3386]: 9D1F92A1CB3: uid=30 from=<project-backup@host223.example.com>
Apr  1 08:34:53 vps305 postfix/cleanup[21437]: 9D1F92A1CB3: message-id=<20140401063453.9D1F92A1CB3@vps305.host223.example.com>
Apr  1 08:34:53 vps305 postfix/qmgr[1268]: 9D1F92A1CB3: from=<project-backup@host223.example.com>, size=47291, nrcpt=1 (queue active)
Apr  1 08:34:53 vps305 postfix/smtp[21447]: certificate verification failed for mail.host7.example.com[10.0.0.46]:25: untrusted issuer /C=US/O=The Go Daddy Group, Inc./OU=Go Daddy Class 2 Certification Authority
Apr  1 08:34:53 vps305 postfix/smtp[21442]: certificate verification failed for smtp2.host109.example.com[10.0.0.114]:25: untrusted issuer /C=US/ST=Arizona/L=Scottsdale/O=Starfield Technologies, Inc./CN=Starfield Root Certificate Authority - G2
Apr  1 08:34:54 vps305 postfix/smtp[21442]: 96F5C2A1CAD: to=<christophe.roduit@host170.example.com>, relay=smtp2.host109.example.com[10.0.0.114]:25, delay=0.86, delays=0.02/0/0.47/0.36, dsn=2.0.0, status=sent (250 253872716 message accepted for delivery)
Apr  1 08:34:54 vps305 postfix/smtp[21442]: 96F5C2A1CAD: to=<pablo.suarez@host170.example.com>, relay=smtp2.host109.example.com[10.0.0.114]:25, delay=0.86, delays=0.02/0/0.47/0.36, dsn=2.0.0, status=sent (250 253872716 message accepted for delivery)
Apr  1 08:34:54 vps305 postfix/qmgr[1268]: 96F5C2A1CAD: removed
Apr  1 08:34:55 vps305 postfix/smtp[21447]: 9B15A2A1CB2: to=<luzern@host7.example.com>, relay=mail.host7.example.com[10.0.0.46]:25, delay=1.4, delays=0.01/0/0.24/1.2, dsn=2.6.0, status=sent (250 2.6.0 <20140401063453.9B15A2A1CB2@vps305.host223.example.com> [InternalId=59586] Queued mail for delivery)
Apr  1 08:34:55 vps305 postfix/qmgr[1268]: 9B15A2A1CB2: removed
Apr  1 08:35:01 vps305 postfix/smtp[21444]: 988662A1CA9: to=<project-backup@host223.example.com>, relay=mailcleaner.host223.example.com[10.0.0.173]:25, delay=7.9, delays=0.01/0/0.03/7.8, dsn=2.0.0, status=sent (250 OK id=1WUsHd-0007Cd-OX)
Apr  1 08:35:01 vps305 postfix/qmgr[1268]: 988662A1CA9: removed
Apr  1 08:35:03 vps305 postfix/smtp[21449]: 9D1F92A1CB3: to=<project-backup@host223.example.com>, relay=mailcleaner.host223.example.com[10.0.0.173]:25, delay=9.4, delays=0.01/0/0.03/9.3, dsn=2.0.0, status=sent (250 OK id=1WUsHd-0007Ce-P6)
Apr  1 08:35:03 vps305 postfix/qmgr[1268]: 9D1F92A1CB3: removed
Apr  1 08:35:49 vps305 postfix/scache[14010]: statistics: start interval Apr  1 08:32:03
Apr  1 08:35:49 vps305 postfix/scache[14010]: statistics: domain lookup hits=0 miss=1 success=0%
Apr  1 08:35:49 vps305 postfix/scache[14010]: statistics: address lookup hits=0 miss=1 success=0%
Apr  1 08:35:49 vps305 postfix/scache[14010]: statistics: max simultaneous domains=1 addresses=1 connection=1
Apr  1 08:36:46 vps305 postfix/pickup[3386]: 52F732A1CAD: uid=30 from=<project-backup@host223.example.com>
Apr  1 08:36:46 vps305 postfix/cleanup[22249]: 52F732A1CAD: message-id=<20140401063646.52F732A1CAD@vps305.host223.example.com>
Apr  1 08:36:46 vps305 postfix/qmgr[1268]: 52F732A1CAD: from=<project-backup@host223.example.com>, size=76653, nrcpt=1 (queue active)
Apr  1 08:36:46 vps305 postfix/pickup[3386]: 66EFB2A1CA9: uid=30 from=<project-backup@host223.example.com>
Apr  1 08:36:46 vps305 postfix/cleanup[22249]: 66EFB2A1CA9: message-id=<20140401063646.66EFB2A1CA9@vps305.host223.example.com>
Apr  1 08:36:46 vps305 postfix/qmgr[1268]: 66EFB2A1CA9: from=<project-backup@host223.example.com>, size=76649, nrcpt=1 (queue active)
Apr  1 08:36:46 vps305 postfix/pickup[3386]: 6A1EC2A1CB2: uid=30 from=<project-backup@host223.example.com>
Apr  1 08:36:46 vps305 postfix/cleanup[22249]: 6A1EC2A1CB2: message-id=<20140401063646.6A1EC2A1CB2@vps305.host223.example.com>
Apr  1 08:36:46 vps305 postfix/qmgr[1268]: 6A1EC2A1CB2: from=<project-backup@host223.example.com>, size=77458, nrcpt=1 (queue active)
Apr  1 08:36:46 vps305 postfix/pickup[3386]: 6C4542A1CB3: uid=30 from=<project-backup@host223.example.com>
Apr  1 08:36:46 vps305 postfix/cleanup[22249]: 6C4542A1CB3: message-id=<20140401063646.6C4542A1CB3@vps305.host223.example.com>
Apr  1 08:36:46 vps305 postfix/qmgr[1268]: 6C4542A1CB3: from=<project-backup@host223.example.com>, size=77444, nrcpt=1 (queue active)
Apr  1 08:36:46 vps305 postfix/smtp[22259]: certificate verification failed for mail.host7.example.com[10.0.0.46]:25: untrusted issuer /C=US/O=The Go Daddy Group, Inc./OU=Go Daddy Class 2 Certification Authority
Apr  1 08:36:47 vps305 postfix/smtp[22260]: 6C4542A1CB3: to=<project-backup@host223.example.com>, relay=mailcleaner.host223.example.com[10.0.0.173]:25, delay=0.89, delays=0.01/0/0.03/0.85, dsn=2.0.0, status=sent (250 OK id=1WUsJS-0007FQ-Kf)
Apr  1 08:36:47 vps305 postfix/qmgr[1268]: 6C4542A1CB3: removed
Apr  1 08:36:47 vps305 postfix/smtp[22255]: 66EFB2A1CA9: to=<project-backup@host223.example.com>, relay=mailcleaner.host223.example.com[10.0.0.173]:25, delay=1.4, delays=0.08/0/0.03/1.2, dsn=2.0.0, status=sent (250 OK id=1WUsJS-0007FP-Kf)
Apr  1 08:36:47 vps305 postfix/qmgr[1268]: 66EFB2A1CA9: removed
Apr  1 08:36:48 vps305 postfix/smtp[22253]: 52F732A1CAD: to=<Timon.Gischig@host128.example.com>, relay=lekkerland.mailin2.domain6.example.com[10.0.0.246]:25, delay=2, delays=0.09/0/0.18/1.8, dsn=2.0.0, status=sent (250 2.0.0 Ok: queued as 94A201A03A1)
Apr  1 08:36:48 vps305 postfix/qmgr[1268]: 52F732A1CAD: removed
Apr  1 08:36:49 vps305 postfix/smtp[22259]: 6A1EC2A1CB2: to=<volketswil@host7.example.com>, relay=mail.host7.example.com[10.0.0.46]:25, delay=3.1, delays=0.01/0/0.37/2.7, dsn=2.6.0, status=sent (250 2.6.0 <20140401063646.6A1EC2A1CB2@vps305.host223.example.com> [InternalId=59587] Queued mail for delivery)
Apr  1 08:36:49 vps305 postfix/qmgr[1268]: 6A1EC2A1CB2: removed
Apr  1 08:40:17 vps305 postfix/pickup[3386]: 42EFD2A1CAD: uid=30 from=<project-backup@host223.example.com>
Apr  1 08:40:17 vps305 postfix/cleanup[23274]: 42EFD2A1CAD: message-id=<20140401064017.42EFD2A1CAD@vps305.host223.example.com>
Apr  1 08:40:17 vps305 postfix/qmgr[1268]: 42EFD2A1CAD: from=<project-backup@host223.example.com>, size=14005, nrcpt=1 (queue active)
Apr  1 08:40:17 vps305 postfix/pickup[3386]: 443E82A1C73: uid=30 from=<project-backup@host223.example.com>
Apr  1 08:40:17 vps305 postfix/cleanup[23274]: 443E82A1C73: message-id=<20140401064017.443E82A1C73@vps305.host223.example.com>
Apr  1 08:40:17 vps305 postfix/qmgr[1268]: 443E82A1C73: from=<project-backup@host223.example.com>, size=14012, nrcpt=1 (queue active)
Apr  1 08:40:17 vps305 postfix/pickup[3386]: 482D42A1CB2: uid=30 from=<project-backup@host223.example.com>
Apr  1 08:40:17 vps305 postfix/cleanup[23274]: 482D42A1CB2: message-id=<20140401064017.482D42A1CB2@vps305.host223.example.com>
Apr  1 08:40:17 vps305 postfix/qmgr[1268]: 482D42A1CB2: from=<project-backup@host223.example.com>, size=11215, nrcpt=1 (queue active)
Apr  1 08:40:17 vps305 postfix/pickup[3386]: 4A18D2A1CB3: uid=30 from=<project-backup@host223.example.com>
Apr  1 08:40:17 vps305 postfix/cleanup[23274]: 4A18D2A1CB3: message-id=<20140401064017.4A18D2A1CB3@vps305.host223.example.com>
Apr  1 08:40:17 vps305 postfix/qmgr[1268]: 4A18D2A1CB3: from=<project-backup@host223.example.com>, size=11201, nrcpt=1 (queue active)
Apr  1 08:40:17 vps305 postfix/smtp[23283]: connect to gmail-smtp-in.l.domain13.example.org[2a00:1450:4013:c01::1b]:25: Cannot assign requested address
Apr  1 08:40:17 vps305 postfix/smtp[23278]: certificate verification failed for mail.host180.example.com[10.0.0.219]:25: untrusted issuer /C=SE/O=AddTrust AB/OU=AddTrust External TTP Network/CN=AddTrust External CA Root
Apr  1 08:40:17 vps305 postfix/smtp[23283]: certificate verification failed for gmail-smtp-in.l.domain13.example.org[10.0.0.204]:25: untrusted issuer /C=US/O=Equifax/OU=Equifax Secure Certificate Authority
Apr  1 08:40:17 vps305 postfix/smtp[23283]: 482D42A1CB2: to=<restaurantbigbang@domain10.example.org>, relay=gmail-smtp-in.l.domain13.example.org[10.0.0.204]:25, delay=0.62, delays=0/0/0.4/0.22, dsn=2.0.0, status=sent (250 2.0.0 OK 1396334417 x47si26485656eel.133 - gsmtp)
Apr  1 08:40:17 vps305 postfix/qmgr[1268]: 482D42A1CB2: removed
Apr  1 08:40:21 vps305 postfix/smtp[23278]: 42EFD2A1CAD: to=<info@host122.example.com>, relay=mail.host180.example.com[10.0.0.219]:25, delay=4.4, delays=0.02/0/0.22/4.2, dsn=2.0.0, status=sent (250 ok 1396334421 qp 17060)
Apr  1 08:40:21 vps305 postfix/qmgr[1268]: 42EFD2A1CAD: removed
Apr  1 08:40:30 vps305 postfix/smtp[23285]: 4A18D2A1CB3: to=<project-backup@host223.example.com>, relay=mailcleaner.host223.example.com[10.0.0.173]:25, delay=13, delays=0/0/0.03/13, dsn=2.0.0, status=sent (250 OK id=1WUsN4-0007JI-6Y)
Apr  1 08:40:30 vps305 postfix/qmgr[1268]: 4A18D2A1CB3: removed
Apr  1 08:40:31 vps305 postfix/smtp[23279]: 443E82A1C73: to=<project-backup@host223.example.com>, relay=mailcleaner.host223.example.com[10.0.0.173]:25, delay=14, delays=0.01/0/0.03/14, dsn=2.0.0, status=sent (250 OK id=1WUsN4-0007JH-6Y)
Apr  1 08:40:31 vps305 postfix/qmgr[1268]: 443E82A1C73: removed
Apr  1 08:41:06 vps305 postfix/pickup[3386]: 7F14B2A1CAD: uid=30 from=<project-backup@host223.example.com>
Apr  1 08:41:06 vps305 postfix/cleanup[23274]: 7F14B2A1CAD: message-id=<20140401064106.7F14B2A1CAD@vps305.host223.example.com>
Apr  1 08:41:06 vps305 postfix/qmgr[1268]: 7F14B2A1CAD: from=<project-backup@host223.example.com>, size=28576, nrcpt=1 (queue active)
Apr  1 08:41:06 vps305 postfix/pickup[3386]: 810122A1CB1: uid=30 from=<project-backup@host223.example.com>
Apr  1 08:41:06 vps305 postfix/cleanup[23274]: 810122A1CB1: message-id=<20140401064106.810122A1CB1@vps305.host223.example.com>
Apr  1 08:41:06 vps305 postfix/qmgr[1268]: 810122A1CB1: from=<project-backup@host223.example.com>, size=28574, nrcpt=1 (queue active)
Apr  1 08:41:06 vps305 postfix/pickup[3386]: 838012A1CB2: uid=30 from=<project-backup@host223.example.com>
Apr  1 08:41:06 vps305 postfix/cleanup[23274]: 838012A1CB2: message-id=<20140401064106.838012A1CB2@vps305.host223.example.com>
Apr  1 08:41:06 vps305 postfix/qmgr[1268]: 838012A1CB2: from=<project-backup@host223.example.com>, size=26439, nrcpt=1 (queue active)
Apr  1 08:41:06 vps305 postfix/smtp[23285]: connect to gmail-smtp-in.l.domain13.example.org[2a00:1450:4013:c01::1b]:25: Cannot assign requested address
Apr  1 08:41:06 vps305 postfix/pickup[3386]: 856722A1CB3: uid=30 from=<project-backup@host223.example.com>
Apr  1 08:41:06 vps305 postfix/cleanup[23274]: 856722A1CB3: message-id=<20140401064106.856722A1CB3@vps305.host223.example.com>
Apr  1 08:41:06 vps305 postfix/qmgr[1268]: 856722A1CB3: from=<project-backup@host223.example.com>, size=26425, nrcpt=1 (queue active)
Apr  1 08:41:06 vps305 postfix/smtp[23285]: certificate verification failed for gmail-smtp-in.l.domain13.example.org[10.0.0.204]:25: untrusted issuer /C=US/O=Equifax/OU=Equifax Secure Certificate Authority
Apr  1 08:41:07 vps305 postfix/smtp[23285]: 838012A1CB2: to=<milliways.cafe@domain10.example.org>, relay=gmail-smtp-in.l.domain13.example.org[10.0.0.204]:25, delay=0.86, delays=0/0/0.24/0.61, dsn=2.0.0, status=sent (250 2.0.0 OK 1396334467 b48si26477501eew.187 - gsmtp)
Apr  1 08:41:07 vps305 postfix/qmgr[1268]: 838012A1CB2: removed
Apr  1 08:41:11 vps305 postfix/smtp[23278]: 810122A1CB1: to=<project-backup@host223.example.com>, relay=mailcleaner.host223.example.com[10.0.0.173]:25, delay=4.5, delays=0.01/0/0.03/4.5, dsn=2.0.0, status=sent (250 OK id=1WUsNe-0007KJ-Li)
Apr  1 08:41:11 vps305 postfix/qmgr[1268]: 810122A1CB1: removed
Apr  1 08:41:11 vps305 postfix/smtp[23279]: 856722A1CB3: to=<project-backup@host223.example.com>, relay=mailcleaner.host223.example.com[10.0.0.173]:25, delay=4.5, delays=0.01/0/0.03/4.5, dsn=2.0.0, status=sent (250 OK id=1WUsNe-0007KK-MA)
Apr  1 08:41:11 vps305 postfix/qmgr[1268]: 856722A1CB3: removed
Apr  1 08:41:14 vps305 postfix/smtp[23283]: 7F14B2A1CAD: to=<fortunato.amalfi@host182.example.com>, relay=mx01.trust-host59.example.com[10.0.0.208]:25, delay=7.5, delays=0.01/0/0.24/7.3, dsn=2.0.0, status=sent (250 2.0.0 s316f64K013388-s316f64L013388 Message accepted for delivery)
Apr  1 08:41:14 vps305 postfix/qmgr[1268]: 7F14B2A1CAD: removed
Apr  1 08:42:56 vps305 postfix/pickup[3386]: CF03E2A1CAD: uid=30 from=<project-backup@host223.example.com>
Apr  1 08:42:56 vps305 postfix/cleanup[23525]: CF03E2A1CAD: message-id=<20140401064256.CF03E2A1CAD@vps305.host223.example.com>
Apr  1 08:42:56 vps305 postfix/qmgr[1268]: CF03E2A1CAD: from=<project-backup@host223.example.com>, size=31097, nrcpt=2 (queue active)
Apr  1 08:42:56 vps305 postfix/pickup[3386]: D21B52A1CA9: uid=30 from=<project-backup@host223.example.com>
Apr  1 08:42:56 vps305 postfix/cleanup[23525]: D21B52A1CA9: message-id=<20140401064256.D21B52A1CA9@vps305.host223.example.com>
Apr  1 08:42:56 vps305 postfix/qmgr[1268]: D21B52A1CA9: from=<project-backup@host223.example.com>, size=31065, nrcpt=1 (queue active)
Apr  1 08:42:56 vps305 postfix/pickup[3386]: D43322A1CB2: uid=30 from=<project-backup@host223.example.com>
Apr  1 08:42:56 vps305 postfix/cleanup[23525]: D43322A1CB2: message-id=<20140401064256.D43322A1CB2@vps305.host223.example.com>
Apr  1 08:42:56 vps305 postfix/qmgr[1268]: D43322A1CB2: from=<project-backup@host223.example.com>, size=29563, nrcpt=1 (queue active)
Apr  1 08:42:56 vps305 postfix/pickup[23537]: D69112A1CB3: uid=30 from=<project-backup@host223.example.com>
Apr  1 08:42:56 vps305 postfix/cleanup[23525]: D69112A1CB3: message-id=<20140401064256.D69112A1CB3@vps305.host223.example.com>
Apr  1 08:42:56 vps305 postfix/qmgr[1268]: D69112A1CB3: from=<project-backup@host223.example.com>, size=29549, nrcpt=1 (queue active)
Apr  1 08:42:57 vps305 postfix/smtp[23535]: certificate verification failed for mail.host7.example.com[10.0.0.46]:25: untrusted issuer /C=US/O=The Go Daddy Group, Inc./OU=Go Daddy Class 2 Certification Authority
Apr  1 08:42:57 vps305 postfix/smtp[23530]: certificate verification failed for smtp2.host109.example.com[10.0.0.114]:25: untrusted issuer /C=US/ST=Arizona/L=Scottsdale/O=Starfield Technologies, Inc./CN=Starfield Root Certificate Authority - G2
Apr  1 08:42:57 vps305 postfix/smtp[23538]: D69112A1CB3: to=<project-backup@host223.example.com>, relay=mailcleaner.host223.example.com[10.0.0.173]:25, delay=0.39, delays=0.01/0/0.03/0.35, dsn=2.0.0, status=sent (250 OK id=1WUsPR-0007Mu-0m)
Apr  1 08:42:57 vps305 postfix/qmgr[1268]: D69112A1CB3: removed
Apr  1 08:42:57 vps305 postfix/smtp[23530]: CF03E2A1CAD: to=<christophe.roduit@host170.example.com>, relay=smtp2.host109.example.com[10.0.0.114]:25, delay=0.93, delays=0.03/0/0.5/0.4, dsn=2.0.0, status=sent (250 253873051 message accepted for delivery)
Apr  1 08:42:57 vps305 postfix/smtp[23530]: CF03E2A1CAD: to=<pablo.suarez@host170.example.com>, relay=smtp2.host109.example.com[10.0.0.114]:25, delay=0.93, delays=0.03/0/0.5/0.4, dsn=2.0.0, status=sent (250 253873051 message accepted for delivery)
Apr  1 08:42:57 vps305 postfix/qmgr[1268]: CF03E2A1CAD: removed
Apr  1 08:42:57 vps305 postfix/smtp[23535]: D43322A1CB2: to=<vevey@host7.example.com>, relay=mail.host7.example.com[10.0.0.46]:25, delay=0.99, delays=0/0/0.25/0.73, dsn=2.6.0, status=sent (250 2.6.0 <20140401064256.D43322A1CB2@vps305.host223.example.com> [InternalId=59598] Queued mail for delivery)
Apr  1 08:42:57 vps305 postfix/qmgr[1268]: D43322A1CB2: removed
Apr  1 08:43:06 vps305 postfix/smtp[23532]: D21B52A1CA9: to=<project-backup@host223.example.com>, relay=mailcleaner.host223.example.com[10.0.0.173]:25, delay=10, delays=0.01/0/0.03/10, dsn=2.0.0, status=sent (250 OK id=1WUsPW-0007Mt-06)
