Apr  1 08:05:21 vps305 postfix/smtp[16405]: certificate verification failed for gmail-smtp-in.l.domain13.example.org[10.0.0.203]:25: untrusted issuer /C=US/O=Equifax/OU=Equifax Secure Certificate Authority
Apr  1 08:05:21 vps305 postfix/smtp[25348]: 1558C2A1CAD: to=<callcenter@host101.example.com>, relay=smtp1.host101.example.com[10.0.0.50]:25, delay=0.73, delays=0.02/0/0.52/0.19, dsn=2.0.0, status=sent (250 2.0.0 Ok: queued as 383FA2956F)
Apr  1 08:05:21 vps305 postfix/qmgr[1268]: 1558C2A1CAD: removed
Apr  1 08:05:21 vps305 postfix/smtp[16405]: 198F32A1CB2: to=<milliways.cafe@domain10.example.org>, relay=gmail-smtp-in.l.domain13.example.org[10.0.0.203]:25, delay=0.78, delays=0/0/0.13/0.65, dsn=2.0.0, status=sent (250 2.0.0 OK 1396332321 o46si26321493eem.159 - gsmtp)
Apr  1 08:05:21 vps305 postfix/qmgr[1268]: 198F32A1CB2: removed
Apr  1 08:05:22 vps305 postfix/smtp[17173]: 1B6AB2A1CB3: to=<project-backup@host223.example.com>, relay=mailcleaner.host223.example.com[10.0.0.173]:25, delay=1.5, delays=0/0/0.03/1.5, dsn=2.0.0, status=sent (250 OK id=1WUrp3-0006Oq-7s)
Apr  1 08:05:22 vps305 postfix/qmgr[1268]: 1B6AB2A1CB3: removed
Apr  1 08:05:22 vps305 postfix/smtp[25356]: 174A72A1CB1: to=<project-backup@host223.example.com>, relay=mailcleaner.host223.example.com[10.0.0.173]:25, delay=1.7, delays=0.01/0/0.03/1.6, dsn=2.0.0, status=sent (250 OK id=1WUrp3-0006Op-7Q)
Apr  1 08:05:22 vps305 postfix/qmgr[1268]: 174A72A1CB1: removed
Apr  1 08:07:14 vps305 postfix/pickup[25390]: 3E81C2A1CAD: uid=30 from=<project-backup@host223.example.com>
Apr  1 08:07:14 vps305 postfix/cleanup[26510]: 3E81C2A1CAD: message-id=<20140401060714.3E81C2A1CAD@vps305.host223.example.com>
Apr  1 08:07:14 vps305 postfix/qmgr[1268]: 3E81C2A1CAD: from=<project-backup@host223.example.com>, size=43908, nrcpt=1 (queue active)
Apr  1 08:07:14 vps305 postfix/pickup[25390]: 3FFEB2A1CA9: uid=30 from=<project-backup@host223.example.com>
Apr  1 08:07:14 vps305 postfix/cleanup[26510]: 3FFEB2A1CA9: message-id=<20140401060714.3FFEB2A1CA9@vps305.host223.example.com>
Apr  1 08:07:14 vps305 postfix/qmgr[1268]: 3FFEB2A1CA9: from=<project-backup@host223.example.com>, size=43911, nrcpt=1 (queue active)
Apr  1 08:07:14 vps305 postfix/pickup[25390]: 42A832A1CB2: uid=30 from=<project-backup@host223.example.com>
Apr  1 08:07:14 vps305 postfix/cleanup[26510]: 42A832A1CB2: message-id=<20140401060714.42A832A1CB2@vps305.host223.example.com>
Apr  1 08:07:14 vps305 postfix/qmgr[1268]: 42A832A1CB2: from=<project-backup@host223.example.com>, size=42904, nrcpt=1 (queue active)
Apr  1 08:07:14 vps305 postfix/pickup[25390]: 44A1D2A1CB3: uid=30 from=<project-backup@host223.example.com>
Apr  1 08:07:14 vps305 postfix/cleanup[26510]: 44A1D2A1CB3: message-id=<20140401060714.44A1D2A1CB3@vps305.host223.example.com>
Apr  1 08:07:14 vps305 postfix/qmgr[1268]: 44A1D2A1CB3: from=<project-backup@host223.example.com>, size=42890, nrcpt=1 (queue active)
Apr  1 08:07:14 vps305 postfix/pickup[25390]: 93BF82A1CB4: uid=30 from=<project-backup@host223.example.com>
Apr  1 08:07:14 vps305 postfix/cleanup[26510]: 93BF82A1CB4: message-id=<20140401060714.93BF82A1CB4@vps305.host223.example.com>
Apr  1 08:07:14 vps305 postfix/qmgr[1268]: 93BF82A1CB4: from=<project-backup@host223.example.com>, size=28609, nrcpt=1 (queue active)
Apr  1 08:07:14 vps305 postfix/pickup[25390]: 95C122A1CB5: uid=30 from=<project-backup@host223.example.com>
Apr  1 08:07:14 vps305 postfix/cleanup[26510]: 95C122A1CB5: message-id=<20140401060714.95C122A1CB5@vps305.host223.example.com>
Apr  1 08:07:14 vps305 postfix/qmgr[1268]: 95C122A1CB5: from=<project-backup@host223.example.com>, size=28616, nrcpt=1 (queue active)
Apr  1 08:07:14 vps305 postfix/pickup[25390]: 983222A1CB6: uid=30 from=<project-backup@host223.example.com>
Apr  1 08:07:14 vps305 postfix/cleanup[26510]: 983222A1CB6: message-id=<20140401060714.983222A1CB6@vps305.host223.example.com>
Apr  1 08:07:14 vps305 postfix/qmgr[1268]: 983222A1CB6: from=<project-backup@host223.example.com>, size=26807, nrcpt=1 (queue active)
Apr  1 08:07:14 vps305 postfix/pickup[25390]: 9A0B32A1CB7: uid=30 from=<project-backup@host223.example.com>
Apr  1 08:07:14 vps305 postfix/cleanup[26510]: 9A0B32A1CB7: message-id=<20140401060714.9A0B32A1CB7@vps305.host223.example.com>
Apr  1 08:07:14 vps305 postfix/qmgr[1268]: 9A0B32A1CB7: from=<project-backup@host223.example.com>, size=26793, nrcpt=1 (queue active)
Apr  1 08:07:14 vps305 postfix/smtp[26527]: certificate verification failed for chbeemfm02.host60.example.com[10.0.0.55]:25: untrusted issuer /C=CH/ST=LU/L=Luzern/OU=IT Support/O=Emmi Schweiz AG/emailAddress=ic-hotline-luzern@host60.example.com/CN=EMMI ROOT CA V04
Apr  1 08:07:15 vps305 postfix/smtp[26527]: 93BF82A1CB4: to=<emmishop@host60.example.com>, relay=chbeemfm02.host60.example.com[10.0.0.55]:25, delay=0.5, delays=0.01/0/0.38/0.1, dsn=2.0.0, status=sent (250 2.0.0 s3167E6K023294-s3167E6M023294 Message accepted for delivery)
Apr  1 08:07:15 vps305 postfix/qmgr[1268]: 93BF82A1CB4: removed
Apr  1 08:07:15 vps305 postfix/smtp[26529]: 95C122A1CB5: to=<project-backup@host223.example.com>, relay=mailcleaner.host223.example.com[10.0.0.173]:25, delay=0.57, delays=0.01/0/0.03/0.53, dsn=2.0.0, status=sent (250 OK id=1WUrqs-0006RE-OF)
Apr  1 08:07:15 vps305 postfix/qmgr[1268]: 95C122A1CB5: removed
Apr  1 08:07:15 vps305 postfix/smtp[26520]: 42A832A1CB2: to=<claude@host205.example.com>, relay=edge2.host39.example.com[10.0.0.74]:25, delay=0.91, delays=0.01/0/0.26/0.64, dsn=2.0.0, status=sent (250 2.0.0 s3167ErA032268 Message accepted for delivery)
Apr  1 08:07:15 vps305 postfix/qmgr[1268]: 42A832A1CB2: removed
Apr  1 08:07:15 vps305 postfix/smtp[26515]: 3E81C2A1CAD: to=<commande@host205.example.com>, relay=edge2.host39.example.com[10.0.0.74]:25, delay=0.94, delays=0.02/0/0.26/0.66, dsn=2.0.0, status=sent (250 2.0.0 s3167Ew8032264 Message accepted for delivery)
Apr  1 08:07:15 vps305 postfix/qmgr[1268]: 3E81C2A1CAD: removed
Apr  1 08:07:15 vps305 postfix/smtp[26522]: 44A1D2A1CB3: to=<project-backup@host223.example.com>, relay=mailcleaner.host223.example.com[10.0.0.173]:25, delay=1.2, delays=0.01/0/0.03/1.1, dsn=2.0.0, status=sent (250 OK id=1WUrqs-0006RD-DV)
Apr  1 08:07:15 vps305 postfix/qmgr[1268]: 44A1D2A1CB3: removed
Apr  1 08:07:17 vps305 postfix/smtp[26533]: certificate verification failed for wall.host16.example.com[10.0.0.178]:25: untrusted issuer /C=US/ST=California/L=Sunnyvale/O=Fortinet/OU=Certificate Authority/CN=support/emailAddress=support@domain8.example.org
Apr  1 08:07:19 vps305 postfix/smtp[26517]: 3FFEB2A1CA9: to=<project-backup@host223.example.com>, relay=mailcleaner.host223.example.com[10.0.0.173]:25, delay=5.6, delays=0.01/0/0.03/5.5, dsn=2.0.0, status=sent (250 OK id=1WUrqx-0006RC-Cs)
Apr  1 08:07:19 vps305 postfix/qmgr[1268]: 3FFEB2A1CA9: removed
Apr  1 08:07:20 vps305 postfix/smtp[26535]: 9A0B32A1CB7: to=<project-backup@host223.example.com>, relay=mailcleaner.host223.example.com[10.0.0.173]:25, delay=5.6, delays=0.01/0/5/0.54, dsn=2.0.0, status=sent (250 OK id=1WUrqx-0006RF-Oj)
Apr  1 08:07:20 vps305 postfix/qmgr[1268]: 9A0B32A1CB7: removed
Apr  1 08:07:22 vps305 postfix/smtp[26533]: 983222A1CB6: to=<r.schluep@host37.example.com>, relay=wall.host16.example.com[10.0.0.178]:25, delay=7.6, delays=0/0/2.5/5.1, dsn=2.0.0, status=sent (250 2.0.0 s3173mon022481-s3173mop022481 Message accepted for delivery)
Apr  1 08:07:22 vps305 postfix/qmgr[1268]: 983222A1CB6: removed
Apr  1 08:07:22 vps305 postfix/pickup[25390]: EA7EC2A1CAD: uid=30 from=<project-backup@host223.example.com>
Apr  1 08:07:22 vps305 postfix/cleanup[26510]: EA7EC2A1CAD: message-id=<20140401060722.EA7EC2A1CAD@vps305.host223.example.com>
Apr  1 08:07:22 vps305 postfix/qmgr[1268]: EA7EC2A1CAD: from=<project-backup@host223.example.com>, size=25507, nrcpt=1 (queue active)
Apr  1 08:07:22 vps305 postfix/pickup[25390]: EC8EF2A1CB1: uid=30 from=<project-backup@host223.example.com>
Apr  1 08:07:22 vps305 postfix/cleanup[26510]: EC8EF2A1CB1: message-id=<20140401060722.EC8EF2A1CB1@vps305.host223.example.com>
Apr  1 08:07:22 vps305 postfix/qmgr[1268]: EC8EF2A1CB1: from=<project-backup@host223.example.com>, size=25514, nrcpt=1 (queue active)
Apr  1 08:07:22 vps305 postfix/pickup[25390]: EF0172A1CB2: uid=30 from=<project-backup@host223.example.com>
Apr  1 08:07:22 vps305 postfix/cleanup[26510]: EF0172A1CB2: message-id=<20140401060722.EF0172A1CB2@vps305.host223.example.com>
Apr  1 08:07:22 vps305 postfix/qmgr[1268]: EF0172A1CB2: from=<project-backup@host223.example.com>, size=23570, nrcpt=1 (queue active)
Apr  1 08:07:22 vps305 postfix/pickup[25390]: F0DAC2A1CB3: uid=30 from=<project-backup@host223.example.com>
Apr  1 08:07:22 vps305 postfix/cleanup[26510]: F0DAC2A1CB3: message-id=<20140401060722.F0DAC2A1CB3@vps305.host223.example.com>
Apr  1 08:07:22 vps305 postfix/qmgr[1268]: F0DAC2A1CB3: from=<project-backup@host223.example.com>, size=23556, nrcpt=1 (queue active)
Apr  1 08:07:23 vps305 postfix/smtp[26527]: certificate verification failed for chbeemfm02.host60.example.com[10.0.0.55]:25: untrusted issuer /C=CH/ST=LU/L=Luzern/OU=IT Support/O=Emmi Schweiz AG/emailAddress=ic-hotline-luzern@host60.example.com/CN=EMMI ROOT CA V04
Apr  1 08:07:23 vps305 postfix/smtp[26520]: certificate verification failed for mail.host7.example.com[10.0.0.46]:25: untrusted issuer /C=US/O=The Go Daddy Group, Inc./OU=Go Daddy Class 2 Certification Authority
Apr  1 08:07:23 vps305 postfix/smtp[26527]: EA7EC2A1CAD: to=<emmishop@host60.example.com>, relay=chbeemfm02.host60.example.com[10.0.0.55]:25, delay=0.32, delays=0.03/0/0.2/0.09, dsn=2.0.0, status=sent (250 2.0.0 s3167NYi023307-s3167NYk023307 Message accepted for delivery)
Apr  1 08:07:23 vps305 postfix/qmgr[1268]: EA7EC2A1CAD: removed
Apr  1 08:07:23 vps305 postfix/smtp[26529]: EC8EF2A1CB1: to=<project-backup@host223.example.com>, relay=mailcleaner.host223.example.com[10.0.0.173]:25, delay=0.31, delays=0.01/0/0.03/0.27, dsn=2.0.0, status=sent (250 OK id=1WUrr1-0006Ry-3L)
Apr  1 08:07:23 vps305 postfix/qmgr[1268]: EC8EF2A1CB1: removed
Apr  1 08:07:23 vps305 postfix/smtp[26522]: F0DAC2A1CB3: to=<project-backup@host223.example.com>, relay=mailcleaner.host223.example.com[10.0.0.173]:25, delay=0.66, delays=0/0/0.03/0.63, dsn=2.0.0, status=sent (250 OK id=1WUrr1-0006Rz-3w)
Apr  1 08:07:23 vps305 postfix/qmgr[1268]: F0DAC2A1CB3: removed
Apr  1 08:07:24 vps305 postfix/smtp[26520]: EF0172A1CB2: to=<vevey@host7.example.com>, relay=mail.host7.example.com[10.0.0.46]:25, delay=1.3, delays=0/0/0.31/1, dsn=2.6.0, status=sent (250 2.6.0 <20140401060722.EF0172A1CB2@vps305.host223.example.com> [InternalId=59529] Queued mail for delivery)
Apr  1 08:07:24 vps305 postfix/qmgr[1268]: EF0172A1CB2: removed
Apr  1 08:08:32 vps305 postfix/pickup[25390]: 07D922A1CAD: uid=30 from=<project-backup@host223.example.com>
Apr  1 08:08:32 vps305 postfix/cleanup[26510]: 07D922A1CAD: message-id=<20140401060832.07D922A1CAD@vps305.host223.example.com>
Apr  1 08:08:32 vps305 postfix/qmgr[1268]: 07D922A1CAD: from=<project-backup@host223.example.com>, size=61725, nrcpt=1 (queue active)
Apr  1 08:08:32 vps305 postfix/pickup[25390]: 0A1002A1CB1: uid=30 from=<project-backup@host223.example.com>
Apr  1 08:08:32 vps305 postfix/cleanup[26510]: 0A1002A1CB1: message-id=<20140401060832.0A1002A1CB1@vps305.host223.example.com>
Apr  1 08:08:32 vps305 postfix/qmgr[1268]: 0A1002A1CB1: from=<project-backup@host223.example.com>, size=61732, nrcpt=1 (queue active)
Apr  1 08:08:32 vps305 postfix/pickup[25390]: 0CCB82A1CB2: uid=30 from=<project-backup@host223.example.com>
Apr  1 08:08:32 vps305 postfix/cleanup[26510]: 0CCB82A1CB2: message-id=<20140401060832.0CCB82A1CB2@vps305.host223.example.com>
Apr  1 08:08:32 vps305 postfix/qmgr[1268]: 0CCB82A1CB2: from=<project-backup@host223.example.com>, size=61776, nrcpt=1 (queue active)
Apr  1 08:08:32 vps305 postfix/pickup[25390]: 0ED802A1CB3: uid=30 from=<project-backup@host223.example.com>
Apr  1 08:08:32 vps305 postfix/cleanup[26510]: 0ED802A1CB3: message-id=<20140401060832.0ED802A1CB3@vps305.host223.example.com>
Apr  1 08:08:32 vps305 postfix/qmgr[1268]: 0ED802A1CB3: from=<project-backup@host223.example.com>, size=61762, nrcpt=1 (queue active)
Apr  1 08:08:32 vps305 postfix/smtp[26533]: certificate verification failed for chbeemfm01.host60.example.com[10.0.0.54]:25: untrusted issuer /C=CH/ST=LU/L=Luzern/OU=IT Support/O=Emmi Schweiz AG/emailAddress=ic-hotline-luzern@host60.example.com/CN=EMMI ROOT CA V04
Apr  1 08:08:32 vps305 postfix/smtp[26515]: certificate verification failed for mail.host7.example.com[10.0.0.46]:25: untrusted issuer /C=US/O=The Go Daddy Group, Inc./OU=Go Daddy Class 2 Certification Authority
Apr  1 08:08:32 vps305 postfix/smtp[26533]: 07D922A1CAD: to=<emmishop@host60.example.com>, relay=chbeemfm01.host60.example.com[10.0.0.54]:25, delay=0.34, delays=0.03/0/0.2/0.11, dsn=2.0.0, status=sent (250 2.0.0 s3168W0C029062-s3168W0E029062 Message accepted for delivery)
Apr  1 08:08:32 vps305 postfix/qmgr[1268]: 07D922A1CAD: removed
Apr  1 08:08:33 vps305 postfix/smtp[26515]: 0CCB82A1CB2: to=<luzern@host7.example.com>, relay=mail.host7.example.com[10.0.0.46]:25, delay=1.3, delays=0.01/0/0.3/1, dsn=2.6.0, status=sent (250 2.6.0 <20140401060832.0CCB82A1CB2@vps305.host223.example.com> [InternalId=59530] Queued mail for delivery)
Apr  1 08:08:33 vps305 postfix/qmgr[1268]: 0CCB82A1CB2: removed
Apr  1 08:08:40 vps305 postfix/smtp[26529]: 0ED802A1CB3: to=<project-backup@host223.example.com>, relay=mailcleaner.host223.example.com[10.0.0.173]:25, delay=8.1, delays=0.01/0/0.03/8, dsn=2.0.0, status=sent (250 OK id=1WUrs8-0006Tc-6K)
Apr  1 08:08:40 vps305 postfix/qmgr[1268]: 0ED802A1CB3: removed
Apr  1 08:08:40 vps305 postfix/smtp[26535]: 0A1002A1CB1: to=<project-backup@host223.example.com>, relay=mailcleaner.host223.example.com[10.0.0.173]:25, delay=8.9, delays=0.01/0/0.03/8.8, dsn=2.0.0, status=sent (250 OK id=1WUrs8-0006Tb-5l)
Apr  1 08:08:40 vps305 postfix/qmgr[1268]: 0A1002A1CB1: removed
Apr  1 08:08:43 vps305 postfix/pickup[25390]: 62D5D2A1CAD: uid=30 from=<project-backup@host223.example.com>
Apr  1 08:08:43 vps305 postfix/cleanup[26510]: 62D5D2A1CAD: message-id=<20140401060843.62D5D2A1CAD@vps305.host223.example.com>
Apr  1 08:08:43 vps305 postfix/qmgr[1268]: 62D5D2A1CAD: from=<project-backup@host223.example.com>, size=25285, nrcpt=1 (queue active)
Apr  1 08:08:43 vps305 postfix/pickup[25390]: 64D412A1CB1: uid=30 from=<project-backup@host223.example.com>
Apr  1 08:08:43 vps305 postfix/cleanup[26510]: 64D412A1CB1: message-id=<20140401060843.64D412A1CB1@vps305.host223.example.com>
Apr  1 08:08:43 vps305 postfix/qmgr[1268]: 64D412A1CB1: from=<project-backup@host223.example.com>, size=25295, nrcpt=1 (queue active)
Apr  1 08:08:43 vps305 postfix/pickup[25390]: 67C762A1CB2: uid=30 from=<project-backup@host223.example.com>
Apr  1 08:08:43 vps305 postfix/cleanup[26510]: 67C762A1CB2: message-id=<20140401060843.67C762A1CB2@vps305.host223.example.com>
Apr  1 08:08:43 vps305 postfix/qmgr[1268]: 67C762A1CB2: from=<project-backup@host223.example.com>, size=23373, nrcpt=1 (queue active)
Apr  1 08:08:43 vps305 postfix/pickup[25390]: 6A3852A1CB3: uid=30 from=<project-backup@host223.example.com>
Apr  1 08:08:43 vps305 postfix/cleanup[26510]: 6A3852A1CB3: message-id=<20140401060843.6A3852A1CB3@vps305.host223.example.com>
Apr  1 08:08:43 vps305 postfix/qmgr[1268]: 6A3852A1CB3: from=<project-backup@host223.example.com>, size=23359, nrcpt=1 (queue active)
Apr  1 08:08:43 vps305 postfix/smtp[26517]: certificate verification failed for mail.host7.example.com[10.0.0.46]:25: untrusted issuer /C=US/O=The Go Daddy Group, Inc./OU=Go Daddy Class 2 Certification Authority
Apr  1 08:08:43 vps305 postfix/smtp[26527]: 62D5D2A1CAD: to=<WolfD@host20.example.com>, relay=mail21.host47.example.com[10.0.0.48]:25, delay=0.27, delays=0.02/0/0.15/0.11, dsn=2.0.0, status=sent (250 ok:  Message 173031366 accepted)
Apr  1 08:08:43 vps305 postfix/qmgr[1268]: 62D5D2A1CAD: removed
Apr  1 08:08:43 vps305 postfix/smtp[26520]: 64D412A1CB1: to=<project-backup@host223.example.com>, relay=mailcleaner.host223.example.com[10.0.0.173]:25, delay=0.58, delays=0.01/0/0.03/0.54, dsn=2.0.0, status=sent (250 OK id=1WUrsJ-0006U9-Hi)
Apr  1 08:08:43 vps305 postfix/qmgr[1268]: 64D412A1CB1: removed
Apr  1 08:08:44 vps305 postfix/smtp[26522]: 6A3852A1CB3: to=<project-backup@host223.example.com>, relay=mailcleaner.host223.example.com[10.0.0.173]:25, delay=0.7, delays=0.01/0/0.03/0.66, dsn=2.0.0, status=sent (250 OK id=1WUrsJ-0006UA-IO)
Apr  1 08:08:44 vps305 postfix/qmgr[1268]: 6A3852A1CB3: removed
Apr  1 08:08:44 vps305 postfix/smtp[26517]: 67C762A1CB2: to=<vevey@host7.example.com>, relay=mail.host7.example.com[10.0.0.46]:25, delay=1.1, delays=0.01/0/0.36/0.73, dsn=2.6.0, status=sent (250 2.6.0 <20140401060843.67C762A1CB2@vps305.host223.example.com> [InternalId=59532] Queued mail for delivery)
Apr  1 08:08:44 vps305 postfix/qmgr[1268]: 67C762A1CB2: removed
Apr  1 08:08:46 vps305 postfix/pickup[25390]: 15B1D2A1CAD: uid=30 from=<project-backup@host223.example.com>
Apr  1 08:08:46 vps305 postfix/cleanup[26510]: 15B1D2A1CAD: message-id=<20140401060846.15B1D2A1CAD@vps305.host223.example.com>
Apr  1 08:08:46 vps305 postfix/qmgr[1268]: 15B1D2A1CAD: from=<project-backup@host223.example.com>, size=14523, nrcpt=1 (queue active)
Apr  1 08:08:46 vps305 postfix/pickup[25390]: 17A242A1CB1: uid=30 from=<project-backup@host223.example.com>
Apr  1 08:08:46 vps305 postfix/cleanup[26510]: 17A242A1CB1: message-id=<20140401060846.17A242A1CB1@vps305.host223.example.com>
Apr  1 08:08:46 vps305 postfix/qmgr[1268]: 17A242A1CB1: from=<project-backup@host223.example.com>, size=14527, nrcpt=1 (queue active)
Apr  1 08:08:46 vps305 postfix/pickup[25390]: 1A1D82A1CB2: uid=30 from=<project-backup@host223.example.com>
Apr  1 08:08:46 vps305 postfix/cleanup[26510]: 1A1D82A1CB2: message-id=<20140401060846.1A1D82A1CB2@vps305.host223.example.com>
Apr  1 08:08:46 vps305 postfix/qmgr[1268]: 1A1D82A1CB2: from=<project-backup@host223.example.com>, size=11534, nrcpt=1 (queue active)
Apr  1 08:08:46 vps305 postfix/pickup[25390]: 1C9262A1CB3: uid=30 from=<project-backup@host223.example.com>
Apr  1 08:08:46 vps305 postfix/cleanup[26510]: 1C9262A1CB3: message-id=<20140401060846.1C9262A1CB3@vps305.host223.example.com>
Apr  1 08:08:46 vps305 postfix/qmgr[1268]: 1C9262A1CB3: from=<project-backup@host223.example.com>, size=11520, nrcpt=1 (queue active)
Apr  1 08:08:46 vps305 postfix/smtp[26515]: connect to gmail-smtp-in.l.domain13.example.org[2a00:1450:4013:c01::1b]:25: Cannot assign requested address
Apr  1 08:08:46 vps305 postfix/smtp[26515]: certificate verification failed for gmail-smtp-in.l.domain13.example.org[10.0.0.203]:25: untrusted issuer /C=US/O=Equifax/OU=Equifax Secure Certificate Authority
Apr  1 08:08:46 vps305 postfix/smtp[26535]: 15B1D2A1CAD: to=<callcenter@host101.example.com>, relay=smtp1.host101.example.com[10.0.0.50]:25, delay=0.23, delays=0.01/0/0.11/0.1, dsn=2.0.0, status=sent (250 2.0.0 Ok: queued as BCB5D2956F)
Apr  1 08:08:46 vps305 postfix/qmgr[1268]: 15B1D2A1CAD: removed
Apr  1 08:08:46 vps305 postfix/smtp[26527]: 1C9262A1CB3: to=<project-backup@host223.example.com>, relay=mailcleaner.host223.example.com[10.0.0.173]:25, delay=0.51, delays=0.01/0/0.03/0.48, dsn=2.0.0, status=sent (250 OK id=1WUrsM-0006UU-86)
Apr  1 08:08:46 vps305 postfix/qmgr[1268]: 1C9262A1CB3: removed
Apr  1 08:08:46 vps305 postfix/smtp[26533]: 17A242A1CB1: to=<project-backup@host223.example.com>, relay=mailcleaner.host223.example.com[10.0.0.173]:25, delay=0.64, delays=0.01/0/0.03/0.6, dsn=2.0.0, status=sent (250 OK id=1WUrsM-0006UT-7W)
Apr  1 08:08:46 vps305 postfix/qmgr[1268]: 17A242A1CB1: removed
Apr  1 08:08:46 vps305 postfix/smtp[26515]: 1A1D82A1CB2: to=<milliways.cafe@domain10.example.org>, relay=gmail-smtp-in.l.domain13.example.org[10.0.0.203]:25, delay=0.67, delays=0.01/0/0.16/0.51, dsn=2.0.0, status=sent (250 2.0.0 OK 1396332526 u5si26381304een.53 - gsmtp)
Apr  1 08:08:46 vps305 postfix/qmgr[1268]: 1A1D82A1CB2: removed
Apr  1 08:09:58 vps305 postfix/pickup[25390]: 758702A1CAD: uid=30 from=<project-backup@host223.example.com>
Apr  1 08:09:58 vps305 postfix/cleanup[26510]: 758702A1CAD: message-id=<20140401060958.758702A1CAD@vps305.host223.example.com>
Apr  1 08:09:58 vps305 postfix/qmgr[1268]: 758702A1CAD: from=<project-backup@host223.example.com>, size=91214, nrcpt=1 (queue active)
Apr  1 08:09:58 vps305 postfix/pickup[25390]: 77BD02A1CB1: uid=30 from=<project-backup@host223.example.com>
Apr  1 08:09:58 vps305 postfix/cleanup[26510]: 77BD02A1CB1: message-id=<20140401060958.77BD02A1CB1@vps305.host223.example.com>
Apr  1 08:09:58 vps305 postfix/qmgr[1268]: 77BD02A1CB1: from=<project-backup@host223.example.com>, size=91221, nrcpt=1 (queue active)
Apr  1 08:09:58 vps305 postfix/pickup[25390]: 7AFB82A1CB2: uid=30 from=<project-backup@host223.example.com>
Apr  1 08:09:58 vps305 postfix/cleanup[26510]: 7AFB82A1CB2: message-id=<20140401060958.7AFB82A1CB2@vps305.host223.example.com>
Apr  1 08:09:58 vps305 postfix/qmgr[1268]: 7AFB82A1CB2: from=<project-backup@host223.example.com>, size=92842, nrcpt=1 (queue active)
Apr  1 08:09:58 vps305 postfix/pickup[25390]: 7D2742A1CB3: uid=30 from=<project-backup@host223.example.com>
Apr  1 08:09:58 vps305 postfix/cleanup[26510]: 7D2742A1CB3: message-id=<20140401060958.7D2742A1CB3@vps305.host223.example.com>
Apr  1 08:09:58 vps305 postfix/qmgr[1268]: 7D2742A1CB3: from=<project-backup@host223.example.com>, size=92828, nrcpt=1 (queue active)
Apr  1 08:09:58 vps305 postfix/smtp[26517]: certificate verification failed for chbeemfm02.host60.example.com[10.0.0.55]:25: untrusted issuer /C=CH/ST=LU/L=Luzern/OU=IT Support/O=Emmi Schweiz AG/emailAddress=ic-hotline-luzern@host60.example.com/CN=EMMI ROOT CA V04
Apr  1 08:09:58 vps305 postfix/smtp[26535]: certificate verification failed for mail.host7.example.com[10.0.0.46]:25: untrusted issuer /C=US/O=The Go Daddy Group, Inc./OU=Go Daddy Class 2 Certification Authority
Apr  1 08:09:58 vps305 postfix/smtp[26517]: 758702A1CAD: to=<emmishop@host60.example.com>, relay=chbeemfm02.host60.example.com[10.0.0.55]:25, delay=0.35, delays=0.02/0/0.2/0.13, dsn=2.0.0, status=sent (250 2.0.0 s3169wV9023438-s3169wVB023438 Message accepted for delivery)
Apr  1 08:09:58 vps305 postfix/qmgr[1268]: 758702A1CAD: removed
Apr  1 08:09:59 vps305 postfix/smtp[26522]: 77BD02A1CB1: to=<project-backup@host223.example.com>, relay=mailcleaner.host223.example.com[10.0.0.173]:25, delay=0.64, delays=0.01/0/0.03/0.6, dsn=2.0.0, status=sent (250 OK id=1WUrtW-0006Vm-MN)
Apr  1 08:09:59 vps305 postfix/qmgr[1268]: 77BD02A1CB1: removed
Apr  1 08:09:59 vps305 postfix/smtp[26533]: 7D2742A1CB3: to=<project-backup@host223.example.com>, relay=mailcleaner.host223.example.com[10.0.0.173]:25, delay=1, delays=0.01/0/0.03/0.98, dsn=2.0.0, status=sent (250 OK id=1WUrtW-0006Vn-MO)
Apr  1 08:09:59 vps305 postfix/qmgr[1268]: 7D2742A1CB3: removed
Apr  1 08:09:59 vps305 postfix/smtp[26535]: 7AFB82A1CB2: to=<zuerich.enge@host7.example.com>, relay=mail.host7.example.com[10.0.0.46]:25, delay=1.4, delays=0.01/0/0.3/1, dsn=2.6.0, status=sent (250 2.6.0 <20140401060958.7AFB82A1CB2@vps305.host223.example.com> [InternalId=59534] Queued mail for delivery)
Apr  1 08:09:59 vps305 postfix/qmgr[1268]: 7AFB82A1CB2: removed
Apr  1 08:12:01 vps305 postfix/pickup[25390]: 84E862A1CAD: uid=30 from=<project-backup@host223.example.com>
Apr  1 08:12:01 vps305 postfix/cleanup[2385]: 84E862A1CAD: message-id=<20140401061201.84E862A1CAD@vps305.host223.example.com>
Apr  1 08:12:01 vps305 postfix/qmgr[1268]: 84E862A1CAD: from=<project-backup@host223.example.com>, size=27103, nrcpt=1 (queue active)
Apr  1 08:12:01 vps305 postfix/pickup[25390]: 8A2582A1CA9: uid=30 from=<project-backup@host223.example.com>
Apr  1 08:12:01 vps305 postfix/cleanup[2385]: 8A2582A1CA9: message-id=<20140401061201.8A2582A1CA9@vps305.host223.example.com>
Apr  1 08:12:01 vps305 postfix/qmgr[1268]: 8A2582A1CA9: from=<project-backup@host223.example.com>, size=27110, nrcpt=1 (queue active)
Apr  1 08:12:01 vps305 postfix/pickup[25390]: A17212A1CB2: uid=30 from=<project-backup@host223.example.com>
Apr  1 08:12:01 vps305 postfix/cleanup[2385]: A17212A1CB2: message-id=<20140401061201.A17212A1CB2@vps305.host223.example.com>
Apr  1 08:12:01 vps305 postfix/qmgr[1268]: A17212A1CB2: from=<project-backup@host223.example.com>, size=23691, nrcpt=1 (queue active)
Apr  1 08:12:01 vps305 postfix/pickup[25390]: A36FE2A1CB3: uid=30 from=<project-backup@host223.example.com>
Apr  1 08:12:01 vps305 postfix/cleanup[2385]: A36FE2A1CB3: message-id=<20140401061201.A36FE2A1CB3@vps305.host223.example.com>
Apr  1 08:12:01 vps305 postfix/qmgr[1268]: A36FE2A1CB3: from=<project-backup@host223.example.com>, size=23698, nrcpt=1 (queue active)
Apr  1 08:12:01 vps305 postfix/smtp[2389]: certificate verification failed for wall.host16.example.com[10.0.0.178]:25: untrusted issuer /C=US/ST=California/L=Sunnyvale/O=Fortinet/OU=Certificate Authority/CN=support/emailAddress=support@domain8.example.org
Apr  1 08:12:01 vps305 postfix/smtp[2396]: certificate verification failed for mail.host7.example.com[10.0.0.46]:25: untrusted issuer /C=US/O=The Go Daddy Group, Inc./OU=Go Daddy Class 2 Certification Authority
Apr  1 08:12:01 vps305 postfix/pickup[25390]: DA21F2A1CB4: uid=30 from=<project-backup@host223.example.com>
Apr  1 08:12:01 vps305 postfix/cleanup[2385]: DA21F2A1CB4: message-id=<20140401061201.DA21F2A1CB4@vps305.host223.example.com>
Apr  1 08:12:01 vps305 postfix/qmgr[1268]: DA21F2A1CB4: from=<project-backup@host223.example.com>, size=62131, nrcpt=1 (queue active)
Apr  1 08:12:01 vps305 postfix/pickup[25390]: DCCE22A1CB1: uid=30 from=<project-backup@host223.example.com>
Apr  1 08:12:01 vps305 postfix/cleanup[2385]: DCCE22A1CB1: message-id=<20140401061201.DCCE22A1CB1@vps305.host223.example.com>
Apr  1 08:12:01 vps305 postfix/qmgr[1268]: DCCE22A1CB1: from=<project-backup@host223.example.com>, size=62138, nrcpt=1 (queue active)
Apr  1 08:12:02 vps305 postfix/smtp[2404]: certificate verification failed for mail.host7.example.com[10.0.0.46]:25: untrusted issuer /C=US/O=The Go Daddy Group, Inc./OU=Go Daddy Class 2 Certification Authority
Apr  1 08:12:02 vps305 postfix/pickup[25390]: 19B032A1CB6: uid=30 from=<project-backup@host223.example.com>
Apr  1 08:12:02 vps305 postfix/cleanup[2385]: 19B032A1CB6: message-id=<20140401061202.19B032A1CB6@vps305.host223.example.com>
Apr  1 08:12:02 vps305 postfix/qmgr[1268]: 19B032A1CB6: from=<project-backup@host223.example.com>, size=93244, nrcpt=1 (queue active)
Apr  1 08:12:02 vps305 postfix/pickup[25390]: 1C6E52A1CB7: uid=30 from=<project-backup@host223.example.com>
Apr  1 08:12:02 vps305 postfix/cleanup[2385]: 1C6E52A1CB7: message-id=<20140401061202.1C6E52A1CB7@vps305.host223.example.com>
Apr  1 08:12:02 vps305 postfix/qmgr[1268]: 1C6E52A1CB7: from=<project-backup@host223.example.com>, size=93251, nrcpt=1 (queue active)
Apr  1 08:12:02 vps305 postfix/smtp[2398]: A36FE2A1CB3: to=<project-backup@host223.example.com>, relay=mailcleaner.host223.example.com[10.0.0.173]:25, delay=0.5, delays=0.01/0/0.03/0.46, dsn=2.0.0, status=sent (250 OK id=1WUrvV-0006Za-QS)
Apr  1 08:12:02 vps305 postfix/qmgr[1268]: A36FE2A1CB3: removed
Apr  1 08:12:02 vps305 postfix/smtp[2411]: certificate verification failed for mail.host7.example.com[10.0.0.46]:25: untrusted issuer /C=US/O=The Go Daddy Group, Inc./OU=Go Daddy Class 2 Certification Authority
Apr  1 08:12:02 vps305 postfix/smtp[2390]: 8A2582A1CA9: to=<project-backup@host223.example.com>, relay=mailcleaner.host223.example.com[10.0.0.173]:25, delay=0.8, delays=0.03/0/0.05/0.71, dsn=2.0.0, status=sent (250 OK id=1WUrvV-0006ZZ-Nw)
Apr  1 08:12:02 vps305 postfix/qmgr[1268]: 8A2582A1CA9: removed
Apr  1 08:12:02 vps305 postfix/smtp[2396]: A17212A1CB2: to=<vevey@host7.example.com>, relay=mail.host7.example.com[10.0.0.46]:25, delay=1.3, delays=0.01/0/0.29/1, dsn=2.6.0, status=sent (250 2.6.0 <20140401061201.A17212A1CB2@vps305.host223.example.com> [InternalId=59538] Queued mail for delivery)
Apr  1 08:12:02 vps305 postfix/qmgr[1268]: A17212A1CB2: removed
Apr  1 08:12:03 vps305 postfix/smtp[2405]: DCCE22A1CB1: to=<project-backup@host223.example.com>, relay=mailcleaner.host223.example.com[10.0.0.173]:25, delay=1.2, delays=0.01/0/0.03/1.1, dsn=2.0.0, status=sent (250 OK id=1WUrvW-0006Zb-1m)
Apr  1 08:12:03 vps305 postfix/qmgr[1268]: DCCE22A1CB1: removed
Apr  1 08:12:03 vps305 postfix/smtp[2412]: 1C6E52A1CB7: to=<project-backup@host223.example.com>, relay=mailcleaner.host223.example.com[10.0.0.173]:25, delay=1.1, delays=0.01/0/0.03/1, dsn=2.0.0, status=sent (250 OK id=1WUrvW-0006Zc-8T)
Apr  1 08:12:03 vps305 postfix/qmgr[1268]: 1C6E52A1CB7: removed
Apr  1 08:12:03 vps305 postfix/smtp[2404]: DA21F2A1CB4: to=<luzern@host7.example.com>, relay=mail.host7.example.com[10.0.0.46]:25, delay=1.6, delays=0.02/0/0.26/1.3, dsn=2.6.0, status=sent (250 2.6.0 <20140401061201.DA21F2A1CB4@vps305.host223.example.com> [InternalId=59539] Queued mail for delivery)
Apr  1 08:12:03 vps305 postfix/qmgr[1268]: DA21F2A1CB4: removed
Apr  1 08:12:03 vps305 postfix/smtp[2411]: 19B032A1CB6: to=<zuerich.enge@host7.example.com>, relay=mail.host7.example.com[10.0.0.46]:25, delay=1.8, delays=0.02/0/0.3/1.5, dsn=2.6.0, status=sent (250 2.6.0 <20140401061202.19B032A1CB6@vps305.host223.example.com> [InternalId=59540] Queued mail for delivery)
Apr  1 08:12:03 vps305 postfix/qmgr[1268]: 19B032A1CB6: removed
Apr  1 08:12:06 vps305 postfix/smtp[2389]: 84E862A1CAD: to=<r.schluep@host37.example.com>, relay=wall.host16.example.com[10.0.0.178]:25, delay=5.4, delays=0.04/0/0.36/4.9, dsn=2.0.0, status=sent (250 2.0.0 s3178X8r022522-s3178X8t022522 Message accepted for delivery)
Apr  1 08:12:06 vps305 postfix/qmgr[1268]: 84E862A1CAD: removed
Apr  1 08:12:19 vps305 postfix/pickup[25390]: 99DB52A1CAD: uid=30 from=<project-backup@host223.example.com>
Apr  1 08:12:19 vps305 postfix/cleanup[2385]: 99DB52A1CAD: message-id=<20140401061219.99DB52A1CAD@vps305.host223.example.com>
Apr  1 08:12:19 vps305 postfix/qmgr[1268]: 99DB52A1CAD: from=<project-backup@host223.example.com>, size=59026, nrcpt=1 (queue active)
Apr  1 08:12:19 vps305 postfix/pickup[25390]: 9BF662A1CB1: uid=30 from=<project-backup@host223.example.com>
Apr  1 08:12:19 vps305 postfix/cleanup[2385]: 9BF662A1CB1: message-id=<20140401061219.9BF662A1CB1@vps305.host223.example.com>
Apr  1 08:12:19 vps305 postfix/qmgr[1268]: 9BF662A1CB1: from=<project-backup@host223.example.com>, size=59029, nrcpt=1 (queue active)
Apr  1 08:12:19 vps305 postfix/pickup[25390]: 9ED6B2A1CB2: uid=30 from=<project-backup@host223.example.com>
Apr  1 08:12:19 vps305 postfix/cleanup[2385]: 9ED6B2A1CB2: message-id=<20140401061219.9ED6B2A1CB2@vps305.host223.example.com>
Apr  1 08:12:19 vps305 postfix/qmgr[1268]: 9ED6B2A1CB2: from=<project-backup@host223.example.com>, size=58377, nrcpt=1 (queue active)
Apr  1 08:12:19 vps305 postfix/pickup[25390]: A0F922A1C73: uid=30 from=<project-backup@host223.example.com>
Apr  1 08:12:19 vps305 postfix/cleanup[2385]: A0F922A1C73: message-id=<20140401061219.A0F922A1C73@vps305.host223.example.com>
Apr  1 08:12:19 vps305 postfix/qmgr[1268]: A0F922A1C73: from=<project-backup@host223.example.com>, size=58363, nrcpt=1 (queue active)
Apr  1 08:12:20 vps305 postfix/smtp[2389]: 9ED6B2A1CB2: to=<isabelle.vonlanthen@host200.example.com>, relay=mx.host200.example.com[10.0.0.53]:25, delay=0.67, delays=0.01/0/0.28/0.38, dsn=2.0.0, status=sent (250 2.0.0 s316BP9T015757 Message accepted for delivery)
Apr  1 08:12:20 vps305 postfix/qmgr[1268]: 9ED6B2A1CB2: removed
Apr  1 08:12:20 vps305 postfix/smtp[2398]: 99DB52A1CAD: to=<commande@host205.example.com>, relay=edge2.host39.example.com[10.0.0.74]:25, delay=0.95, delays=0.02/0/0.28/0.66, dsn=2.0.0, status=sent (250 2.0.0 s316CJJm023085 Message accepted for delivery)
Apr  1 08:12:20 vps305 postfix/qmgr[1268]: 99DB52A1CAD: removed
Apr  1 08:12:25 vps305 postfix/pickup[25390]: 38EAD2A1CAD: uid=30 from=<project-backup@host223.example.com>
Apr  1 08:12:25 vps305 postfix/cleanup[2385]: 38EAD2A1CAD: message-id=<20140401061225.38EAD2A1CAD@vps305.host223.example.com>
Apr  1 08:12:25 vps305 postfix/qmgr[1268]: 38EAD2A1CAD: from=<project-backup@host223.example.com>, size=72191, nrcpt=1 (queue active)
Apr  1 08:12:25 vps305 postfix/pickup[25390]: 3AEA22A1CA9: uid=30 from=<project-backup@host223.example.com>
Apr  1 08:12:25 vps305 postfix/cleanup[2385]: 3AEA22A1CA9: message-id=<20140401061225.3AEA22A1CA9@vps305.host223.example.com>
Apr  1 08:12:25 vps305 postfix/qmgr[1268]: 3AEA22A1CA9: from=<project-backup@host223.example.com>, size=72198, nrcpt=1 (queue active)
Apr  1 08:12:25 vps305 postfix/smtp[2404]: certificate verification failed for treffpunkt-host53.example.com[10.0.0.100]:25: untrusted issuer /C=CH/ST=NE/O=TiZoo Sarl/OU=TiZoo Hosting/CN=TiZoo Sarl/emailAddress=ssl@domain40.example.org
Apr  1 08:12:28 vps305 postfix/smtp[2404]: 38EAD2A1CAD: to=<susch@treffpunkt-host53.example.com>, relay=treffpunkt-host53.example.com[10.0.0.100]:25, delay=3.1, delays=0.02/0/0.37/2.7, dsn=2.0.0, status=sent (250 OK id=1WUrvu-0001yb-72)
Apr  1 08:12:28 vps305 postfix/qmgr[1268]: 38EAD2A1CAD: removed
Apr  1 08:12:29 vps305 postfix/smtp[2411]: 3AEA22A1CA9: to=<project-backup@host223.example.com>, relay=mailcleaner.host223.example.com[10.0.0.173]:25, delay=4.1, delays=0.01/0/0.03/4.1, dsn=2.0.0, status=sent (250 OK id=1WUrvt-0006ai-CP)
Apr  1 08:12:29 vps305 postfix/qmgr[1268]: 3AEA22A1CA9: removed
Apr  1 08:12:30 vps305 postfix/smtp[2396]: A0F922A1C73: to=<project-backup@host223.example.com>, relay=mailcleaner.host223.example.com[10.0.0.173]:25, delay=11, delays=0.01/0/0.03/11, dsn=2.0.0, status=sent (250 OK id=1WUrvn-0006ah-Pq)
Apr  1 08:12:30 vps305 postfix/qmgr[1268]: A0F922A1C73: removed
Apr  1 08:12:39 vps305 postfix/smtp[2390]: 9BF662A1CB1: to=<project-backup@host223.example.com>, relay=mailcleaner.host223.example.com[10.0.0.173]:25, delay=20, delays=0.01/0/0.03/20, dsn=2.0.0, status=sent (250 OK id=1WUrvn-0006ag-PE)
Apr  1 08:12:39 vps305 postfix/qmgr[1268]: 9BF662A1CB1: removed
Apr  1 08:13:10 vps305 postfix/pickup[25390]: A8BF62A1CAD: uid=30 from=<project-backup@host223.example.com>
Apr  1 08:13:10 vps305 postfix/cleanup[2385]: A8BF62A1CAD: message-id=<20140401061310.A8BF62A1CAD@vps305.host223.example.com>
Apr  1 08:13:10 vps305 postfix/qmgr[1268]: A8BF62A1CAD: from=<project-backup@host223.example.com>, size=21499, nrcpt=1 (queue active)
Apr  1 08:13:10 vps305 postfix/pickup[25390]: AAAF22A1CB1: uid=30 from=<project-backup@host223.example.com>
Apr  1 08:13:10 vps305 postfix/cleanup[2385]: AAAF22A1CB1: message-id=<20140401061310.AAAF22A1CB1@vps305.host223.example.com>
Apr  1 08:13:10 vps305 postfix/qmgr[1268]: AAAF22A1CB1: from=<project-backup@host223.example.com>, size=21505, nrcpt=1 (queue active)
Apr  1 08:13:10 vps305 postfix/pickup[25390]: ADFCD2A1CB2: uid=30 from=<project-backup@host223.example.com>
Apr  1 08:13:10 vps305 postfix/cleanup[2385]: ADFCD2A1CB2: message-id=<20140401061310.ADFCD2A1CB2@vps305.host223.example.com>
Apr  1 08:13:10 vps305 postfix/qmgr[1268]: ADFCD2A1CB2: from=<project-backup@host223.example.com>, size=19293, nrcpt=1 (queue active)
Apr  1 08:13:10 vps305 postfix/pickup[25390]: AFD2E2A1CB3: uid=30 from=<project-backup@host223.example.com>
Apr  1 08:13:10 vps305 postfix/cleanup[2385]: AFD2E2A1CB3: message-id=<20140401061310.AFD2E2A1CB3@vps305.host223.example.com>
Apr  1 08:13:10 vps305 postfix/qmgr[1268]: AFD2E2A1CB3: from=<project-backup@host223.example.com>, size=19279, nrcpt=1 (queue active)
Apr  1 08:13:10 vps305 postfix/smtp[2405]: certificate verification failed for mx1.mail.host97.example.com[10.0.0.146]:25: untrusted issuer /C=US/O=GeoTrust Inc./CN=GeoTrust Global CA
Apr  1 08:13:10 vps305 postfix/smtp[2398]: certificate verification failed for mail.host7.example.com[10.0.0.46]:25: untrusted issuer /C=US/O=The Go Daddy Group, Inc./OU=Go Daddy Class 2 Certification Authority
Apr  1 08:13:11 vps305 postfix/smtp[2412]: AFD2E2A1CB3: to=<project-backup@host223.example.com>, relay=mailcleaner.host223.example.com[10.0.0.173]:25, delay=0.5, delays=0.01/0/0.03/0.46, dsn=2.0.0, status=sent (250 OK id=1WUrwc-0006cB-Ro)
Apr  1 08:13:11 vps305 postfix/qmgr[1268]: AFD2E2A1CB3: removed
Apr  1 08:13:11 vps305 postfix/smtp[2405]: A8BF62A1CAD: to=<info@host51.example.com>, relay=mx1.mail.host97.example.com[10.0.0.146]:25, delay=0.64, delays=0.02/0/0.27/0.36, dsn=2.0.0, status=sent (250 OK id=1WUrwd-000NYj-7m)
Apr  1 08:13:11 vps305 postfix/qmgr[1268]: A8BF62A1CAD: removed
Apr  1 08:13:11 vps305 postfix/smtp[2404]: AAAF22A1CB1: to=<project-backup@host223.example.com>, relay=mailcleaner.host223.example.com[10.0.0.173]:25, delay=0.73, delays=0.01/0/0.03/0.7, dsn=2.0.0, status=sent (250 OK id=1WUrwc-0006cA-RF)
Apr  1 08:13:11 vps305 postfix/qmgr[1268]: AAAF22A1CB1: removed
Apr  1 08:13:11 vps305 postfix/smtp[2398]: ADFCD2A1CB2: to=<pfaeffikon@host7.example.com>, relay=mail.host7.example.com[10.0.0.46]:25, delay=1, delays=0.01/0/0.29/0.71, dsn=2.6.0, status=sent (250 2.6.0 <20140401061310.ADFCD2A1CB2@vps305.host223.example.com> [InternalId=59541] Queued mail for delivery)
Apr  1 08:13:11 vps305 postfix/qmgr[1268]: ADFCD2A1CB2: removed
Apr  1 08:13:51 vps305 postfix/pickup[25390]: 81A462A1CAD: uid=30 from=<project-backup@host223.example.com>
Apr  1 08:13:51 vps305 postfix/cleanup[2385]: 81A462A1CAD: message-id=<20140401061351.81A462A1CAD@vps305.host223.example.com>
Apr  1 08:13:51 vps305 postfix/qmgr[1268]: 81A462A1CAD: from=<project-backup@host223.example.com>, size=5473, nrcpt=1 (queue active)
Apr  1 08:13:51 vps305 postfix/pickup[25390]: 8466C2A1CB1: uid=30 from=<project-backup@host223.example.com>
Apr  1 08:13:51 vps305 postfix/cleanup[2385]: 8466C2A1CB1: message-id=<20140401061351.8466C2A1CB1@vps305.host223.example.com>
Apr  1 08:13:51 vps305 postfix/qmgr[1268]: 8466C2A1CB1: from=<project-backup@host223.example.com>, size=5470, nrcpt=1 (queue active)
Apr  1 08:13:51 vps305 postfix/pickup[25390]: 865362A1CB2: uid=30 from=<project-backup@host223.example.com>
Apr  1 08:13:51 vps305 postfix/cleanup[2385]: 865362A1CB2: message-id=<20140401061351.865362A1CB2@vps305.host223.example.com>
Apr  1 08:13:51 vps305 postfix/qmgr[1268]: 865362A1CB2: from=<project-backup@host223.example.com>, size=5469, nrcpt=1 (queue active)
Apr  1 08:13:51 vps305 postfix/pickup[25390]: 883272A1CB3: uid=30 from=<project-backup@host223.example.com>
Apr  1 08:13:51 vps305 postfix/cleanup[2385]: 883272A1CB3: message-id=<20140401061351.883272A1CB3@vps305.host223.example.com>
Apr  1 08:13:51 vps305 postfix/qmgr[1268]: 883272A1CB3: from=<project-backup@host223.example.com>, size=5473, nrcpt=1 (queue active)
Apr  1 08:13:52 vps305 postfix/smtp[2396]: 81A462A1CAD: to=<auspensky@host223.example.com>, relay=mailcleaner.host223.example.com[10.0.0.173]:25, delay=0.68, delays=0.02/0/0.03/0.64, dsn=2.0.0, status=sent (250 OK id=1WUrxH-0006dA-Lo)
Apr  1 08:13:52 vps305 postfix/qmgr[1268]: 81A462A1CAD: removed
Apr  1 08:13:52 vps305 postfix/smtp[2404]: 883272A1CB3: to=<vmalakhin@host223.example.com>, relay=mailcleaner.host223.example.com[10.0.0.173]:25, delay=0.86, delays=0.01/0/0.03/0.83, dsn=2.0.0, status=sent (250 OK id=1WUrxH-0006dD-Mm)
Apr  1 08:13:52 vps305 postfix/qmgr[1268]: 883272A1CB3: removed
Apr  1 08:13:52 vps305 postfix/smtp[2390]: 865362A1CB2: to=<vgold@host223.example.com>, relay=mailcleaner.host223.example.com[10.0.0.173]:25, delay=0.96, delays=0/0/0.03/0.93, dsn=2.0.0, status=sent (250 OK id=1WUrxH-0006dC-MM)
Apr  1 08:13:52 vps305 postfix/qmgr[1268]: 865362A1CB2: removed
Apr  1 08:13:57 vps305 postfix/smtp[2411]: 8466C2A1CB1: to=<andrey@host223.example.com>, relay=mailcleaner.host223.example.com[10.0.0.173]:25, delay=5.5, delays=0.01/0/5/0.48, dsn=2.0.0, status=sent (250 OK id=1WUrxM-0006dB-Ly)
Apr  1 08:13:57 vps305 postfix/qmgr[1268]: 8466C2A1CB1: removed
Apr  1 08:16:57 vps305 postfix/pickup[3386]: 1BE162A1CAD: uid=30 from=<project-backup@host223.example.com>
Apr  1 08:16:57 vps305 postfix/cleanup[3392]: 1BE162A1CAD: message-id=<20140401061657.1BE162A1CAD@vps305.host223.example.com>
Apr  1 08:16:57 vps305 postfix/qmgr[1268]: 1BE162A1CAD: from=<project-backup@host223.example.com>, size=21663, nrcpt=1 (queue active)
Apr  1 08:16:57 vps305 postfix/pickup[3386]: 1D3A32A1C73: uid=30 from=<project-backup@host223.example.com>
Apr  1 08:16:57 vps305 postfix/cleanup[3392]: 1D3A32A1C73: message-id=<20140401061657.1D3A32A1C73@vps305.host223.example.com>
Apr  1 08:16:57 vps305 postfix/qmgr[1268]: 1D3A32A1C73: from=<project-backup@host223.example.com>, size=21673, nrcpt=1 (queue active)
Apr  1 08:16:57 vps305 postfix/pickup[3386]: 22BE52A1CB2: uid=30 from=<project-backup@host223.example.com>
Apr  1 08:16:57 vps305 postfix/cleanup[3392]: 22BE52A1CB2: message-id=<20140401061657.22BE52A1CB2@vps305.host223.example.com>
Apr  1 08:16:57 vps305 postfix/qmgr[1268]: 22BE52A1CB2: from=<project-backup@host223.example.com>, size=19521, nrcpt=1 (queue active)
Apr  1 08:16:57 vps305 postfix/pickup[3386]: 24A222A1CB3: uid=30 from=<project-backup@host223.example.com>
Apr  1 08:16:57 vps305 postfix/cleanup[3392]: 24A222A1CB3: message-id=<20140401061657.24A222A1CB3@vps305.host223.example.com>
Apr  1 08:16:57 vps305 postfix/qmgr[1268]: 24A222A1CB3: from=<project-backup@host223.example.com>, size=19507, nrcpt=1 (queue active)
Apr  1 08:16:57 vps305 postfix/smtp[3404]: certificate verification failed for mail.host7.example.com[10.0.0.46]:25: untrusted issuer /C=US/O=The Go Daddy Group, Inc./OU=Go Daddy Class 2 Certification Authority
Apr  1 08:16:58 vps305 postfix/smtp[3404]: 22BE52A1CB2: to=<zuerich.enge@host7.example.com>, relay=mail.host7.example.com[10.0.0.46]:25, delay=1.2, delays=0.02/0/0.3/0.91, dsn=2.6.0, status=sent (250 2.6.0 <20140401061657.22BE52A1CB2@vps305.host223.example.com> [InternalId=59548] Queued mail for delivery)
Apr  1 08:16:58 vps305 postfix/qmgr[1268]: 22BE52A1CB2: removed
Apr  1 08:16:59 vps305 postfix/smtp[3399]: 1BE162A1CAD: to=<WolfD@host20.example.com>, relay=mail21.host47.example.com[10.0.0.48]:25, delay=2.5, delays=0.02/0/2.3/0.13, dsn=2.0.0, status=sent (250 ok:  Message 173032079 accepted)
Apr  1 08:16:59 vps305 postfix/qmgr[1268]: 1BE162A1CAD: removed
Apr  1 08:17:04 vps305 postfix/smtp[3401]: 1D3A32A1C73: to=<project-backup@host223.example.com>, relay=mailcleaner.host223.example.com[10.0.0.173]:25, delay=7.8, delays=0.01/0/0.03/7.8, dsn=2.0.0, status=sent (250 OK id=1WUs0H-0006hP-8l)
Apr  1 08:17:04 vps305 postfix/qmgr[1268]: 1D3A32A1C73: removed
Apr  1 08:17:05 vps305 postfix/smtp[3406]: 24A222A1CB3: to=<project-backup@host223.example.com>, relay=mailcleaner.host223.example.com[10.0.0.173]:25, delay=8, delays=0/0/0.03/8, dsn=2.0.0, status=sent (250 OK id=1WUs0H-0006hQ-9m)
Apr  1 08:17:05 vps305 postfix/qmgr[1268]: 24A222A1CB3: removed
Apr  1 08:17:56 vps305 postfix/pickup[3386]: 789BF2A1CAD: uid=30 from=<project-backup@host223.example.com>
Apr  1 08:17:56 vps305 postfix/cleanup[3392]: 789BF2A1CAD: message-id=<20140401061756.789BF2A1CAD@vps305.host223.example.com>
Apr  1 08:17:56 vps305 postfix/qmgr[1268]: 789BF2A1CAD: from=<project-backup@host223.example.com>, size=28592, nrcpt=1 (queue active)
Apr  1 08:17:56 vps305 postfix/pickup[3386]: 7A9472A1C73: uid=30 from=<project-backup@host223.example.com>
Apr  1 08:17:56 vps305 postfix/cleanup[3392]: 7A9472A1C73: message-id=<20140401061756.7A9472A1C73@vps305.host223.example.com>
Apr  1 08:17:56 vps305 postfix/qmgr[1268]: 7A9472A1C73: from=<project-backup@host223.example.com>, size=28589, nrcpt=1 (queue active)
Apr  1 08:17:56 vps305 postfix/smtp[3404]: certificate verification failed for mail.host7.example.com[10.0.0.46]:25: untrusted issuer /C=US/O=The Go Daddy Group, Inc./OU=Go Daddy Class 2 Certification Authority
Apr  1 08:17:57 vps305 postfix/smtp[3399]: 7A9472A1C73: to=<project-backup@host223.example.com>, relay=mailcleaner.host223.example.com[10.0.0.173]:25, delay=0.53, delays=0.01/0/0.03/0.49, dsn=2.0.0, status=sent (250 OK id=1WUs1E-0006io-Q5)
Apr  1 08:17:57 vps305 postfix/qmgr[1268]: 7A9472A1C73: removed
Apr  1 08:17:58 vps305 postfix/smtp[3404]: 789BF2A1CAD: to=<thun@host7.example.com>, relay=mail.host7.example.com[10.0.0.46]:25, delay=1.5, delays=0.02/0/0.24/1.3, dsn=2.6.0, status=sent (250 2.6.0 <20140401061756.789BF2A1CAD@vps305.host223.example.com> [InternalId=59550] Queued mail for delivery)
Apr  1 08:17:58 vps305 postfix/qmgr[1268]: 789BF2A1CAD: removed
Apr  1 08:18:14 vps305 postfix/pickup[3386]: B043E2A1CAD: uid=30 from=<project-backup@host223.example.com>
Apr  1 08:18:14 vps305 postfix/cleanup[3392]: B043E2A1CAD: message-id=<20140401061814.B043E2A1CAD@vps305.host223.example.com>
Apr  1 08:18:14 vps305 postfix/qmgr[1268]: B043E2A1CAD: from=<project-backup@host223.example.com>, size=87183, nrcpt=1 (queue active)
Apr  1 08:18:14 vps305 postfix/pickup[3386]: B30FD2A1CB1: uid=30 from=<project-backup@host223.example.com>
Apr  1 08:18:14 vps305 postfix/cleanup[3392]: B30FD2A1CB1: message-id=<20140401061814.B30FD2A1CB1@vps305.host223.example.com>
Apr  1 08:18:14 vps305 postfix/qmgr[1268]: B30FD2A1CB1: from=<project-backup@host223.example.com>, size=87180, nrcpt=1 (queue active)
Apr  1 08:18:15 vps305 postfix/smtp[3401]: certificate verification failed for mail.host7.example.com[10.0.0.46]:25: untrusted issuer /C=US/O=The Go Daddy Group, Inc./OU=Go Daddy Class 2 Certification Authority
Apr  1 08:18:16 vps305 postfix/smtp[3401]: B043E2A1CAD: to=<lausanne@host7.example.com>, relay=mail.host7.example.com[10.0.0.46]:25, delay=2, delays=0.01/0/0.76/1.2, dsn=2.6.0, status=sent (250 2.6.0 <20140401061814.B043E2A1CAD@vps305.host223.example.com> [InternalId=59551] Queued mail for delivery)
Apr  1 08:18:16 vps305 postfix/qmgr[1268]: B043E2A1CAD: removed
Apr  1 08:18:22 vps305 postfix/smtp[3406]: B30FD2A1CB1: to=<project-backup@host223.example.com>, relay=mailcleaner.host223.example.com[10.0.0.173]:25, delay=7.4, delays=0.01/0/0.03/7.4, dsn=2.0.0, status=sent (250 OK id=1WUs1W-0006j9-SX)
Apr  1 08:18:22 vps305 postfix/qmgr[1268]: B30FD2A1CB1: removed
Apr  1 08:18:22 vps305 postfix/pickup[3386]: BBA682A1CAD: uid=30 from=<project-backup@host223.example.com>
Apr  1 08:18:22 vps305 postfix/cleanup[3392]: BBA682A1CAD: message-id=<20140401061822.BBA682A1CAD@vps305.host223.example.com>
Apr  1 08:18:22 vps305 postfix/qmgr[1268]: BBA682A1CAD: from=<project-backup@host223.example.com>, size=43863, nrcpt=1 (queue active)
Apr  1 08:18:22 vps305 postfix/pickup[3386]: BDC702A1CB1: uid=30 from=<project-backup@host223.example.com>
Apr  1 08:18:22 vps305 postfix/cleanup[3392]: BDC702A1CB1: message-id=<20140401061822.BDC702A1CB1@vps305.host223.example.com>
Apr  1 08:18:22 vps305 postfix/qmgr[1268]: BDC702A1CB1: from=<project-backup@host223.example.com>, size=43860, nrcpt=1 (queue active)
Apr  1 08:18:22 vps305 postfix/smtp[3404]: certificate verification failed for mail.host7.example.com[10.0.0.46]:25: untrusted issuer /C=US/O=The Go Daddy Group, Inc./OU=Go Daddy Class 2 Certification Authority
Apr  1 08:18:23 vps305 postfix/smtp[3399]: BDC702A1CB1: to=<project-backup@host223.example.com>, relay=mailcleaner.host223.example.com[10.0.0.173]:25, delay=0.49, delays=0.01/0/0.03/0.45, dsn=2.0.0, status=sent (250 OK id=1WUs1e-0006jM-Tu)
Apr  1 08:18:23 vps305 postfix/qmgr[1268]: BDC702A1CB1: removed
Apr  1 08:18:24 vps305 postfix/smtp[3404]: BBA682A1CAD: to=<luzern@host7.example.com>, relay=mail.host7.example.com[10.0.0.46]:25, delay=1.4, delays=0.02/0/0.29/1.1, dsn=2.6.0, status=sent (250 2.6.0 <20140401061822.BBA682A1CAD@vps305.host223.example.com> [InternalId=59552] Queued mail for delivery)
Apr  1 08:18:24 vps305 postfix/qmgr[1268]: BBA682A1CAD: removed
Apr  1 08:23:20 vps305 postfix/pickup[3386]: 11C7C2A1CAD: uid=30 from=<project-backup@host223.example.com>
Apr  1 08:23:20 vps305 postfix/cleanup[11949]: 11C7C2A1CAD: message-id=<20140401062320.11C7C2A1CAD@vps305.host223.example.com>
Apr  1 08:23:20 vps305 postfix/qmgr[1268]: 11C7C2A1CAD: from=<project-backup@host223.example.com>, size=22770, nrcpt=2 (queue active)
Apr  1 08:23:20 vps305 postfix/pickup[3386]: 1306D2A1CA9: uid=30 from=<project-backup@host223.example.com>
Apr  1 08:23:20 vps305 postfix/cleanup[11949]: 1306D2A1CA9: message-id=<20140401062320.1306D2A1CA9@vps305.host223.example.com>
Apr  1 08:23:20 vps305 postfix/qmgr[1268]: 1306D2A1CA9: from=<project-backup@host223.example.com>, size=22767, nrcpt=1 (queue active)
Apr  1 08:23:20 vps305 postfix/smtp[11954]: 11C7C2A1CAD: to=<wahlkost.buero@triemli.zuerihost43.example.com>, relay=mx1.host197.example.com[10.0.0.66]:25, delay=0.37, delays=0.02/0/0.25/0.1, dsn=2.0.0, status=sent (250 ok:  Message 87000137 accepted)
Apr  1 08:23:20 vps305 postfix/smtp[11956]: 1306D2A1CA9: to=<project-backup@host223.example.com>, relay=mailcleaner.host223.example.com[10.0.0.173]:25, delay=0.38, delays=0.01/0.01/0.03/0.34, dsn=2.0.0, status=sent (250 OK id=1WUs6S-0006pU-6U)
Apr  1 08:23:20 vps305 postfix/qmgr[1268]: 1306D2A1CA9: removed
Apr  1 08:23:20 vps305 postfix/smtp[11955]: certificate verification failed for mx-eu.mail.am0.host11.example.net[10.0.0.24]:25: untrusted issuer /C=US/O=DigiCert Inc/OU=www.domain6.example.org/CN=DigiCert High Assurance EV Root CA
Apr  1 08:23:21 vps305 postfix/smtp[11955]: 11C7C2A1CAD: to=<bestellung.lebensmittel@domain7.example.com>, relay=mx-eu.mail.am0.host11.example.net[10.0.0.24]:25, delay=1.3, delays=0.02/0.01/0.58/0.73, dsn=2.0.0, status=sent (250 ok dirdel)
Apr  1 08:23:21 vps305 postfix/qmgr[1268]: 11C7C2A1CAD: removed
Apr  1 08:25:29 vps305 postfix/pickup[3386]: A1C082A1CAD: uid=30 from=<project-backup@host223.example.com>
Apr  1 08:25:29 vps305 postfix/cleanup[12849]: A1C082A1CAD: message-id=<20140401062529.A1C082A1CAD@vps305.host223.example.com>
Apr  1 08:25:29 vps305 postfix/qmgr[1268]: A1C082A1CAD: from=<project-backup@host223.example.com>, size=51595, nrcpt=1 (queue active)
Apr  1 08:25:29 vps305 postfix/pickup[3386]: A6A712A1CA9: uid=30 from=<project-backup@host223.example.com>
